Archive member included to satisfy reference by file (symbol)

/usr/lib/gcc/arm-none-eabi/10.3.1/thumb/v6-m/nofp/libgcc.a(_dvmd_tls.o)
                              CMakeFiles/register.dir/home/tom/Documents/pico/pico-sdk/src/rp2_common/pico_divider/divider.S.obj (__aeabi_idiv0)
/usr/lib/gcc/arm-none-eabi/10.3.1/../../../arm-none-eabi/lib/thumb/v6-m/nofp/libc.a(lib_a-atexit.o)
                              /usr/lib/gcc/arm-none-eabi/10.3.1/../../../arm-none-eabi/lib/thumb/v6-m/nofp/crt0.o (atexit)
/usr/lib/gcc/arm-none-eabi/10.3.1/../../../arm-none-eabi/lib/thumb/v6-m/nofp/libc.a(lib_a-calloc.o)
                              CMakeFiles/register.dir/home/tom/Documents/pico/pico-sdk/src/rp2_common/pico_malloc/pico_malloc.c.obj (calloc)
/usr/lib/gcc/arm-none-eabi/10.3.1/../../../arm-none-eabi/lib/thumb/v6-m/nofp/libc.a(lib_a-callocr.o)
                              /usr/lib/gcc/arm-none-eabi/10.3.1/../../../arm-none-eabi/lib/thumb/v6-m/nofp/libc.a(lib_a-calloc.o) (_calloc_r)
/usr/lib/gcc/arm-none-eabi/10.3.1/../../../arm-none-eabi/lib/thumb/v6-m/nofp/libc.a(lib_a-ctype_.o)
                              CMakeFiles/register.dir/lab2b_register.c.obj (_ctype_)
/usr/lib/gcc/arm-none-eabi/10.3.1/../../../arm-none-eabi/lib/thumb/v6-m/nofp/libc.a(lib_a-fini.o)
                              /usr/lib/gcc/arm-none-eabi/10.3.1/../../../arm-none-eabi/lib/thumb/v6-m/nofp/crt0.o (__libc_fini_array)
/usr/lib/gcc/arm-none-eabi/10.3.1/../../../arm-none-eabi/lib/thumb/v6-m/nofp/libc.a(lib_a-impure.o)
                              /usr/lib/gcc/arm-none-eabi/10.3.1/../../../arm-none-eabi/lib/thumb/v6-m/nofp/libc.a(lib_a-calloc.o) (_impure_ptr)
/usr/lib/gcc/arm-none-eabi/10.3.1/../../../arm-none-eabi/lib/thumb/v6-m/nofp/libc.a(lib_a-init.o)
                              /usr/lib/gcc/arm-none-eabi/10.3.1/../../../arm-none-eabi/lib/thumb/v6-m/nofp/crt0.o (__libc_init_array)
/usr/lib/gcc/arm-none-eabi/10.3.1/../../../arm-none-eabi/lib/thumb/v6-m/nofp/libc.a(lib_a-malloc.o)
                              CMakeFiles/register.dir/home/tom/Documents/pico/pico-sdk/src/rp2_common/pico_malloc/pico_malloc.c.obj (malloc)
/usr/lib/gcc/arm-none-eabi/10.3.1/../../../arm-none-eabi/lib/thumb/v6-m/nofp/libc.a(lib_a-mallocr.o)
                              /usr/lib/gcc/arm-none-eabi/10.3.1/../../../arm-none-eabi/lib/thumb/v6-m/nofp/libc.a(lib_a-callocr.o) (_malloc_r)
/usr/lib/gcc/arm-none-eabi/10.3.1/../../../arm-none-eabi/lib/thumb/v6-m/nofp/libc.a(lib_a-mlock.o)
                              /usr/lib/gcc/arm-none-eabi/10.3.1/../../../arm-none-eabi/lib/thumb/v6-m/nofp/libc.a(lib_a-mallocr.o) (__malloc_lock)
/usr/lib/gcc/arm-none-eabi/10.3.1/../../../arm-none-eabi/lib/thumb/v6-m/nofp/libc.a(lib_a-realloc.o)
                              CMakeFiles/register.dir/home/tom/Documents/pico/pico-sdk/src/rp2_common/pico_malloc/pico_malloc.c.obj (realloc)
/usr/lib/gcc/arm-none-eabi/10.3.1/../../../arm-none-eabi/lib/thumb/v6-m/nofp/libc.a(lib_a-reallocr.o)
                              /usr/lib/gcc/arm-none-eabi/10.3.1/../../../arm-none-eabi/lib/thumb/v6-m/nofp/libc.a(lib_a-realloc.o) (_realloc_r)
/usr/lib/gcc/arm-none-eabi/10.3.1/../../../arm-none-eabi/lib/thumb/v6-m/nofp/libc.a(lib_a-sbrkr.o)
                              /usr/lib/gcc/arm-none-eabi/10.3.1/../../../arm-none-eabi/lib/thumb/v6-m/nofp/libc.a(lib_a-mallocr.o) (_sbrk_r)
/usr/lib/gcc/arm-none-eabi/10.3.1/../../../arm-none-eabi/lib/thumb/v6-m/nofp/libc.a(lib_a-strlen-stub.o)
                              CMakeFiles/register.dir/home/tom/Documents/pico/pico-sdk/src/rp2_common/pico_stdio/stdio.c.obj (strlen)
/usr/lib/gcc/arm-none-eabi/10.3.1/../../../arm-none-eabi/lib/thumb/v6-m/nofp/libc.a(lib_a-strtol.o)
                              CMakeFiles/register.dir/lab2b_register.c.obj (strtol)
/usr/lib/gcc/arm-none-eabi/10.3.1/../../../arm-none-eabi/lib/thumb/v6-m/nofp/libc.a(lib_a-__atexit.o)
                              /usr/lib/gcc/arm-none-eabi/10.3.1/../../../arm-none-eabi/lib/thumb/v6-m/nofp/libc.a(lib_a-atexit.o) (__register_exitproc)
/usr/lib/gcc/arm-none-eabi/10.3.1/../../../arm-none-eabi/lib/thumb/v6-m/nofp/libc.a(lib_a-errno.o)
                              /usr/lib/gcc/arm-none-eabi/10.3.1/../../../arm-none-eabi/lib/thumb/v6-m/nofp/libc.a(lib_a-strtol.o) (__errno)
/usr/lib/gcc/arm-none-eabi/10.3.1/../../../arm-none-eabi/lib/thumb/v6-m/nofp/libc.a(lib_a-freer.o)
                              /usr/lib/gcc/arm-none-eabi/10.3.1/../../../arm-none-eabi/lib/thumb/v6-m/nofp/libc.a(lib_a-malloc.o) (_free_r)
/usr/lib/gcc/arm-none-eabi/10.3.1/../../../arm-none-eabi/lib/thumb/v6-m/nofp/libc.a(lib_a-memmove.o)
                              /usr/lib/gcc/arm-none-eabi/10.3.1/../../../arm-none-eabi/lib/thumb/v6-m/nofp/libc.a(lib_a-reallocr.o) (memmove)
/usr/lib/gcc/arm-none-eabi/10.3.1/../../../arm-none-eabi/lib/thumb/v6-m/nofp/libc.a(lib_a-reent.o)
                              /usr/lib/gcc/arm-none-eabi/10.3.1/../../../arm-none-eabi/lib/thumb/v6-m/nofp/libc.a(lib_a-sbrkr.o) (errno)

Discarded input sections
[...]
Memory Configuration

Name             Origin             Length             Attributes
FLASH            0x0000000010000000 0x0000000000200000 xr
RAM              0x0000000020000000 0x0000000000040000 xrw
SCRATCH_X        0x0000000020040000 0x0000000000001000 xrw
SCRATCH_Y        0x0000000020041000 0x0000000000001000 xrw
*default*        0x0000000000000000 0xffffffffffffffff

Linker script and memory map

LOAD /usr/lib/gcc/arm-none-eabi/10.3.1/thumb/v6-m/nofp/crti.o
LOAD /usr/lib/gcc/arm-none-eabi/10.3.1/thumb/v6-m/nofp/crtbegin.o
LOAD /usr/lib/gcc/arm-none-eabi/10.3.1/../../../arm-none-eabi/lib/thumb/v6-m/nofp/crt0.o

.flash_begin    0x0000000010000000        0x0
                0x0000000010000000                __flash_binary_start = .

.boot2          0x0000000010000000      0x100
                0x0000000010000000                __boot2_start__ = .
 *(.boot2)
 .boot2         0x0000000010000000      0x100 /tmp/cckInOxR.o
                0x0000000010000100                __boot2_end__ = .
                0x0000000000000001                ASSERT (((__boot2_end__ - __boot2_start__) == 0x100), ERROR: Pico second stage bootloader must be 256 bytes in size)

.text           0x0000000010000100     0x75f0
                0x0000000010000100                __logical_binary_start = .
 *(.vectors)
 .vectors       0x0000000010000100       0xd4 CMakeFiles/register.dir/home/tom/Documents/pico/pico-sdk/src/rp2_common/pico_standard_link/crt0.S.obj
                0x0000000010000100                __vectors
                0x0000000010000100                __VECTOR_TABLE
                0x00000000100001c0                isr_invalid
                0x00000000100001c0                __default_isrs_start
                0x00000000100001c2                isr_nmi
                0x00000000100001c4                isr_hardfault
                0x00000000100001c6                isr_svcall
                0x00000000100001c8                isr_pendsv
                0x00000000100001ca                isr_systick
                0x00000000100001cc                isr_irq30
                0x00000000100001cc                __unhandled_user_irq
                0x00000000100001cc                isr_irq13
                0x00000000100001cc                isr_irq27
                0x00000000100001cc                isr_irq31
                0x00000000100001cc                isr_irq5
                0x00000000100001cc                isr_irq11
                0x00000000100001cc                isr_irq23
                0x00000000100001cc                isr_irq18
                0x00000000100001cc                isr_irq28
                0x00000000100001cc                isr_irq19
                0x00000000100001cc                isr_irq0
                0x00000000100001cc                isr_irq6
                0x00000000100001cc                isr_irq22
                0x00000000100001cc                isr_irq17
                0x00000000100001cc                isr_irq14
                0x00000000100001cc                isr_irq2
                0x00000000100001cc                isr_irq10
                0x00000000100001cc                isr_irq8
                0x00000000100001cc                isr_irq24
                0x00000000100001cc                isr_irq1
                0x00000000100001cc                isr_irq7
                0x00000000100001cc                isr_irq21
                0x00000000100001cc                isr_irq20
                0x00000000100001cc                isr_irq15
                0x00000000100001cc                isr_irq25
                0x00000000100001cc                isr_irq4
                0x00000000100001cc                isr_irq16
                0x00000000100001cc                isr_irq29
                0x00000000100001cc                isr_irq26
                0x00000000100001cc                __default_isrs_end
                0x00000000100001cc                isr_irq3
                0x00000000100001cc                isr_irq12
                0x00000000100001cc                isr_irq9
                0x00000000100001d2                unhandled_user_irq_num_in_r0
 *(.binary_info_header)
 .binary_info_header
                0x00000000100001d4       0x14 CMakeFiles/register.dir/home/tom/Documents/pico/pico-sdk/src/rp2_common/pico_standard_link/crt0.S.obj
                0x00000000100001e8                __binary_info_header_end = .
 *(.reset)
 .reset         0x00000000100001e8       0xa8 CMakeFiles/register.dir/home/tom/Documents/pico/pico-sdk/src/rp2_common/pico_standard_link/crt0.S.obj
                0x00000000100001e8                _entry_point
                0x0000000010000266                __get_current_exception
 .reset         0x0000000010000290       0x30 CMakeFiles/register.dir/home/tom/Documents/pico/pico-sdk/src/rp2_common/pico_standard_link/binary_info.c.obj
 *(.init)
 .init          0x00000000100002c0        0x4 /usr/lib/gcc/arm-none-eabi/10.3.1/thumb/v6-m/nofp/crti.o
                0x00000000100002c0                _init
 *(EXCLUDE_FILE(*libm.a: *libc.a:*lib_a-mem*.o *libgcc.a:) .text*)
 .text          0x00000000100002c4       0x98 /usr/lib/gcc/arm-none-eabi/10.3.1/thumb/v6-m/nofp/crtbegin.o
 .text.startup.main
                0x000000001000035c      0x170 CMakeFiles/register.dir/lab2b_register.c.obj
                0x000000001000035c                main
 .text.gpio_set_function
                0x00000000100004cc       0x30 CMakeFiles/register.dir/home/tom/Documents/pico/pico-sdk/src/rp2_common/hardware_gpio/gpio.c.obj
                0x00000000100004cc                gpio_set_function
 .text.gpio_init
                0x00000000100004fc       0x3c CMakeFiles/register.dir/home/tom/Documents/pico/pico-sdk/src/rp2_common/hardware_gpio/gpio.c.obj
                0x00000000100004fc                gpio_init
 .text.hw_claim_or_assert
                0x0000000010000538       0x44 CMakeFiles/register.dir/home/tom/Documents/pico/pico-sdk/src/rp2_common/hardware_claim/claim.c.obj
                0x0000000010000538                hw_claim_or_assert
 .text.hw_claim_unused_from_range
                0x000000001000057c       0x9c CMakeFiles/register.dir/home/tom/Documents/pico/pico-sdk/src/rp2_common/hardware_claim/claim.c.obj
                0x000000001000057c                hw_claim_unused_from_range
 .text.running_on_fpga
                0x0000000010000618       0x10 CMakeFiles/register.dir/home/tom/Documents/pico/pico-sdk/src/rp2_common/pico_platform/platform.c.obj
                0x0000000010000618                running_on_fpga
 .text.spin_locks_reset
                0x0000000010000628       0x1c CMakeFiles/register.dir/home/tom/Documents/pico/pico-sdk/src/rp2_common/hardware_sync/sync.c.obj
                0x0000000010000628                spin_locks_reset
 .text.next_striped_spin_lock_num
                0x0000000010000644       0x18 CMakeFiles/register.dir/home/tom/Documents/pico/pico-sdk/src/rp2_common/hardware_sync/sync.c.obj
                0x0000000010000644                next_striped_spin_lock_num
 .text.spin_lock_claim_unused
                0x000000001000065c       0x20 CMakeFiles/register.dir/home/tom/Documents/pico/pico-sdk/src/rp2_common/hardware_sync/sync.c.obj
                0x000000001000065c                spin_lock_claim_unused
 .text.irq_set_enabled
                0x000000001000067c       0x24 CMakeFiles/register.dir/home/tom/Documents/pico/pico-sdk/src/rp2_common/hardware_irq/irq.c.obj
                0x000000001000067c                irq_set_enabled
 .text.irq_set_pending
                0x00000000100006a0       0x10 CMakeFiles/register.dir/home/tom/Documents/pico/pico-sdk/src/rp2_common/hardware_irq/irq.c.obj
                0x00000000100006a0                irq_set_pending
 .text.irq_has_shared_handler
                0x00000000100006b0       0x2c CMakeFiles/register.dir/home/tom/Documents/pico/pico-sdk/src/rp2_common/hardware_irq/irq.c.obj
                0x00000000100006b0                irq_has_shared_handler
 .text.irq_get_vtable_handler
                0x00000000100006dc       0x10 CMakeFiles/register.dir/home/tom/Documents/pico/pico-sdk/src/rp2_common/hardware_irq/irq.c.obj
                0x00000000100006dc                irq_get_vtable_handler
 .text.irq_set_exclusive_handler
                0x00000000100006ec       0x54 CMakeFiles/register.dir/home/tom/Documents/pico/pico-sdk/src/rp2_common/hardware_irq/irq.c.obj
                0x00000000100006ec                irq_set_exclusive_handler
 .text.irq_add_shared_handler
                0x0000000010000740      0x1e4 CMakeFiles/register.dir/home/tom/Documents/pico/pico-sdk/src/rp2_common/hardware_irq/irq.c.obj
                0x0000000010000740                irq_add_shared_handler
 .text.irq_remove_handler
                0x0000000010000924      0x1b4 CMakeFiles/register.dir/home/tom/Documents/pico/pico-sdk/src/rp2_common/hardware_irq/irq.c.obj
                0x0000000010000924                irq_remove_handler
 .text.irq_add_tail_to_free_list
                0x0000000010000ad8       0xb4 CMakeFiles/register.dir/home/tom/Documents/pico/pico-sdk/src/rp2_common/hardware_irq/irq.c.obj
                0x0000000010000ad8                irq_add_tail_to_free_list
 .text.irq_init_priorities
                0x0000000010000b8c       0x24 CMakeFiles/register.dir/home/tom/Documents/pico/pico-sdk/src/rp2_common/hardware_irq/irq.c.obj
                0x0000000010000b8c                irq_init_priorities
 .text.user_irq_claim_unused
                0x0000000010000bb0       0x30 CMakeFiles/register.dir/home/tom/Documents/pico/pico-sdk/src/rp2_common/hardware_irq/irq.c.obj
                0x0000000010000bb0                user_irq_claim_unused
 .text.lock_init
                0x0000000010000be0       0x10 CMakeFiles/register.dir/home/tom/Documents/pico/pico-sdk/src/common/pico_sync/lock_core.c.obj
                0x0000000010000be0                lock_init
 .text.timer_pool_entry_comparator
                0x0000000010000bf0       0x34 CMakeFiles/register.dir/home/tom/Documents/pico/pico-sdk/src/common/pico_time/time.c.obj
                0x0000000010000bf0                timer_pool_entry_comparator
 .text.sleep_until_callback
                0x0000000010000c24       0x30 CMakeFiles/register.dir/home/tom/Documents/pico/pico-sdk/src/common/pico_time/time.c.obj
 .text.add_alarm_under_lock.isra.0
                0x0000000010000c54      0x100 CMakeFiles/register.dir/home/tom/Documents/pico/pico-sdk/src/common/pico_time/time.c.obj
 .text.alarm_pool_alarm_callback
                0x0000000010000d54      0x1c8 CMakeFiles/register.dir/home/tom/Documents/pico/pico-sdk/src/common/pico_time/time.c.obj
 .text.alarm_pool_add_alarm_at.constprop.0
                0x0000000010000f1c      0x11c CMakeFiles/register.dir/home/tom/Documents/pico/pico-sdk/src/common/pico_time/time.c.obj
 .text.alarm_pool_init_default
                0x0000000010001038       0x64 CMakeFiles/register.dir/home/tom/Documents/pico/pico-sdk/src/common/pico_time/time.c.obj
                0x0000000010001038                alarm_pool_init_default
 .text.alarm_pool_get_default
                0x000000001000109c        0x8 CMakeFiles/register.dir/home/tom/Documents/pico/pico-sdk/src/common/pico_time/time.c.obj
                0x000000001000109c                alarm_pool_get_default
 .text.alarm_pool_add_alarm_at
                0x00000000100010a4      0x194 CMakeFiles/register.dir/home/tom/Documents/pico/pico-sdk/src/common/pico_time/time.c.obj
                0x00000000100010a4                alarm_pool_add_alarm_at
 .text.sleep_until
                0x0000000010001238       0xac CMakeFiles/register.dir/home/tom/Documents/pico/pico-sdk/src/common/pico_time/time.c.obj
                0x0000000010001238                sleep_until
 .text.sleep_ms
                0x00000000100012e4       0x38 CMakeFiles/register.dir/home/tom/Documents/pico/pico-sdk/src/common/pico_time/time.c.obj
                0x00000000100012e4                sleep_ms
 .text.best_effort_wfe_or_timeout
                0x000000001000131c       0xd4 CMakeFiles/register.dir/home/tom/Documents/pico/pico-sdk/src/common/pico_time/time.c.obj
                0x000000001000131c                best_effort_wfe_or_timeout
 .text.hardware_alarm_irq_handler
                0x00000000100013f0       0xb8 CMakeFiles/register.dir/home/tom/Documents/pico/pico-sdk/src/rp2_common/hardware_timer/timer.c.obj
 .text.hardware_alarm_claim
                0x00000000100014a8       0x18 CMakeFiles/register.dir/home/tom/Documents/pico/pico-sdk/src/rp2_common/hardware_timer/timer.c.obj
                0x00000000100014a8                hardware_alarm_claim
 .text.time_us_64
                0x00000000100014c0       0x14 CMakeFiles/register.dir/home/tom/Documents/pico/pico-sdk/src/rp2_common/hardware_timer/timer.c.obj
                0x00000000100014c0                time_us_64
 .text.busy_wait_us
                0x00000000100014d4       0x54 CMakeFiles/register.dir/home/tom/Documents/pico/pico-sdk/src/rp2_common/hardware_timer/timer.c.obj
                0x00000000100014d4                busy_wait_us
 .text.busy_wait_until
                0x0000000010001528       0x20 CMakeFiles/register.dir/home/tom/Documents/pico/pico-sdk/src/rp2_common/hardware_timer/timer.c.obj
                0x0000000010001528                busy_wait_until
 .text.hardware_alarm_set_callback
                0x0000000010001548       0x8c CMakeFiles/register.dir/home/tom/Documents/pico/pico-sdk/src/rp2_common/hardware_timer/timer.c.obj
                0x0000000010001548                hardware_alarm_set_callback
 .text.hardware_alarm_set_target
                0x00000000100015d4       0xe0 CMakeFiles/register.dir/home/tom/Documents/pico/pico-sdk/src/rp2_common/hardware_timer/timer.c.obj
                0x00000000100015d4                hardware_alarm_set_target
 .text.hardware_alarm_cancel
                0x00000000100016b4       0x3c CMakeFiles/register.dir/home/tom/Documents/pico/pico-sdk/src/rp2_common/hardware_timer/timer.c.obj
                0x00000000100016b4                hardware_alarm_cancel
 .text.ph_merge_nodes
                0x00000000100016f0       0x68 CMakeFiles/register.dir/home/tom/Documents/pico/pico-sdk/src/common/pico_util/pheap.c.obj
 .text.ph_post_alloc_init
                0x0000000010001758       0x3c CMakeFiles/register.dir/home/tom/Documents/pico/pico-sdk/src/common/pico_util/pheap.c.obj
                0x0000000010001758                ph_post_alloc_init
 .text.ph_merge_two_pass
                0x0000000010001794       0x90 CMakeFiles/register.dir/home/tom/Documents/pico/pico-sdk/src/common/pico_util/pheap.c.obj
                0x0000000010001794                ph_merge_two_pass
 .text.ph_remove_any_head
                0x0000000010001824       0xf8 CMakeFiles/register.dir/home/tom/Documents/pico/pico-sdk/src/common/pico_util/pheap.c.obj
 .text.ph_remove_head
                0x000000001000191c       0xfc CMakeFiles/register.dir/home/tom/Documents/pico/pico-sdk/src/common/pico_util/pheap.c.obj
                0x000000001000191c                ph_remove_head
 .text.ph_remove_and_free_node
                0x0000000010001a18       0x7c CMakeFiles/register.dir/home/tom/Documents/pico/pico-sdk/src/common/pico_util/pheap.c.obj
                0x0000000010001a18                ph_remove_and_free_node
 .text.mutex_init
                0x0000000010001a94       0x1c CMakeFiles/register.dir/home/tom/Documents/pico/pico-sdk/src/common/pico_sync/mutex.c.obj
                0x0000000010001a94                mutex_init
 .text.recursive_mutex_init
                0x0000000010001ab0       0x1c CMakeFiles/register.dir/home/tom/Documents/pico/pico-sdk/src/common/pico_sync/mutex.c.obj
                0x0000000010001ab0                recursive_mutex_init
 .text.critical_section_init
                0x0000000010001acc       0x20 CMakeFiles/register.dir/home/tom/Documents/pico/pico-sdk/src/common/pico_sync/critical_section.c.obj
                0x0000000010001acc                critical_section_init
 .text.uart_init
                0x0000000010001aec       0xe0 CMakeFiles/register.dir/home/tom/Documents/pico/pico-sdk/src/rp2_common/hardware_uart/uart.c.obj
                0x0000000010001aec                uart_init
 .text.runtime_init
                0x0000000010001bcc       0xf0 CMakeFiles/register.dir/home/tom/Documents/pico/pico-sdk/src/rp2_common/pico_runtime/runtime.c.obj
                0x0000000010001bcc                runtime_init
 .text.exit     0x0000000010001cbc        0x4 CMakeFiles/register.dir/home/tom/Documents/pico/pico-sdk/src/rp2_common/pico_runtime/runtime.c.obj
                0x0000000010001cbc                exit
 .text.panic    0x0000000010001cc0       0x30 CMakeFiles/register.dir/home/tom/Documents/pico/pico-sdk/src/rp2_common/pico_runtime/runtime.c.obj
                0x0000000010001cc0                panic
 .text.hard_assertion_failure
                0x0000000010001cf0        0xc CMakeFiles/register.dir/home/tom/Documents/pico/pico-sdk/src/rp2_common/pico_runtime/runtime.c.obj
                0x0000000010001cf0                hard_assertion_failure
 .text.clocks_init
                0x0000000010001cfc      0x2bc CMakeFiles/register.dir/home/tom/Documents/pico/pico-sdk/src/rp2_common/hardware_clocks/clocks.c.obj
                0x0000000010001cfc                clocks_init
 .text.clock_get_hz
                0x0000000010001fb8        0xc CMakeFiles/register.dir/home/tom/Documents/pico/pico-sdk/src/rp2_common/hardware_clocks/clocks.c.obj
                0x0000000010001fb8                clock_get_hz
 .text.pll_init
                0x0000000010001fc4       0xb0 CMakeFiles/register.dir/home/tom/Documents/pico/pico-sdk/src/rp2_common/hardware_pll/pll.c.obj
                0x0000000010001fc4                pll_init
 .text.watchdog_start_tick
                0x0000000010002074       0x10 CMakeFiles/register.dir/home/tom/Documents/pico/pico-sdk/src/rp2_common/hardware_watchdog/watchdog.c.obj
                0x0000000010002074                watchdog_start_tick
 .text.watchdog_reboot
                0x0000000010002084       0x98 CMakeFiles/register.dir/home/tom/Documents/pico/pico-sdk/src/rp2_common/hardware_watchdog/watchdog.c.obj
                0x0000000010002084                watchdog_reboot
 .text.xosc_init
                0x000000001000211c       0x28 CMakeFiles/register.dir/home/tom/Documents/pico/pico-sdk/src/rp2_common/hardware_xosc/xosc.c.obj
                0x000000001000211c                xosc_init
 .text._out_null
                0x0000000010002144        0x4 CMakeFiles/register.dir/home/tom/Documents/pico/pico-sdk/src/rp2_common/pico_printf/printf.c.obj
 .text._out_rev
                0x0000000010002148       0x9c CMakeFiles/register.dir/home/tom/Documents/pico/pico-sdk/src/rp2_common/pico_printf/printf.c.obj
 .text._ntoa_format
                0x00000000100021e4      0x1cc CMakeFiles/register.dir/home/tom/Documents/pico/pico-sdk/src/rp2_common/pico_printf/printf.c.obj
 .text._out_char
                0x00000000100023b0       0x10 CMakeFiles/register.dir/home/tom/Documents/pico/pico-sdk/src/rp2_common/pico_printf/printf.c.obj
 .text._out_fct
                0x00000000100023c0       0x10 CMakeFiles/register.dir/home/tom/Documents/pico/pico-sdk/src/rp2_common/pico_printf/printf.c.obj
 .text._etoa    0x00000000100023d0      0x44c CMakeFiles/register.dir/home/tom/Documents/pico/pico-sdk/src/rp2_common/pico_printf/printf.c.obj
 .text._ftoa    0x000000001000281c      0x398 CMakeFiles/register.dir/home/tom/Documents/pico/pico-sdk/src/rp2_common/pico_printf/printf.c.obj
 .text._vsnprintf
                0x0000000010002bb4      0xb04 CMakeFiles/register.dir/home/tom/Documents/pico/pico-sdk/src/rp2_common/pico_printf/printf.c.obj
 .text.vfctprintf
                0x00000000100036b8       0x20 CMakeFiles/register.dir/home/tom/Documents/pico/pico-sdk/src/rp2_common/pico_printf/printf.c.obj
                0x00000000100036b8                vfctprintf
 .text.weak_raw_vprintf
                0x00000000100036d8       0x30 CMakeFiles/register.dir/home/tom/Documents/pico/pico-sdk/src/rp2_common/pico_printf/printf.c.obj
                0x00000000100036d8                weak_raw_vprintf
 .text          0x0000000010003708       0x10 CMakeFiles/register.dir/home/tom/Documents/pico/pico-sdk/src/rp2_common/pico_bit_ops/bit_ops_aeabi.S.obj
 .text.rom_func_lookup
                0x0000000010003718       0x10 CMakeFiles/register.dir/home/tom/Documents/pico/pico-sdk/src/rp2_common/pico_bootrom/bootrom.c.obj
                0x0000000010003718                rom_func_lookup
 .text.rom_data_lookup
                0x0000000010003728       0x10 CMakeFiles/register.dir/home/tom/Documents/pico/pico-sdk/src/rp2_common/pico_bootrom/bootrom.c.obj
                0x0000000010003728                rom_data_lookup
 .text.rom_funcs_lookup
                0x0000000010003738       0x44 CMakeFiles/register.dir/home/tom/Documents/pico/pico-sdk/src/rp2_common/pico_bootrom/bootrom.c.obj
                0x0000000010003738                rom_funcs_lookup
 .text.__wrap___aeabi_idiv
                0x000000001000377c       0x50 CMakeFiles/register.dir/home/tom/Documents/pico/pico-sdk/src/rp2_common/pico_divider/divider.S.obj
                0x000000001000377c                __wrap___aeabi_idivmod
                0x000000001000377c                divmod_s32s32
                0x000000001000377c                div_s32s32
                0x000000001000377c                __wrap___aeabi_idiv
                0x0000000010003784                divmod_s32s32_unsafe
                0x00000000100037b0                divmod_s32s32_savestate
 .text.__wrap___aeabi_uidiv
                0x00000000100037cc       0x4c CMakeFiles/register.dir/home/tom/Documents/pico/pico-sdk/src/rp2_common/pico_divider/divider.S.obj
                0x00000000100037cc                __wrap___aeabi_uidiv
                0x00000000100037cc                __wrap___aeabi_uidivmod
                0x00000000100037cc                div_u32u32
                0x00000000100037cc                divmod_u32u32
                0x00000000100037d4                divmod_u32u32_unsafe
                0x00000000100037fc                divmod_u32u32_savestate
 .text.__wrap___aeabi_ldiv
                0x0000000010003818      0x434 CMakeFiles/register.dir/home/tom/Documents/pico/pico-sdk/src/rp2_common/pico_divider/divider.S.obj
                0x0000000010003818                div_s64s64
                0x0000000010003818                divmod_s64s64
                0x0000000010003818                __wrap___aeabi_ldivmod
                0x0000000010003850                div_u64u64
                0x0000000010003850                divmod_u64u64
                0x0000000010003850                __wrap___aeabi_uldivmod
                0x0000000010003860                divmod_u64u64_savestate
                0x0000000010003888                divmod_s64s64_unsafe
                0x0000000010003910                divmod_u64u64_unsafe
 .text.__wrap___aeabi_darithmetic
                0x0000000010003c4c       0x80 CMakeFiles/register.dir/home/tom/Documents/pico/pico-sdk/src/rp2_common/pico_double/double_aeabi.S.obj
                0x0000000010003c4c                __wrap___aeabi_drsub
                0x0000000010003c52                __wrap___aeabi_dsub
                0x0000000010003c64                __wrap___aeabi_dadd
                0x0000000010003c76                __wrap___aeabi_ddiv
                0x0000000010003cb2                __wrap___aeabi_dmul
 .text.__wrap___aeabi_cdcmple
                0x0000000010003ccc       0x6c CMakeFiles/register.dir/home/tom/Documents/pico/pico-sdk/src/rp2_common/pico_double/double_aeabi.S.obj
                0x0000000010003ccc                __wrap___aeabi_cdrcmple
                0x0000000010003cdc                __wrap___aeabi_cdcmple
                0x0000000010003cdc                __wrap___aeabi_cdcmpeq
 .text.__wrap___aeabi_dcmplt
                0x0000000010003d38        0xc CMakeFiles/register.dir/home/tom/Documents/pico/pico-sdk/src/rp2_common/pico_double/double_aeabi.S.obj
                0x0000000010003d38                __wrap___aeabi_dcmplt
 .text.__wrap___aeabi_dcmple
                0x0000000010003d44       0x10 CMakeFiles/register.dir/home/tom/Documents/pico/pico-sdk/src/rp2_common/pico_double/double_aeabi.S.obj
                0x0000000010003d44                __wrap___aeabi_dcmple
 .text.__wrap___aeabi_dcmpge
                0x0000000010003d54       0x10 CMakeFiles/register.dir/home/tom/Documents/pico/pico-sdk/src/rp2_common/pico_double/double_aeabi.S.obj
                0x0000000010003d54                __wrap___aeabi_dcmpge
 .text.__wrap___aeabi_dcmpgt
                0x0000000010003d64        0xa CMakeFiles/register.dir/home/tom/Documents/pico/pico-sdk/src/rp2_common/pico_double/double_aeabi.S.obj
                0x0000000010003d64                __wrap___aeabi_dcmpgt
 .text.__wrap___aeabi_dcmpun
                0x0000000010003d6e       0x1c CMakeFiles/register.dir/home/tom/Documents/pico/pico-sdk/src/rp2_common/pico_double/double_aeabi.S.obj
                0x0000000010003d6e                __wrap___aeabi_dcmpun
 *fill*         0x0000000010003d8a        0x2 
 .text.__wrap___aeabi_i2d
                0x0000000010003d8c       0x38 CMakeFiles/register.dir/home/tom/Documents/pico/pico-sdk/src/rp2_common/pico_double/double_aeabi.S.obj
                0x0000000010003d8c                __wrap___aeabi_ui2d
                0x0000000010003d94                __wrap___aeabi_i2d
 .text.__wrap___aeabi_d2iz
                0x0000000010003dc4       0x48 CMakeFiles/register.dir/home/tom/Documents/pico/pico-sdk/src/rp2_common/pico_double/double_aeabi.S.obj
                0x0000000010003dc4                __wrap___aeabi_d2iz
                0x0000000010003dc4                double2int_z
 .text.__wrap___aeabi_d2uiz
                0x0000000010003e0c       0x18 CMakeFiles/register.dir/home/tom/Documents/pico/pico-sdk/src/rp2_common/pico_double/double_aeabi.S.obj
                0x0000000010003e0c                double2uint
                0x0000000010003e0c                __wrap___aeabi_d2uiz
 .text.__aeabi_double_init
                0x0000000010003e24       0x94 CMakeFiles/register.dir/home/tom/Documents/pico/pico-sdk/src/rp2_common/pico_double/double_init_rom.c.obj
                0x0000000010003e24                __aeabi_double_init
 .text.double_table_shim_on_use_helper
                0x0000000010003eb8       0x2c CMakeFiles/register.dir/home/tom/Documents/pico/pico-sdk/src/rp2_common/pico_double/double_v1_rom_shim.S.obj
                0x0000000010003eb8                double_table_shim_on_use_helper
 .text.__wrap___aeabi_dsub
                0x0000000010003ee4       0x10 CMakeFiles/register.dir/home/tom/Documents/pico/pico-sdk/src/rp2_common/pico_double/double_v1_rom_shim.S.obj
                0x0000000010003ee4                drsub_shim
                0x0000000010003eea                dsub_shim
 .text.dadd_shim
                0x0000000010003ef4      0x15c CMakeFiles/register.dir/home/tom/Documents/pico/pico-sdk/src/rp2_common/pico_double/double_v1_rom_shim.S.obj
                0x0000000010003ef4                dadd_shim
 .text.dmul_shim
                0x0000000010004050      0x15c CMakeFiles/register.dir/home/tom/Documents/pico/pico-sdk/src/rp2_common/pico_double/double_v1_rom_shim.S.obj
                0x0000000010004050                dmul_shim
 .text.ddiv_shim
                0x00000000100041ac      0x1b0 CMakeFiles/register.dir/home/tom/Documents/pico/pico-sdk/src/rp2_common/pico_double/double_v1_rom_shim.S.obj
                0x00000000100041ac                ddiv_shim
 .text.double2uint_shim
                0x000000001000435c        0xe CMakeFiles/register.dir/home/tom/Documents/pico/pico-sdk/src/rp2_common/pico_double/double_v1_rom_shim.S.obj
                0x000000001000435c                double2uint_shim
                0x000000001000435e                double2ufix_shim
 *fill*         0x000000001000436a        0x2 
 .text.double2uint64_shim
                0x000000001000436c       0x70 CMakeFiles/register.dir/home/tom/Documents/pico/pico-sdk/src/rp2_common/pico_double/double_v1_rom_shim.S.obj
                0x000000001000436c                double2uint64_shim
                0x000000001000436e                double2ufix64_shim
                0x000000001000438e                d2fix_a
 .text.dunpacks
                0x00000000100043dc       0x3c CMakeFiles/register.dir/home/tom/Documents/pico/pico-sdk/src/rp2_common/pico_double/double_v1_rom_shim.S.obj
                0x00000000100043dc                dunpacks
 .text.__aeabi_lmul
                0x0000000010004418       0x32 CMakeFiles/register.dir/home/tom/Documents/pico/pico-sdk/src/rp2_common/pico_int64_ops/pico_int64_ops_aeabi.S.obj
                0x0000000010004418                __wrap___aeabi_lmul
 *fill*         0x000000001000444a        0x2 
 .text.__aeabi_float_init
                0x000000001000444c       0x64 CMakeFiles/register.dir/home/tom/Documents/pico/pico-sdk/src/rp2_common/pico_float/float_init_rom.c.obj
                0x000000001000444c                __aeabi_float_init
 .text.float_table_shim_on_use_helper
                0x00000000100044b0       0x2c CMakeFiles/register.dir/home/tom/Documents/pico/pico-sdk/src/rp2_common/pico_float/float_v1_rom_shim.S.obj
                0x00000000100044b0                float_table_shim_on_use_helper
 .text          0x00000000100044dc       0x10 CMakeFiles/register.dir/home/tom/Documents/pico/pico-sdk/src/rp2_common/pico_mem_ops/mem_ops_aeabi.S.obj
                0x00000000100044dc                __aeabi_mem_init
 .text.memset   0x00000000100044ec        0xc CMakeFiles/register.dir/home/tom/Documents/pico/pico-sdk/src/rp2_common/pico_mem_ops/mem_ops_aeabi.S.obj
                0x00000000100044ec                __wrap_memset
 .text.memcpy   0x00000000100044f8        0xc CMakeFiles/register.dir/home/tom/Documents/pico/pico-sdk/src/rp2_common/pico_mem_ops/mem_ops_aeabi.S.obj
                0x00000000100044f8                __wrap___aeabi_memcpy
                0x00000000100044f8                __wrap_memcpy
 .text.stdio_out_chars_no_crlf
                0x0000000010004504       0x10 CMakeFiles/register.dir/home/tom/Documents/pico/pico-sdk/src/rp2_common/pico_stdio/stdio.c.obj
 .text.stdio_out_chars_crlf
                0x0000000010004514       0xb4 CMakeFiles/register.dir/home/tom/Documents/pico/pico-sdk/src/rp2_common/pico_stdio/stdio.c.obj
 .text.stdio_buffered_printer
                0x00000000100045c8       0x64 CMakeFiles/register.dir/home/tom/Documents/pico/pico-sdk/src/rp2_common/pico_stdio/stdio.c.obj
 .text.stdio_put_string.isra.0
                0x000000001000462c       0xfc CMakeFiles/register.dir/home/tom/Documents/pico/pico-sdk/src/rp2_common/pico_stdio/stdio.c.obj
 .text.__wrap_putchar
                0x0000000010004728       0xa0 CMakeFiles/register.dir/home/tom/Documents/pico/pico-sdk/src/rp2_common/pico_stdio/stdio.c.obj
                0x0000000010004728                __wrap_putchar
 .text.__wrap_puts
                0x00000000100047c8       0x3c CMakeFiles/register.dir/home/tom/Documents/pico/pico-sdk/src/rp2_common/pico_stdio/stdio.c.obj
                0x00000000100047c8                __wrap_puts
 .text.stdio_set_driver_enabled
                0x0000000010004804       0x30 CMakeFiles/register.dir/home/tom/Documents/pico/pico-sdk/src/rp2_common/pico_stdio/stdio.c.obj
                0x0000000010004804                stdio_set_driver_enabled
 .text.stdio_flush
                0x0000000010004834       0x28 CMakeFiles/register.dir/home/tom/Documents/pico/pico-sdk/src/rp2_common/pico_stdio/stdio.c.obj
                0x0000000010004834                stdio_flush
 .text.__wrap_vprintf
                0x000000001000485c       0xd8 CMakeFiles/register.dir/home/tom/Documents/pico/pico-sdk/src/rp2_common/pico_stdio/stdio.c.obj
                0x000000001000485c                __wrap_vprintf
 .text.__wrap_printf
                0x0000000010004934       0x18 CMakeFiles/register.dir/home/tom/Documents/pico/pico-sdk/src/rp2_common/pico_stdio/stdio.c.obj
                0x0000000010004934                __wrap_printf
 .text.stdio_init_all
                0x000000001000494c        0xc CMakeFiles/register.dir/home/tom/Documents/pico/pico-sdk/src/rp2_common/pico_stdio/stdio.c.obj
                0x000000001000494c                stdio_init_all
 .text.getchar_timeout_us
                0x0000000010004958       0xa4 CMakeFiles/register.dir/home/tom/Documents/pico/pico-sdk/src/rp2_common/pico_stdio/stdio.c.obj
                0x0000000010004958                getchar_timeout_us
 .text.stdio_uart_out_chars
                0x00000000100049fc       0x4c CMakeFiles/register.dir/home/tom/Documents/pico/pico-sdk/src/rp2_common/pico_stdio_uart/stdio_uart.c.obj
 .text.stdio_uart_in_chars
                0x0000000010004a48       0x38 CMakeFiles/register.dir/home/tom/Documents/pico/pico-sdk/src/rp2_common/pico_stdio_uart/stdio_uart.c.obj
                0x0000000010004a48                stdio_uart_in_chars
 .text.stdio_uart_init
                0x0000000010004a80       0x48 CMakeFiles/register.dir/home/tom/Documents/pico/pico-sdk/src/rp2_common/pico_stdio_uart/stdio_uart.c.obj
                0x0000000010004a80                stdio_uart_init
 .text.resetd_init
                0x0000000010004ac8        0x4 CMakeFiles/register.dir/home/tom/Documents/pico/pico-sdk/src/rp2_common/pico_stdio_usb/reset_interface.c.obj
 .text.resetd_reset
                0x0000000010004acc        0xc CMakeFiles/register.dir/home/tom/Documents/pico/pico-sdk/src/rp2_common/pico_stdio_usb/reset_interface.c.obj
 .text.resetd_open
                0x0000000010004ad8       0x28 CMakeFiles/register.dir/home/tom/Documents/pico/pico-sdk/src/rp2_common/pico_stdio_usb/reset_interface.c.obj
 .text.resetd_xfer_cb
                0x0000000010004b00        0x4 CMakeFiles/register.dir/home/tom/Documents/pico/pico-sdk/src/rp2_common/pico_stdio_usb/reset_interface.c.obj
 .text.resetd_control_xfer_cb
                0x0000000010004b04       0x64 CMakeFiles/register.dir/home/tom/Documents/pico/pico-sdk/src/rp2_common/pico_stdio_usb/reset_interface.c.obj
 .text.usbd_app_driver_get_cb
                0x0000000010004b68        0xc CMakeFiles/register.dir/home/tom/Documents/pico/pico-sdk/src/rp2_common/pico_stdio_usb/reset_interface.c.obj
                0x0000000010004b68                usbd_app_driver_get_cb
 .text.tud_cdc_line_coding_cb
                0x0000000010004b74       0x34 CMakeFiles/register.dir/home/tom/Documents/pico/pico-sdk/src/rp2_common/pico_stdio_usb/reset_interface.c.obj
                0x0000000010004b74                tud_cdc_line_coding_cb
 .text.stdio_usb_in_chars
                0x0000000010004ba8       0x68 CMakeFiles/register.dir/home/tom/Documents/pico/pico-sdk/src/rp2_common/pico_stdio_usb/stdio_usb.c.obj
                0x0000000010004ba8                stdio_usb_in_chars
 .text.stdio_usb_out_chars
                0x0000000010004c10       0xe4 CMakeFiles/register.dir/home/tom/Documents/pico/pico-sdk/src/rp2_common/pico_stdio_usb/stdio_usb.c.obj
 .text.timer_task
                0x0000000010004cf4       0x18 CMakeFiles/register.dir/home/tom/Documents/pico/pico-sdk/src/rp2_common/pico_stdio_usb/stdio_usb.c.obj
 .text.usb_irq  0x0000000010004d0c       0x10 CMakeFiles/register.dir/home/tom/Documents/pico/pico-sdk/src/rp2_common/pico_stdio_usb/stdio_usb.c.obj
 .text.low_priority_worker_irq
                0x0000000010004d1c       0x24 CMakeFiles/register.dir/home/tom/Documents/pico/pico-sdk/src/rp2_common/pico_stdio_usb/stdio_usb.c.obj
 .text.stdio_usb_init
                0x0000000010004d40       0xb0 CMakeFiles/register.dir/home/tom/Documents/pico/pico-sdk/src/rp2_common/pico_stdio_usb/stdio_usb.c.obj
                0x0000000010004d40                stdio_usb_init
 .text.tud_descriptor_device_cb
                0x0000000010004df0        0x8 CMakeFiles/register.dir/home/tom/Documents/pico/pico-sdk/src/rp2_common/pico_stdio_usb/stdio_usb_descriptors.c.obj
                0x0000000010004df0                tud_descriptor_device_cb
 .text.tud_descriptor_configuration_cb
                0x0000000010004df8        0x8 CMakeFiles/register.dir/home/tom/Documents/pico/pico-sdk/src/rp2_common/pico_stdio_usb/stdio_usb_descriptors.c.obj
                0x0000000010004df8                tud_descriptor_configuration_cb
 .text.tud_descriptor_string_cb
                0x0000000010004e00       0x74 CMakeFiles/register.dir/home/tom/Documents/pico/pico-sdk/src/rp2_common/pico_stdio_usb/stdio_usb_descriptors.c.obj
                0x0000000010004e00                tud_descriptor_string_cb
 .text.dcd_rp2040_irq
                0x0000000010004e74      0x21c CMakeFiles/register.dir/home/tom/Documents/pico/pico-sdk/lib/tinyusb/src/portable/raspberrypi/rp2040/dcd_rp2040.c.obj
 .text.dcd_int_enable
                0x0000000010005090        0xc CMakeFiles/register.dir/home/tom/Documents/pico/pico-sdk/lib/tinyusb/src/portable/raspberrypi/rp2040/dcd_rp2040.c.obj
                0x0000000010005090                dcd_int_enable
 .text.dcd_set_address
                0x000000001000509c       0x14 CMakeFiles/register.dir/home/tom/Documents/pico/pico-sdk/lib/tinyusb/src/portable/raspberrypi/rp2040/dcd_rp2040.c.obj
                0x000000001000509c                dcd_set_address
 .text.dcd_connect
                0x00000000100050b0       0x10 CMakeFiles/register.dir/home/tom/Documents/pico/pico-sdk/lib/tinyusb/src/portable/raspberrypi/rp2040/dcd_rp2040.c.obj
                0x00000000100050b0                dcd_connect
 .text.dcd_init
                0x00000000100050c0      0x144 CMakeFiles/register.dir/home/tom/Documents/pico/pico-sdk/lib/tinyusb/src/portable/raspberrypi/rp2040/dcd_rp2040.c.obj
                0x00000000100050c0                dcd_init
 .text.dcd_edpt0_status_complete
                0x0000000010005204       0x1c CMakeFiles/register.dir/home/tom/Documents/pico/pico-sdk/lib/tinyusb/src/portable/raspberrypi/rp2040/dcd_rp2040.c.obj
                0x0000000010005204                dcd_edpt0_status_complete
 .text.dcd_edpt_open
                0x0000000010005220       0xf0 CMakeFiles/register.dir/home/tom/Documents/pico/pico-sdk/lib/tinyusb/src/portable/raspberrypi/rp2040/dcd_rp2040.c.obj
                0x0000000010005220                dcd_edpt_open
 .text.dcd_edpt_close_all
                0x0000000010005310       0xbc CMakeFiles/register.dir/home/tom/Documents/pico/pico-sdk/lib/tinyusb/src/portable/raspberrypi/rp2040/dcd_rp2040.c.obj
                0x0000000010005310                dcd_edpt_close_all
 .text.dcd_edpt_xfer
                0x00000000100053cc       0x24 CMakeFiles/register.dir/home/tom/Documents/pico/pico-sdk/lib/tinyusb/src/portable/raspberrypi/rp2040/dcd_rp2040.c.obj
                0x00000000100053cc                dcd_edpt_xfer
 .text.dcd_edpt_stall
                0x00000000100053f0       0x38 CMakeFiles/register.dir/home/tom/Documents/pico/pico-sdk/lib/tinyusb/src/portable/raspberrypi/rp2040/dcd_rp2040.c.obj
                0x00000000100053f0                dcd_edpt_stall
 .text.dcd_edpt_clear_stall
                0x0000000010005428       0x30 CMakeFiles/register.dir/home/tom/Documents/pico/pico-sdk/lib/tinyusb/src/portable/raspberrypi/rp2040/dcd_rp2040.c.obj
                0x0000000010005428                dcd_edpt_clear_stall
 .text._hw_endpoint_buffer_control_update32.part.0.isra.0
                0x0000000010005458       0x1c CMakeFiles/register.dir/home/tom/Documents/pico/pico-sdk/lib/tinyusb/src/portable/raspberrypi/rp2040/rp2040_usb.c.obj
 .text.rp2040_usb_init
                0x0000000010005474       0x4c CMakeFiles/register.dir/home/tom/Documents/pico/pico-sdk/lib/tinyusb/src/portable/raspberrypi/rp2040/rp2040_usb.c.obj
                0x0000000010005474                rp2040_usb_init
 .text.hw_endpoint_reset_transfer
                0x00000000100054c0        0xc CMakeFiles/register.dir/home/tom/Documents/pico/pico-sdk/lib/tinyusb/src/portable/raspberrypi/rp2040/rp2040_usb.c.obj
                0x00000000100054c0                hw_endpoint_reset_transfer
 .text._hw_endpoint_buffer_control_update32
                0x00000000100054cc       0x44 CMakeFiles/register.dir/home/tom/Documents/pico/pico-sdk/lib/tinyusb/src/portable/raspberrypi/rp2040/rp2040_usb.c.obj
                0x00000000100054cc                _hw_endpoint_buffer_control_update32
 .text.hw_endpoint_xfer_start
                0x0000000010005510      0x138 CMakeFiles/register.dir/home/tom/Documents/pico/pico-sdk/lib/tinyusb/src/portable/raspberrypi/rp2040/rp2040_usb.c.obj
                0x0000000010005510                hw_endpoint_xfer_start
 .text.hw_endpoint_xfer_continue
                0x0000000010005648      0x1e4 CMakeFiles/register.dir/home/tom/Documents/pico/pico-sdk/lib/tinyusb/src/portable/raspberrypi/rp2040/rp2040_usb.c.obj
                0x0000000010005648                hw_endpoint_xfer_continue
 .text.tud_mounted
                0x000000001000582c       0x10 CMakeFiles/register.dir/home/tom/Documents/pico/pico-sdk/lib/tinyusb/src/device/usbd.c.obj
                0x000000001000582c                tud_mounted
 .text.tud_suspended
                0x000000001000583c       0x10 CMakeFiles/register.dir/home/tom/Documents/pico/pico-sdk/lib/tinyusb/src/device/usbd.c.obj
                0x000000001000583c                tud_suspended
 .text.tud_inited
                0x000000001000584c        0xc CMakeFiles/register.dir/home/tom/Documents/pico/pico-sdk/lib/tinyusb/src/device/usbd.c.obj
                0x000000001000584c                tud_inited
 .text.tud_init
                0x0000000010005858       0xd8 CMakeFiles/register.dir/home/tom/Documents/pico/pico-sdk/lib/tinyusb/src/device/usbd.c.obj
                0x0000000010005858                tud_init
 .text.tud_task
                0x0000000010005930      0x8ec CMakeFiles/register.dir/home/tom/Documents/pico/pico-sdk/lib/tinyusb/src/device/usbd.c.obj
                0x0000000010005930                tud_task
 .text.dcd_event_bus_signal
                0x000000001000621c      0x120 CMakeFiles/register.dir/home/tom/Documents/pico/pico-sdk/lib/tinyusb/src/device/usbd.c.obj
                0x000000001000621c                dcd_event_bus_signal
 .text.dcd_event_bus_reset
                0x000000001000633c       0x54 CMakeFiles/register.dir/home/tom/Documents/pico/pico-sdk/lib/tinyusb/src/device/usbd.c.obj
                0x000000001000633c                dcd_event_bus_reset
 .text.dcd_event_setup_received
                0x0000000010006390       0x50 CMakeFiles/register.dir/home/tom/Documents/pico/pico-sdk/lib/tinyusb/src/device/usbd.c.obj
                0x0000000010006390                dcd_event_setup_received
 .text.dcd_event_xfer_complete
                0x00000000100063e0       0x68 CMakeFiles/register.dir/home/tom/Documents/pico/pico-sdk/lib/tinyusb/src/device/usbd.c.obj
                0x00000000100063e0                dcd_event_xfer_complete
 .text.usbd_open_edpt_pair
                0x0000000010006448       0x80 CMakeFiles/register.dir/home/tom/Documents/pico/pico-sdk/lib/tinyusb/src/device/usbd.c.obj
                0x0000000010006448                usbd_open_edpt_pair
 .text.usbd_edpt_open
                0x00000000100064c8       0x30 CMakeFiles/register.dir/home/tom/Documents/pico/pico-sdk/lib/tinyusb/src/device/usbd.c.obj
                0x00000000100064c8                usbd_edpt_open
 .text.usbd_edpt_claim
                0x00000000100064f8       0x64 CMakeFiles/register.dir/home/tom/Documents/pico/pico-sdk/lib/tinyusb/src/device/usbd.c.obj
                0x00000000100064f8                usbd_edpt_claim
 .text.usbd_edpt_release
                0x000000001000655c       0x4c CMakeFiles/register.dir/home/tom/Documents/pico/pico-sdk/lib/tinyusb/src/device/usbd.c.obj
                0x000000001000655c                usbd_edpt_release
 .text.usbd_edpt_xfer
                0x00000000100065a8       0x48 CMakeFiles/register.dir/home/tom/Documents/pico/pico-sdk/lib/tinyusb/src/device/usbd.c.obj
                0x00000000100065a8                usbd_edpt_xfer
 .text.tud_control_status
                0x00000000100065f0       0x30 CMakeFiles/register.dir/home/tom/Documents/pico/pico-sdk/lib/tinyusb/src/device/usbd_control.c.obj
                0x00000000100065f0                tud_control_status
 .text.tud_control_xfer
                0x0000000010006620       0xbc CMakeFiles/register.dir/home/tom/Documents/pico/pico-sdk/lib/tinyusb/src/device/usbd_control.c.obj
                0x0000000010006620                tud_control_xfer
 .text.usbd_control_reset
                0x00000000100066dc       0x14 CMakeFiles/register.dir/home/tom/Documents/pico/pico-sdk/lib/tinyusb/src/device/usbd_control.c.obj
                0x00000000100066dc                usbd_control_reset
 .text.usbd_control_set_complete_callback
                0x00000000100066f0        0xc CMakeFiles/register.dir/home/tom/Documents/pico/pico-sdk/lib/tinyusb/src/device/usbd_control.c.obj
                0x00000000100066f0                usbd_control_set_complete_callback
 .text.usbd_control_set_request
                0x00000000100066fc       0x1c CMakeFiles/register.dir/home/tom/Documents/pico/pico-sdk/lib/tinyusb/src/device/usbd_control.c.obj
                0x00000000100066fc                usbd_control_set_request
 .text.usbd_control_xfer_cb
                0x0000000010006718       0xfc CMakeFiles/register.dir/home/tom/Documents/pico/pico-sdk/lib/tinyusb/src/device/usbd_control.c.obj
                0x0000000010006718                usbd_control_xfer_cb
 .text.tud_cdc_n_connected
                0x0000000010006814       0x30 CMakeFiles/register.dir/home/tom/Documents/pico/pico-sdk/lib/tinyusb/src/class/cdc/cdc_device.c.obj
                0x0000000010006814                tud_cdc_n_connected
 .text.tud_cdc_n_available
                0x0000000010006844       0x18 CMakeFiles/register.dir/home/tom/Documents/pico/pico-sdk/lib/tinyusb/src/class/cdc/cdc_device.c.obj
                0x0000000010006844                tud_cdc_n_available
 .text.tud_cdc_n_read
                0x000000001000685c       0x70 CMakeFiles/register.dir/home/tom/Documents/pico/pico-sdk/lib/tinyusb/src/class/cdc/cdc_device.c.obj
                0x000000001000685c                tud_cdc_n_read
 .text.tud_cdc_n_write_flush
                0x00000000100068cc       0x78 CMakeFiles/register.dir/home/tom/Documents/pico/pico-sdk/lib/tinyusb/src/class/cdc/cdc_device.c.obj
                0x00000000100068cc                tud_cdc_n_write_flush
 .text.tud_cdc_n_write
                0x0000000010006944       0x34 CMakeFiles/register.dir/home/tom/Documents/pico/pico-sdk/lib/tinyusb/src/class/cdc/cdc_device.c.obj
                0x0000000010006944                tud_cdc_n_write
 .text.tud_cdc_n_write_available
                0x0000000010006978       0x18 CMakeFiles/register.dir/home/tom/Documents/pico/pico-sdk/lib/tinyusb/src/class/cdc/cdc_device.c.obj
                0x0000000010006978                tud_cdc_n_write_available
 .text.cdcd_init
                0x0000000010006990       0x7c CMakeFiles/register.dir/home/tom/Documents/pico/pico-sdk/lib/tinyusb/src/class/cdc/cdc_device.c.obj
                0x0000000010006990                cdcd_init
 .text.cdcd_reset
                0x0000000010006a0c       0x2c CMakeFiles/register.dir/home/tom/Documents/pico/pico-sdk/lib/tinyusb/src/class/cdc/cdc_device.c.obj
                0x0000000010006a0c                cdcd_reset
 .text.cdcd_open
                0x0000000010006a38       0xe4 CMakeFiles/register.dir/home/tom/Documents/pico/pico-sdk/lib/tinyusb/src/class/cdc/cdc_device.c.obj
                0x0000000010006a38                cdcd_open
 .text.cdcd_control_xfer_cb
                0x0000000010006b1c       0xe4 CMakeFiles/register.dir/home/tom/Documents/pico/pico-sdk/lib/tinyusb/src/class/cdc/cdc_device.c.obj
                0x0000000010006b1c                cdcd_control_xfer_cb
 .text.cdcd_xfer_cb
                0x0000000010006c00      0x148 CMakeFiles/register.dir/home/tom/Documents/pico/pico-sdk/lib/tinyusb/src/class/cdc/cdc_device.c.obj
                0x0000000010006c00                cdcd_xfer_cb
 .text.tusb_init
                0x0000000010006d48        0xc CMakeFiles/register.dir/home/tom/Documents/pico/pico-sdk/lib/tinyusb/src/tusb.c.obj
                0x0000000010006d48                tusb_init
 .text.tusb_inited
                0x0000000010006d54        0x8 CMakeFiles/register.dir/home/tom/Documents/pico/pico-sdk/lib/tinyusb/src/tusb.c.obj
                0x0000000010006d54                tusb_inited
 .text.tu_edpt_validate
                0x0000000010006d5c       0x78 CMakeFiles/register.dir/home/tom/Documents/pico/pico-sdk/lib/tinyusb/src/tusb.c.obj
                0x0000000010006d5c                tu_edpt_validate
 .text.tu_edpt_bind_driver
                0x0000000010006dd4       0x2c CMakeFiles/register.dir/home/tom/Documents/pico/pico-sdk/lib/tinyusb/src/tusb.c.obj
                0x0000000010006dd4                tu_edpt_bind_driver
 .text.tu_fifo_config
                0x0000000010006e00       0x78 CMakeFiles/register.dir/home/tom/Documents/pico/pico-sdk/lib/tinyusb/src/common/tusb_fifo.c.obj
                0x0000000010006e00                tu_fifo_config
 .text.tu_fifo_count
                0x0000000010006e78       0x20 CMakeFiles/register.dir/home/tom/Documents/pico/pico-sdk/lib/tinyusb/src/common/tusb_fifo.c.obj
                0x0000000010006e78                tu_fifo_count
 .text.tu_fifo_empty
                0x0000000010006e98       0x10 CMakeFiles/register.dir/home/tom/Documents/pico/pico-sdk/lib/tinyusb/src/common/tusb_fifo.c.obj
                0x0000000010006e98                tu_fifo_empty
 .text.tu_fifo_remaining
                0x0000000010006ea8       0x1c CMakeFiles/register.dir/home/tom/Documents/pico/pico-sdk/lib/tinyusb/src/common/tusb_fifo.c.obj
                0x0000000010006ea8                tu_fifo_remaining
 .text.tu_fifo_read
                0x0000000010006ec4       0x9c CMakeFiles/register.dir/home/tom/Documents/pico/pico-sdk/lib/tinyusb/src/common/tusb_fifo.c.obj
                0x0000000010006ec4                tu_fifo_read
 .text.tu_fifo_read_n
                0x0000000010006f60      0x100 CMakeFiles/register.dir/home/tom/Documents/pico/pico-sdk/lib/tinyusb/src/common/tusb_fifo.c.obj
                0x0000000010006f60                tu_fifo_read_n
 .text.tu_fifo_write
                0x0000000010007060       0x7c CMakeFiles/register.dir/home/tom/Documents/pico/pico-sdk/lib/tinyusb/src/common/tusb_fifo.c.obj
                0x0000000010007060                tu_fifo_write
 .text.tu_fifo_write_n
                0x00000000100070dc      0x100 CMakeFiles/register.dir/home/tom/Documents/pico/pico-sdk/lib/tinyusb/src/common/tusb_fifo.c.obj
                0x00000000100070dc                tu_fifo_write_n
 .text.tu_fifo_clear
                0x00000000100071dc       0x4c CMakeFiles/register.dir/home/tom/Documents/pico/pico-sdk/lib/tinyusb/src/common/tusb_fifo.c.obj
                0x00000000100071dc                tu_fifo_clear
 .text.tu_fifo_set_overwritable
                0x0000000010007228       0x3c CMakeFiles/register.dir/home/tom/Documents/pico/pico-sdk/lib/tinyusb/src/common/tusb_fifo.c.obj
                0x0000000010007228                tu_fifo_set_overwritable
 .text.startup._retrieve_unique_id_on_boot
                0x0000000010007264       0x10 CMakeFiles/register.dir/home/tom/Documents/pico/pico-sdk/src/rp2_common/pico_unique_id/unique_id.c.obj
 .text.pico_get_unique_board_id_string
                0x0000000010007274      0x1a8 CMakeFiles/register.dir/home/tom/Documents/pico/pico-sdk/src/rp2_common/pico_unique_id/unique_id.c.obj
                0x0000000010007274                pico_get_unique_board_id_string
 .text.flash_get_unique_id
                0x000000001000741c       0x40 CMakeFiles/register.dir/home/tom/Documents/pico/pico-sdk/src/rp2_common/hardware_flash/flash.c.obj
                0x000000001000741c                flash_get_unique_id
 .text          0x000000001000745c       0x5c /usr/lib/gcc/arm-none-eabi/10.3.1/../../../arm-none-eabi/lib/thumb/v6-m/nofp/libc.a(lib_a-strlen-stub.o)
                0x000000001000745c                strlen
 .text          0x00000000100074b8      0x1b8 /usr/lib/gcc/arm-none-eabi/10.3.1/../../../arm-none-eabi/lib/thumb/v6-m/nofp/libc.a(lib_a-strtol.o)
                0x00000000100075fc                _strtol_r
                0x0000000010007618                strtol_l
                0x0000000010007644                strtol
 .text          0x0000000010007670        0xc /usr/lib/gcc/arm-none-eabi/10.3.1/../../../arm-none-eabi/lib/thumb/v6-m/nofp/libc.a(lib_a-errno.o)
                0x0000000010007670                __errno
 *(.fini)
 .fini          0x000000001000767c        0x4 /usr/lib/gcc/arm-none-eabi/10.3.1/thumb/v6-m/nofp/crti.o
                0x000000001000767c                _fini
 .fini.__stub   0x0000000010007680       0x70 linker stubs
 *crtbegin.o(.ctors)
 *crtbegin?.o(.ctors)
 *(EXCLUDE_FILE(*crtend.o *crtend?.o) .ctors)
 *(SORT_BY_NAME(.ctors.*))
 *(.ctors)
 *crtbegin.o(.dtors)
 *crtbegin?.o(.dtors)
 *(EXCLUDE_FILE(*crtend.o *crtend?.o) .dtors)
 *(SORT_BY_NAME(.dtors.*))
 *(.dtors)
 *(.eh_frame*)
 .eh_frame      0x00000000100076f0        0x0 /usr/lib/gcc/arm-none-eabi/10.3.1/thumb/v6-m/nofp/crtbegin.o
                0x00000000100076f0                . = ALIGN (0x4)

.glue_7         0x00000000100076f0        0x0
 .glue_7        0x00000000100076f0        0x0 linker stubs

.glue_7t        0x00000000100076f0        0x0
 .glue_7t       0x00000000100076f0        0x0 linker stubs

.vfp11_veneer   0x00000000100076f0        0x0
 .vfp11_veneer  0x00000000100076f0        0x0 linker stubs

.v4_bx          0x00000000100076f0        0x0
 .v4_bx         0x00000000100076f0        0x0 linker stubs

.iplt           0x00000000100076f0        0x0
 .iplt          0x00000000100076f0        0x0 /usr/lib/gcc/arm-none-eabi/10.3.1/thumb/v6-m/nofp/crtbegin.o

.rodata         0x00000000100076f0      0x804
 *(EXCLUDE_FILE(*libm.a: *libc.a:*lib_a-mem*.o *libgcc.a:) .rodata*)
 .rodata.gpio_out_sample.str1.4
                0x00000000100076f0       0x6c CMakeFiles/register.dir/lab2b_register.c.obj
 .rodata.gpio_in_sample.str1.4
                0x000000001000775c       0x27 CMakeFiles/register.dir/lab2b_register.c.obj
 *fill*         0x0000000010007783        0x1 
 .rodata.main.str1.4
                0x0000000010007784      0x11a CMakeFiles/register.dir/lab2b_register.c.obj
 *fill*         0x000000001000789e        0x2 
 .rodata.spin_lock_claim_unused.str1.4
                0x00000000100078a0       0x1b CMakeFiles/register.dir/home/tom/Documents/pico/pico-sdk/src/rp2_common/hardware_sync/sync.c.obj
 *fill*         0x00000000100078bb        0x1 
 .rodata.user_irq_claim_unused.str1.4
                0x00000000100078bc       0x1b CMakeFiles/register.dir/home/tom/Documents/pico/pico-sdk/src/rp2_common/hardware_irq/irq.c.obj
 *fill*         0x00000000100078d7        0x1 
 .rodata.hardware_alarm_claim.str1.4
                0x00000000100078d8       0x22 CMakeFiles/register.dir/home/tom/Documents/pico/pico-sdk/src/rp2_common/hardware_timer/timer.c.obj
 *fill*         0x00000000100078fa        0x2 
 .rodata.panic.str1.4
                0x00000000100078fc       0x10 CMakeFiles/register.dir/home/tom/Documents/pico/pico-sdk/src/rp2_common/pico_runtime/runtime.c.obj
                                         0x12 (size before relaxing)
 .rodata.hard_assertion_failure.str1.4
                0x000000001000790c        0xc CMakeFiles/register.dir/home/tom/Documents/pico/pico-sdk/src/rp2_common/pico_runtime/runtime.c.obj
 .rodata._ftoa.str1.4
                0x0000000010007918       0x15 CMakeFiles/register.dir/home/tom/Documents/pico/pico-sdk/src/rp2_common/pico_printf/printf.c.obj
 *fill*         0x000000001000792d        0x3 
 .rodata._vsnprintf
                0x0000000010007930      0x1e0 CMakeFiles/register.dir/home/tom/Documents/pico/pico-sdk/src/rp2_common/pico_printf/printf.c.obj
 .rodata.pow10.0
                0x0000000010007b10       0x50 CMakeFiles/register.dir/home/tom/Documents/pico/pico-sdk/src/rp2_common/pico_printf/printf.c.obj
 .rodata.str1.4
                0x0000000010007b60       0x40 CMakeFiles/register.dir/home/tom/Documents/pico/pico-sdk/src/rp2_common/pico_standard_link/binary_info.c.obj
 .rodata.__bi_44
                0x0000000010007ba0        0xc CMakeFiles/register.dir/home/tom/Documents/pico/pico-sdk/src/rp2_common/pico_standard_link/binary_info.c.obj
 .rodata.__bi_75
                0x0000000010007bac        0xc CMakeFiles/register.dir/home/tom/Documents/pico/pico-sdk/src/rp2_common/pico_standard_link/binary_info.c.obj
 .rodata.__bi_81
                0x0000000010007bb8        0xc CMakeFiles/register.dir/home/tom/Documents/pico/pico-sdk/src/rp2_common/pico_standard_link/binary_info.c.obj
 .rodata.crlf_str.0
                0x0000000010007bc4        0x2 CMakeFiles/register.dir/home/tom/Documents/pico/pico-sdk/src/rp2_common/pico_stdio/stdio.c.obj
 *fill*         0x0000000010007bc6        0x2 
 .rodata.str1.4
                0x0000000010007bc8       0x2c CMakeFiles/register.dir/home/tom/Documents/pico/pico-sdk/src/rp2_common/pico_stdio_uart/stdio_uart.c.obj
 .rodata.__bi_28.4
                0x0000000010007bf4        0xc CMakeFiles/register.dir/home/tom/Documents/pico/pico-sdk/src/rp2_common/pico_stdio_uart/stdio_uart.c.obj
 .rodata.__bi_29.5
                0x0000000010007c00        0x8 CMakeFiles/register.dir/home/tom/Documents/pico/pico-sdk/src/rp2_common/pico_stdio_uart/stdio_uart.c.obj
 .rodata._resetd_driver
                0x0000000010007c08       0x18 CMakeFiles/register.dir/home/tom/Documents/pico/pico-sdk/src/rp2_common/pico_stdio_usb/reset_interface.c.obj
 .rodata.str1.4
                0x0000000010007c20       0x13 CMakeFiles/register.dir/home/tom/Documents/pico/pico-sdk/src/rp2_common/pico_stdio_usb/stdio_usb.c.obj
 *fill*         0x0000000010007c33        0x1 
 .rodata.__bi_118.0
                0x0000000010007c34        0xc CMakeFiles/register.dir/home/tom/Documents/pico/pico-sdk/src/rp2_common/pico_stdio_usb/stdio_usb.c.obj
 .rodata.str1.4
                0x0000000010007c40       0x2a CMakeFiles/register.dir/home/tom/Documents/pico/pico-sdk/src/rp2_common/pico_stdio_usb/stdio_usb_descriptors.c.obj
 *fill*         0x0000000010007c6a        0x2 
 .rodata.usbd_desc_cfg
                0x0000000010007c6c       0x54 CMakeFiles/register.dir/home/tom/Documents/pico/pico-sdk/src/rp2_common/pico_stdio_usb/stdio_usb_descriptors.c.obj
 .rodata.usbd_desc_device
                0x0000000010007cc0       0x12 CMakeFiles/register.dir/home/tom/Documents/pico/pico-sdk/src/rp2_common/pico_stdio_usb/stdio_usb_descriptors.c.obj
 *fill*         0x0000000010007cd2        0x2 
 .rodata.usbd_desc_str
                0x0000000010007cd4       0x18 CMakeFiles/register.dir/home/tom/Documents/pico/pico-sdk/src/rp2_common/pico_stdio_usb/stdio_usb_descriptors.c.obj
 .rodata.dcd_rp2040_irq.str1.4
                0x0000000010007cec       0x14 CMakeFiles/register.dir/home/tom/Documents/pico/pico-sdk/lib/tinyusb/src/portable/raspberrypi/rp2040/dcd_rp2040.c.obj
 .rodata._hw_endpoint_buffer_control_update32.part.0.isra.0.str1.4
                0x0000000010007d00       0x1f CMakeFiles/register.dir/home/tom/Documents/pico/pico-sdk/lib/tinyusb/src/portable/raspberrypi/rp2040/rp2040_usb.c.obj
 *fill*         0x0000000010007d1f        0x1 
 .rodata.hw_endpoint_xfer_continue.str1.4
                0x0000000010007d20       0x29 CMakeFiles/register.dir/home/tom/Documents/pico/pico-sdk/lib/tinyusb/src/portable/raspberrypi/rp2040/rp2040_usb.c.obj
 .rodata.str1.4
                0x0000000010007d49       0x29 CMakeFiles/register.dir/home/tom/Documents/pico/pico-sdk/lib/tinyusb/src/portable/raspberrypi/rp2040/rp2040_usb.c.obj
                                          0x7 (size before relaxing)
 *fill*         0x0000000010007d49        0x3 
 .rodata.tud_task
                0x0000000010007d4c       0x8c CMakeFiles/register.dir/home/tom/Documents/pico/pico-sdk/lib/tinyusb/src/device/usbd.c.obj
 .rodata._usbd_driver
                0x0000000010007dd8       0x18 CMakeFiles/register.dir/home/tom/Documents/pico/pico-sdk/lib/tinyusb/src/device/usbd.c.obj
 .rodata        0x0000000010007df0      0x101 /usr/lib/gcc/arm-none-eabi/10.3.1/../../../arm-none-eabi/lib/thumb/v6-m/nofp/libc.a(lib_a-ctype_.o)
                0x0000000010007df0                _ctype_
                0x0000000010007ef4                . = ALIGN (0x4)
 *fill*         0x0000000010007ef1        0x3 
 *(SORT_BY_ALIGNMENT(SORT_BY_NAME(.flashdata*)))
                0x0000000010007ef4                . = ALIGN (0x4)

.rel.dyn        0x0000000010007ef4        0x0
 .rel.iplt      0x0000000010007ef4        0x0 /usr/lib/gcc/arm-none-eabi/10.3.1/thumb/v6-m/nofp/crtbegin.o

.ARM.extab
 *(.ARM.extab* .gnu.linkonce.armextab.*)
                0x0000000010007ef4                __exidx_start = .

.ARM.exidx
 *(.ARM.exidx* .gnu.linkonce.armexidx.*)
                0x0000000010007ef4                __exidx_end = .
                0x0000000010007ef4                . = ALIGN (0x4)
                0x0000000010007ef4                __binary_info_start = .

.binary_info    0x0000000010007ef4       0x28
 *(.binary_info.keep.*)
 .binary_info.keep.__bi_ptr22
                0x0000000010007ef4        0x4 CMakeFiles/register.dir/home/tom/Documents/pico/pico-sdk/src/rp2_common/pico_standard_link/binary_info.c.obj
 .binary_info.keep.__bi_ptr30
                0x0000000010007ef8        0x4 CMakeFiles/register.dir/home/tom/Documents/pico/pico-sdk/src/rp2_common/pico_standard_link/binary_info.c.obj
 .binary_info.keep.__bi_ptr38
                0x0000000010007efc        0x4 CMakeFiles/register.dir/home/tom/Documents/pico/pico-sdk/src/rp2_common/pico_standard_link/binary_info.c.obj
 .binary_info.keep.__bi_ptr44
                0x0000000010007f00        0x4 CMakeFiles/register.dir/home/tom/Documents/pico/pico-sdk/src/rp2_common/pico_standard_link/binary_info.c.obj
 .binary_info.keep.__bi_ptr50
                0x0000000010007f04        0x4 CMakeFiles/register.dir/home/tom/Documents/pico/pico-sdk/src/rp2_common/pico_standard_link/binary_info.c.obj
 .binary_info.keep.__bi_ptr75
                0x0000000010007f08        0x4 CMakeFiles/register.dir/home/tom/Documents/pico/pico-sdk/src/rp2_common/pico_standard_link/binary_info.c.obj
 .binary_info.keep.__bi_ptr81
                0x0000000010007f0c        0x4 CMakeFiles/register.dir/home/tom/Documents/pico/pico-sdk/src/rp2_common/pico_standard_link/binary_info.c.obj
 *(.binary_info.*)
 .binary_info.__bi_ptr28
                0x0000000010007f10        0x4 CMakeFiles/register.dir/home/tom/Documents/pico/pico-sdk/src/rp2_common/pico_stdio_uart/stdio_uart.c.obj
 .binary_info.__bi_ptr29
                0x0000000010007f14        0x4 CMakeFiles/register.dir/home/tom/Documents/pico/pico-sdk/src/rp2_common/pico_stdio_uart/stdio_uart.c.obj
 .binary_info.__bi_ptr118
                0x0000000010007f18        0x4 CMakeFiles/register.dir/home/tom/Documents/pico/pico-sdk/src/rp2_common/pico_stdio_usb/stdio_usb.c.obj
                0x0000000010007f1c                __binary_info_end = .
                0x0000000010007f1c                . = ALIGN (0x4)
                0x0000000010007f1c                __etext = .

.ram_vector_table
                0x0000000020000000       0xc0
 *(.ram_vector_table)
 .ram_vector_table
                0x0000000020000000       0xc0 CMakeFiles/register.dir/home/tom/Documents/pico/pico-sdk/src/rp2_common/pico_runtime/runtime.c.obj
                0x0000000020000000                ram_vector_table

.data           0x00000000200000c0      0x808 load address 0x0000000010007f1c
                0x00000000200000c0                __data_start__ = .
 *(vtable)
 *(.time_critical*)
 .time_critical.mutex_enter_blocking
                0x00000000200000c0       0x48 CMakeFiles/register.dir/home/tom/Documents/pico/pico-sdk/src/common/pico_sync/mutex.c.obj
                0x00000000200000c0                mutex_enter_blocking
 .time_critical.mutex_try_enter
                0x0000000020000108       0x44 CMakeFiles/register.dir/home/tom/Documents/pico/pico-sdk/src/common/pico_sync/mutex.c.obj
                0x0000000020000108                mutex_try_enter
 .time_critical.mutex_enter_timeout_ms
                0x000000002000014c       0xa0 CMakeFiles/register.dir/home/tom/Documents/pico/pico-sdk/src/common/pico_sync/mutex.c.obj
                0x000000002000014c                mutex_enter_timeout_ms
 .time_critical.mutex_exit
                0x00000000200001ec       0x28 CMakeFiles/register.dir/home/tom/Documents/pico/pico-sdk/src/common/pico_sync/mutex.c.obj
                0x00000000200001ec                mutex_exit
 .time_critical.flash_init_boot2_copyout
                0x0000000020000214       0x30 CMakeFiles/register.dir/home/tom/Documents/pico/pico-sdk/src/rp2_common/hardware_flash/flash.c.obj
 .time_critical.flash_enable_xip_via_boot2
                0x0000000020000244       0x10 CMakeFiles/register.dir/home/tom/Documents/pico/pico-sdk/src/rp2_common/hardware_flash/flash.c.obj
 .time_critical.flash_cs_force
                0x0000000020000254       0x38 CMakeFiles/register.dir/home/tom/Documents/pico/pico-sdk/src/rp2_common/hardware_flash/flash.c.obj
 .time_critical.flash_do_cmd
                0x000000002000028c       0xc4 CMakeFiles/register.dir/home/tom/Documents/pico/pico-sdk/src/rp2_common/hardware_flash/flash.c.obj
                0x000000002000028c                flash_do_cmd
 *(.text*)
 .text          0x0000000020000350        0x4 /usr/lib/gcc/arm-none-eabi/10.3.1/thumb/v6-m/nofp/libgcc.a(_dvmd_tls.o)
                0x0000000020000350                __aeabi_ldiv0
                0x0000000020000350                __aeabi_idiv0
 *fill*         0x0000000020000354        0x4 
 .text.__stub   0x0000000020000358       0x30 linker stubs
                0x0000000020000388                . = ALIGN (0x4)
 *(.rodata*)
                0x0000000020000388                . = ALIGN (0x4)
 *(.data*)
 .data.striped_spin_lock_num
                0x0000000020000388        0x1 CMakeFiles/register.dir/home/tom/Documents/pico/pico-sdk/src/rp2_common/hardware_sync/sync.c.obj
 *fill*         0x0000000020000389        0x3 
 .data          0x000000002000038c       0x48 CMakeFiles/register.dir/home/tom/Documents/pico/pico-sdk/src/rp2_common/hardware_irq/irq_handler_chain.S.obj
                0x000000002000038c                irq_handler_chain_slots
                0x00000000200003bc                irq_handler_chain_first_slot
                0x00000000200003c6                irq_handler_chain_remove_tail
 .data.default_alarm_pool
                0x00000000200003d4       0x18 CMakeFiles/register.dir/home/tom/Documents/pico/pico-sdk/src/common/pico_time/time.c.obj
 .data.default_alarm_pool_heap
                0x00000000200003ec       0x10 CMakeFiles/register.dir/home/tom/Documents/pico/pico-sdk/src/common/pico_time/time.c.obj
 *fill*         0x00000000200003fc        0x4 
 .data.aeabi_bits_funcs
                0x0000000020000400       0x10 CMakeFiles/register.dir/home/tom/Documents/pico/pico-sdk/src/rp2_common/pico_bit_ops/bit_ops_aeabi.S.obj
                0x0000000020000400                aeabi_bits_funcs
                0x0000000020000410                aeabi_bits_funcs_end
 .data.aeabi_mem_funcs
                0x0000000020000410       0x10 CMakeFiles/register.dir/home/tom/Documents/pico/pico-sdk/src/rp2_common/pico_mem_ops/mem_ops_aeabi.S.obj
                0x0000000020000410                aeabi_mem_funcs
                0x0000000020000420                aeabi_mem_funcs_end
 .data.stdio_uart
                0x0000000020000420       0x14 CMakeFiles/register.dir/home/tom/Documents/pico/pico-sdk/src/rp2_common/pico_stdio_uart/stdio_uart.c.obj
                0x0000000020000420                stdio_uart
 .data.stdio_usb
                0x0000000020000434       0x14 CMakeFiles/register.dir/home/tom/Documents/pico/pico-sdk/src/rp2_common/pico_stdio_usb/stdio_usb.c.obj
                0x0000000020000434                stdio_usb
 .data.ep_dir_string
                0x0000000020000448        0x8 CMakeFiles/register.dir/home/tom/Documents/pico/pico-sdk/lib/tinyusb/src/portable/raspberrypi/rp2040/rp2040_usb.c.obj
                0x0000000020000448                ep_dir_string
 .data._usbd_qdef
                0x0000000020000450       0x24 CMakeFiles/register.dir/home/tom/Documents/pico/pico-sdk/lib/tinyusb/src/device/usbd.c.obj
                0x0000000020000450                _usbd_qdef
 *fill*         0x0000000020000474        0x4 
 .data          0x0000000020000478      0x430 /usr/lib/gcc/arm-none-eabi/10.3.1/../../../arm-none-eabi/lib/thumb/v6-m/nofp/libc.a(lib_a-impure.o)
                0x0000000020000478                _impure_ptr
                0x00000000200008a8                . = ALIGN (0x4)
 *(.after_data.*)
                0x00000000200008a8                . = ALIGN (0x4)
                0x00000000200008a8                PROVIDE (__mutex_array_start = .)
 *(SORT_BY_NAME(.mutex_array.*))
 *(.mutex_array)
 .mutex_array   0x00000000200008a8        0x8 CMakeFiles/register.dir/home/tom/Documents/pico/pico-sdk/src/rp2_common/pico_stdio/stdio.c.obj
                0x00000000200008b0                PROVIDE (__mutex_array_end = .)
                0x00000000200008b0                . = ALIGN (0x4)
                0x00000000200008b0                PROVIDE (__preinit_array_start = .)
 *(SORT_BY_NAME(.preinit_array.*))
 .preinit_array.00001
                0x00000000200008b0        0x4 CMakeFiles/register.dir/home/tom/Documents/pico/pico-sdk/src/rp2_common/pico_mem_ops/mem_ops_aeabi.S.obj
 .preinit_array.00010
                0x00000000200008b4        0x4 CMakeFiles/register.dir/home/tom/Documents/pico/pico-sdk/src/rp2_common/pico_bit_ops/bit_ops_aeabi.S.obj
 .preinit_array.00020
                0x00000000200008b8        0x4 CMakeFiles/register.dir/home/tom/Documents/pico/pico-sdk/src/rp2_common/pico_double/double_aeabi.S.obj
 .preinit_array.00020
                0x00000000200008bc        0x4 CMakeFiles/register.dir/home/tom/Documents/pico/pico-sdk/src/rp2_common/pico_float/float_aeabi.S.obj
 *(.preinit_array)
                0x00000000200008c0                PROVIDE (__preinit_array_end = .)
                0x00000000200008c0                . = ALIGN (0x4)
                0x00000000200008c0                PROVIDE (__init_array_start = .)
 *(SORT_BY_NAME(.init_array.*))
 *(.init_array)
 .init_array    0x00000000200008c0        0x4 /usr/lib/gcc/arm-none-eabi/10.3.1/thumb/v6-m/nofp/crtbegin.o
 .init_array    0x00000000200008c4        0x4 CMakeFiles/register.dir/home/tom/Documents/pico/pico-sdk/src/rp2_common/pico_unique_id/unique_id.c.obj
                0x00000000200008c8                PROVIDE (__init_array_end = .)
                0x00000000200008c8                . = ALIGN (0x4)
                0x00000000200008c8                PROVIDE (__fini_array_start = .)
 *(SORT_BY_NAME(.fini_array.*))
 *(.fini_array)
                0x00000000200008c8                PROVIDE (__fini_array_end = .)
 *(.jcr)
                0x00000000200008c8                . = ALIGN (0x4)
                0x00000000200008c8                __data_end__ = .

.tm_clone_table
                0x00000000200008c8        0x0 load address 0x0000000010008724
 .tm_clone_table
                0x00000000200008c8        0x0 /usr/lib/gcc/arm-none-eabi/10.3.1/thumb/v6-m/nofp/crtbegin.o
 .tm_clone_table
                0x00000000200008c8        0x0 /usr/lib/gcc/arm-none-eabi/10.3.1/thumb/v6-m/nofp/crtend.o

.igot.plt       0x00000000200008c8        0x0 load address 0x0000000010008724
 .igot.plt      0x00000000200008c8        0x0 /usr/lib/gcc/arm-none-eabi/10.3.1/thumb/v6-m/nofp/crtbegin.o

.uninitialized_data
                0x00000000200008c8        0x0 load address 0x0000000010008724
                0x00000000200008c8                . = ALIGN (0x4)
 *(.uninitialized_data*)

.scratch_x      0x0000000020040000        0x0 load address 0x0000000010008724
                0x0000000020040000                __scratch_x_start__ = .
 *(.scratch_x.*)
                0x0000000020040000                . = ALIGN (0x4)
                0x0000000020040000                __scratch_x_end__ = .
                0x0000000010008724                __scratch_x_source__ = LOADADDR (.scratch_x)

.scratch_y      0x0000000020041000        0x0 load address 0x0000000010008724
                0x0000000020041000                __scratch_y_start__ = .
 *(.scratch_y.*)
                0x0000000020041000                . = ALIGN (0x4)
                0x0000000020041000                __scratch_y_end__ = .
                0x0000000010008724                __scratch_y_source__ = LOADADDR (.scratch_y)

.bss            0x00000000200008c8      0xd90
                0x00000000200008c8                . = ALIGN (0x4)
                0x00000000200008c8                __bss_start__ = .
 *(SORT_BY_ALIGNMENT(SORT_BY_NAME(.bss*)))
 .bss.default_alarm_pool_entries
                0x00000000200008c8      0x100 CMakeFiles/register.dir/home/tom/Documents/pico/pico-sdk/src/common/pico_time/time.c.obj
 .bss.last_avail_time.1
                0x00000000200009c8        0x8 CMakeFiles/register.dir/home/tom/Documents/pico/pico-sdk/src/rp2_common/pico_stdio_usb/stdio_usb.c.obj
 .bss.sd_table  0x00000000200009d0      0x100 CMakeFiles/register.dir/home/tom/Documents/pico/pico-sdk/src/rp2_common/pico_double/double_init_rom.c.obj
                0x00000000200009d0                sd_table
 .bss.sf_table  0x0000000020000ad0      0x100 CMakeFiles/register.dir/home/tom/Documents/pico/pico-sdk/src/rp2_common/pico_float/float_init_rom.c.obj
                0x0000000020000ad0                sf_table
 .bss           0x0000000020000bd0       0x1c /usr/lib/gcc/arm-none-eabi/10.3.1/thumb/v6-m/nofp/crtbegin.o
 .bss._app_driver
                0x0000000020000bec        0x4 CMakeFiles/register.dir/home/tom/Documents/pico/pico-sdk/lib/tinyusb/src/device/usbd.c.obj
 .bss._cdcd_itf
                0x0000000020000bf0      0x2d8 CMakeFiles/register.dir/home/tom/Documents/pico/pico-sdk/lib/tinyusb/src/class/cdc/cdc_device.c.obj
 .bss._ctrl_xfer
                0x0000000020000ec8       0x14 CMakeFiles/register.dir/home/tom/Documents/pico/pico-sdk/lib/tinyusb/src/device/usbd_control.c.obj
 .bss._ubsd_mutexdef
                0x0000000020000edc        0x8 CMakeFiles/register.dir/home/tom/Documents/pico/pico-sdk/lib/tinyusb/src/device/usbd.c.obj
 .bss._usbd_ctrl_buf
                0x0000000020000ee4       0x40 CMakeFiles/register.dir/home/tom/Documents/pico/pico-sdk/lib/tinyusb/src/device/usbd_control.c.obj
 .bss._usbd_dev
                0x0000000020000f24       0x53 CMakeFiles/register.dir/home/tom/Documents/pico/pico-sdk/lib/tinyusb/src/device/usbd.c.obj
 *fill*         0x0000000020000f77        0x1 
 .bss._usbd_mutex
                0x0000000020000f78        0x4 CMakeFiles/register.dir/home/tom/Documents/pico/pico-sdk/lib/tinyusb/src/device/usbd.c.obj
 .bss._usbd_q   0x0000000020000f7c        0x4 CMakeFiles/register.dir/home/tom/Documents/pico/pico-sdk/lib/tinyusb/src/device/usbd.c.obj
 .bss._usbd_qdef_buf
                0x0000000020000f80       0xc0 CMakeFiles/register.dir/home/tom/Documents/pico/pico-sdk/lib/tinyusb/src/device/usbd.c.obj
                0x0000000020000f80                _usbd_qdef_buf
 .bss.alarm_callbacks
                0x0000000020001040       0x10 CMakeFiles/register.dir/home/tom/Documents/pico/pico-sdk/src/rp2_common/hardware_timer/timer.c.obj
 .bss.boot2_copyout
                0x0000000020001050      0x100 CMakeFiles/register.dir/home/tom/Documents/pico/pico-sdk/src/rp2_common/hardware_flash/flash.c.obj
 .bss.claimed   0x0000000020001150        0x4 CMakeFiles/register.dir/home/tom/Documents/pico/pico-sdk/src/rp2_common/hardware_sync/sync.c.obj
 .bss.configured_freq
                0x0000000020001154       0x28 CMakeFiles/register.dir/home/tom/Documents/pico/pico-sdk/src/rp2_common/hardware_clocks/clocks.c.obj
 .bss.default_alarm_pool_entry_ids_high
                0x000000002000117c       0x10 CMakeFiles/register.dir/home/tom/Documents/pico/pico-sdk/src/common/pico_time/time.c.obj
 .bss.default_alarm_pool_heap_nodes
                0x000000002000118c       0x30 CMakeFiles/register.dir/home/tom/Documents/pico/pico-sdk/src/common/pico_time/time.c.obj
 .bss.desc_str.0
                0x00000000200011bc       0x28 CMakeFiles/register.dir/home/tom/Documents/pico/pico-sdk/src/rp2_common/pico_stdio_usb/stdio_usb_descriptors.c.obj
 .bss.drivers   0x00000000200011e4        0x4 CMakeFiles/register.dir/home/tom/Documents/pico/pico-sdk/src/rp2_common/pico_stdio/stdio.c.obj
 .bss.filter    0x00000000200011e8        0x4 CMakeFiles/register.dir/home/tom/Documents/pico/pico-sdk/src/rp2_common/pico_stdio/stdio.c.obj
 .bss.hw_endpoints
                0x00000000200011ec      0x400 CMakeFiles/register.dir/home/tom/Documents/pico/pico-sdk/lib/tinyusb/src/portable/raspberrypi/rp2040/dcd_rp2040.c.obj
 .bss.lazy_vsnprintf
                0x00000000200015ec        0x4 CMakeFiles/register.dir/home/tom/Documents/pico/pico-sdk/src/rp2_common/pico_printf/printf.c.obj
 .bss.load_value
                0x00000000200015f0        0x4 CMakeFiles/register.dir/home/tom/Documents/pico/pico-sdk/src/rp2_common/hardware_watchdog/watchdog.c.obj
 .bss.next_buffer_ptr
                0x00000000200015f4        0x4 CMakeFiles/register.dir/home/tom/Documents/pico/pico-sdk/lib/tinyusb/src/portable/raspberrypi/rp2040/dcd_rp2040.c.obj
 .bss.pools     0x00000000200015f8       0x10 CMakeFiles/register.dir/home/tom/Documents/pico/pico-sdk/src/common/pico_time/time.c.obj
 .bss.retrieved_id
                0x0000000020001608        0x8 CMakeFiles/register.dir/home/tom/Documents/pico/pico-sdk/src/rp2_common/pico_unique_id/unique_id.c.obj
 .bss.sf_clz_func
                0x0000000020001610        0x4 CMakeFiles/register.dir/home/tom/Documents/pico/pico-sdk/src/rp2_common/pico_double/double_init_rom.c.obj
                0x0000000020001610                sf_clz_func
 .bss.sleep_notifier
                0x0000000020001614        0x4 CMakeFiles/register.dir/home/tom/Documents/pico/pico-sdk/src/common/pico_time/time.c.obj
 .bss.stdio_usb_mutex
                0x0000000020001618        0x8 CMakeFiles/register.dir/home/tom/Documents/pico/pico-sdk/src/rp2_common/pico_stdio_usb/stdio_usb.c.obj
 .bss.target_hi
                0x0000000020001620       0x10 CMakeFiles/register.dir/home/tom/Documents/pico/pico-sdk/src/rp2_common/hardware_timer/timer.c.obj
 .bss.uart_char_to_line_feed
                0x0000000020001630        0x4 CMakeFiles/register.dir/home/tom/Documents/pico/pico-sdk/src/rp2_common/hardware_uart/uart.c.obj
                0x0000000020001630                uart_char_to_line_feed
 .bss.uart_instance
                0x0000000020001634        0x4 CMakeFiles/register.dir/home/tom/Documents/pico/pico-sdk/src/rp2_common/pico_stdio_uart/stdio_uart.c.obj
 .bss.usbd_serial_str
                0x0000000020001638       0x11 CMakeFiles/register.dir/home/tom/Documents/pico/pico-sdk/src/rp2_common/pico_stdio_usb/stdio_usb_descriptors.c.obj
 *fill*         0x0000000020001649        0x3 
 .bss.user_irq_claimed
                0x000000002000164c        0x2 CMakeFiles/register.dir/home/tom/Documents/pico/pico-sdk/src/rp2_common/hardware_irq/irq.c.obj
 .bss._app_driver_count
                0x000000002000164e        0x1 CMakeFiles/register.dir/home/tom/Documents/pico/pico-sdk/lib/tinyusb/src/device/usbd.c.obj
 .bss._usbd_initialized
                0x000000002000164f        0x1 CMakeFiles/register.dir/home/tom/Documents/pico/pico-sdk/lib/tinyusb/src/device/usbd.c.obj
 .bss.boot2_copyout_valid
                0x0000000020001650        0x1 CMakeFiles/register.dir/home/tom/Documents/pico/pico-sdk/src/rp2_common/hardware_flash/flash.c.obj
 .bss.claimed   0x0000000020001651        0x1 CMakeFiles/register.dir/home/tom/Documents/pico/pico-sdk/src/rp2_common/hardware_timer/timer.c.obj
 .bss.irq_hander_chain_free_slot_head
                0x0000000020001652        0x1 CMakeFiles/register.dir/home/tom/Documents/pico/pico-sdk/src/rp2_common/hardware_irq/irq.c.obj
 .bss.itf_num   0x0000000020001653        0x1 CMakeFiles/register.dir/home/tom/Documents/pico/pico-sdk/src/rp2_common/pico_stdio_usb/reset_interface.c.obj
 .bss.low_priority_irq_num
                0x0000000020001654        0x1 CMakeFiles/register.dir/home/tom/Documents/pico/pico-sdk/src/rp2_common/pico_stdio_usb/stdio_usb.c.obj
 .bss.timer_callbacks_pending
                0x0000000020001655        0x1 CMakeFiles/register.dir/home/tom/Documents/pico/pico-sdk/src/rp2_common/hardware_timer/timer.c.obj
 *(COMMON)
                0x0000000020001658                . = ALIGN (0x4)
 *fill*         0x0000000020001656        0x2 
                0x0000000020001658                __bss_end__ = .

.heap           0x0000000020001658      0x800
                0x0000000020001658                __end__ = .
                0x0000000020001658                end = __end__
 *(.heap*)
 .heap          0x0000000020001658      0x800 CMakeFiles/register.dir/home/tom/Documents/pico/pico-sdk/src/rp2_common/pico_standard_link/crt0.S.obj
                0x0000000020001e58                __HeapLimit = .

.stack1_dummy   0x0000000020040000        0x0
 *(.stack1*)

.stack_dummy    0x0000000020041000      0x800
 *(.stack*)
 .stack         0x0000000020041000      0x800 CMakeFiles/register.dir/home/tom/Documents/pico/pico-sdk/src/rp2_common/pico_standard_link/crt0.S.obj

.flash_end      0x0000000010008724        0x0
                0x0000000010008724                __flash_binary_end = .
                0x0000000020040000                __StackLimit = (ORIGIN (RAM) + LENGTH (RAM))
                0x0000000020041000                __StackOneTop = (ORIGIN (SCRATCH_X) + LENGTH (SCRATCH_X))
                0x0000000020042000                __StackTop = (ORIGIN (SCRATCH_Y) + LENGTH (SCRATCH_Y))
                0x0000000020041000                __StackOneBottom = (__StackOneTop - SIZEOF (.stack1_dummy))
                0x0000000020041800                __StackBottom = (__StackTop - SIZEOF (.stack_dummy))
                0x0000000020042000                PROVIDE (__stack = __StackTop)
                0x0000000000000001                ASSERT ((__StackLimit >= __HeapLimit), region RAM overflowed)
                0x0000000000000001                ASSERT (((__binary_info_header_end - __logical_binary_start) <= 0x100), Binary info must be in first 256 bytes of the binary)
LOAD CMakeFiles/register.dir/lab2b_register.c.obj
LOAD CMakeFiles/register.dir/home/tom/Documents/pico/pico-sdk/src/rp2_common/pico_stdlib/stdlib.c.obj
LOAD CMakeFiles/register.dir/home/tom/Documents/pico/pico-sdk/src/rp2_common/hardware_gpio/gpio.c.obj
LOAD CMakeFiles/register.dir/home/tom/Documents/pico/pico-sdk/src/rp2_common/hardware_claim/claim.c.obj
LOAD CMakeFiles/register.dir/home/tom/Documents/pico/pico-sdk/src/rp2_common/pico_platform/platform.c.obj
LOAD CMakeFiles/register.dir/home/tom/Documents/pico/pico-sdk/src/rp2_common/hardware_sync/sync.c.obj
LOAD CMakeFiles/register.dir/home/tom/Documents/pico/pico-sdk/src/rp2_common/hardware_irq/irq.c.obj
LOAD CMakeFiles/register.dir/home/tom/Documents/pico/pico-sdk/src/rp2_common/hardware_irq/irq_handler_chain.S.obj
LOAD CMakeFiles/register.dir/home/tom/Documents/pico/pico-sdk/src/common/pico_sync/sem.c.obj
LOAD CMakeFiles/register.dir/home/tom/Documents/pico/pico-sdk/src/common/pico_sync/lock_core.c.obj
LOAD CMakeFiles/register.dir/home/tom/Documents/pico/pico-sdk/src/common/pico_time/time.c.obj
LOAD CMakeFiles/register.dir/home/tom/Documents/pico/pico-sdk/src/common/pico_time/timeout_helper.c.obj
LOAD CMakeFiles/register.dir/home/tom/Documents/pico/pico-sdk/src/rp2_common/hardware_timer/timer.c.obj
LOAD CMakeFiles/register.dir/home/tom/Documents/pico/pico-sdk/src/common/pico_util/datetime.c.obj
LOAD CMakeFiles/register.dir/home/tom/Documents/pico/pico-sdk/src/common/pico_util/pheap.c.obj
LOAD CMakeFiles/register.dir/home/tom/Documents/pico/pico-sdk/src/common/pico_util/queue.c.obj
LOAD CMakeFiles/register.dir/home/tom/Documents/pico/pico-sdk/src/common/pico_sync/mutex.c.obj
LOAD CMakeFiles/register.dir/home/tom/Documents/pico/pico-sdk/src/common/pico_sync/critical_section.c.obj
LOAD CMakeFiles/register.dir/home/tom/Documents/pico/pico-sdk/src/rp2_common/hardware_uart/uart.c.obj
LOAD CMakeFiles/register.dir/home/tom/Documents/pico/pico-sdk/src/rp2_common/hardware_divider/divider.S.obj
LOAD CMakeFiles/register.dir/home/tom/Documents/pico/pico-sdk/src/rp2_common/pico_runtime/runtime.c.obj
LOAD CMakeFiles/register.dir/home/tom/Documents/pico/pico-sdk/src/rp2_common/hardware_clocks/clocks.c.obj
LOAD CMakeFiles/register.dir/home/tom/Documents/pico/pico-sdk/src/rp2_common/hardware_pll/pll.c.obj
LOAD CMakeFiles/register.dir/home/tom/Documents/pico/pico-sdk/src/rp2_common/hardware_vreg/vreg.c.obj
LOAD CMakeFiles/register.dir/home/tom/Documents/pico/pico-sdk/src/rp2_common/hardware_watchdog/watchdog.c.obj
LOAD CMakeFiles/register.dir/home/tom/Documents/pico/pico-sdk/src/rp2_common/hardware_xosc/xosc.c.obj
LOAD CMakeFiles/register.dir/home/tom/Documents/pico/pico-sdk/src/rp2_common/pico_printf/printf.c.obj
LOAD CMakeFiles/register.dir/home/tom/Documents/pico/pico-sdk/src/rp2_common/pico_bit_ops/bit_ops_aeabi.S.obj
LOAD CMakeFiles/register.dir/home/tom/Documents/pico/pico-sdk/src/rp2_common/pico_bootrom/bootrom.c.obj
LOAD CMakeFiles/register.dir/home/tom/Documents/pico/pico-sdk/src/rp2_common/pico_divider/divider.S.obj
LOAD CMakeFiles/register.dir/home/tom/Documents/pico/pico-sdk/src/rp2_common/pico_double/double_aeabi.S.obj
LOAD CMakeFiles/register.dir/home/tom/Documents/pico/pico-sdk/src/rp2_common/pico_double/double_init_rom.c.obj
LOAD CMakeFiles/register.dir/home/tom/Documents/pico/pico-sdk/src/rp2_common/pico_double/double_math.c.obj
LOAD CMakeFiles/register.dir/home/tom/Documents/pico/pico-sdk/src/rp2_common/pico_double/double_v1_rom_shim.S.obj
LOAD CMakeFiles/register.dir/home/tom/Documents/pico/pico-sdk/src/rp2_common/pico_int64_ops/pico_int64_ops_aeabi.S.obj
LOAD CMakeFiles/register.dir/home/tom/Documents/pico/pico-sdk/src/rp2_common/pico_float/float_aeabi.S.obj
LOAD CMakeFiles/register.dir/home/tom/Documents/pico/pico-sdk/src/rp2_common/pico_float/float_init_rom.c.obj
LOAD CMakeFiles/register.dir/home/tom/Documents/pico/pico-sdk/src/rp2_common/pico_float/float_math.c.obj
LOAD CMakeFiles/register.dir/home/tom/Documents/pico/pico-sdk/src/rp2_common/pico_float/float_v1_rom_shim.S.obj
LOAD CMakeFiles/register.dir/home/tom/Documents/pico/pico-sdk/src/rp2_common/pico_malloc/pico_malloc.c.obj
LOAD CMakeFiles/register.dir/home/tom/Documents/pico/pico-sdk/src/rp2_common/pico_mem_ops/mem_ops_aeabi.S.obj
LOAD CMakeFiles/register.dir/home/tom/Documents/pico/pico-sdk/src/rp2_common/pico_standard_link/crt0.S.obj
LOAD CMakeFiles/register.dir/home/tom/Documents/pico/pico-sdk/src/rp2_common/pico_standard_link/new_delete.cpp.obj
LOAD CMakeFiles/register.dir/home/tom/Documents/pico/pico-sdk/src/rp2_common/pico_standard_link/binary_info.c.obj
LOAD CMakeFiles/register.dir/home/tom/Documents/pico/pico-sdk/src/rp2_common/pico_stdio/stdio.c.obj
LOAD CMakeFiles/register.dir/home/tom/Documents/pico/pico-sdk/src/rp2_common/pico_stdio_uart/stdio_uart.c.obj
LOAD CMakeFiles/register.dir/home/tom/Documents/pico/pico-sdk/src/rp2_common/pico_stdio_usb/reset_interface.c.obj
LOAD CMakeFiles/register.dir/home/tom/Documents/pico/pico-sdk/src/rp2_common/pico_stdio_usb/stdio_usb.c.obj
LOAD CMakeFiles/register.dir/home/tom/Documents/pico/pico-sdk/src/rp2_common/pico_stdio_usb/stdio_usb_descriptors.c.obj
LOAD CMakeFiles/register.dir/home/tom/Documents/pico/pico-sdk/lib/tinyusb/src/portable/raspberrypi/rp2040/dcd_rp2040.c.obj
LOAD CMakeFiles/register.dir/home/tom/Documents/pico/pico-sdk/lib/tinyusb/src/portable/raspberrypi/rp2040/rp2040_usb.c.obj
LOAD CMakeFiles/register.dir/home/tom/Documents/pico/pico-sdk/lib/tinyusb/src/device/usbd.c.obj
LOAD CMakeFiles/register.dir/home/tom/Documents/pico/pico-sdk/lib/tinyusb/src/device/usbd_control.c.obj
LOAD CMakeFiles/register.dir/home/tom/Documents/pico/pico-sdk/lib/tinyusb/src/class/audio/audio_device.c.obj
LOAD CMakeFiles/register.dir/home/tom/Documents/pico/pico-sdk/lib/tinyusb/src/class/cdc/cdc_device.c.obj
LOAD CMakeFiles/register.dir/home/tom/Documents/pico/pico-sdk/lib/tinyusb/src/class/dfu/dfu_device.c.obj
LOAD CMakeFiles/register.dir/home/tom/Documents/pico/pico-sdk/lib/tinyusb/src/class/dfu/dfu_rt_device.c.obj
LOAD CMakeFiles/register.dir/home/tom/Documents/pico/pico-sdk/lib/tinyusb/src/class/hid/hid_device.c.obj
LOAD CMakeFiles/register.dir/home/tom/Documents/pico/pico-sdk/lib/tinyusb/src/class/midi/midi_device.c.obj
LOAD CMakeFiles/register.dir/home/tom/Documents/pico/pico-sdk/lib/tinyusb/src/class/msc/msc_device.c.obj
LOAD CMakeFiles/register.dir/home/tom/Documents/pico/pico-sdk/lib/tinyusb/src/class/net/ecm_rndis_device.c.obj
LOAD CMakeFiles/register.dir/home/tom/Documents/pico/pico-sdk/lib/tinyusb/src/class/net/ncm_device.c.obj
LOAD CMakeFiles/register.dir/home/tom/Documents/pico/pico-sdk/lib/tinyusb/src/class/usbtmc/usbtmc_device.c.obj
LOAD CMakeFiles/register.dir/home/tom/Documents/pico/pico-sdk/lib/tinyusb/src/class/vendor/vendor_device.c.obj
LOAD CMakeFiles/register.dir/home/tom/Documents/pico/pico-sdk/lib/tinyusb/src/class/video/video_device.c.obj
LOAD CMakeFiles/register.dir/home/tom/Documents/pico/pico-sdk/lib/tinyusb/src/tusb.c.obj
LOAD CMakeFiles/register.dir/home/tom/Documents/pico/pico-sdk/lib/tinyusb/src/common/tusb_fifo.c.obj
LOAD CMakeFiles/register.dir/home/tom/Documents/pico/pico-sdk/src/rp2_common/pico_fix/rp2040_usb_device_enumeration/rp2040_usb_device_enumeration.c.obj
LOAD CMakeFiles/register.dir/home/tom/Documents/pico/pico-sdk/src/rp2_common/pico_unique_id/unique_id.c.obj
LOAD CMakeFiles/register.dir/home/tom/Documents/pico/pico-sdk/src/rp2_common/hardware_flash/flash.c.obj
LOAD CMakeFiles/register.dir/home/tom/Documents/pico/pico-sdk/src/rp2_common/hardware_dma/dma.c.obj
LOAD CMakeFiles/register.dir/home/tom/Documents/pico/pico-sdk/src/rp2_common/hardware_pio/pio.c.obj
LOAD /tmp/cckInOxR.o
LOAD /usr/lib/gcc/arm-none-eabi/10.3.1/../../../arm-none-eabi/lib/thumb/v6-m/nofp/libstdc++.a
LOAD /usr/lib/gcc/arm-none-eabi/10.3.1/../../../arm-none-eabi/lib/thumb/v6-m/nofp/libm.a
START GROUP
LOAD /usr/lib/gcc/arm-none-eabi/10.3.1/thumb/v6-m/nofp/libgcc.a
LOAD /usr/lib/gcc/arm-none-eabi/10.3.1/../../../arm-none-eabi/lib/thumb/v6-m/nofp/libc.a
END GROUP
START GROUP
LOAD /usr/lib/gcc/arm-none-eabi/10.3.1/thumb/v6-m/nofp/libgcc.a
LOAD /usr/lib/gcc/arm-none-eabi/10.3.1/../../../arm-none-eabi/lib/thumb/v6-m/nofp/libc.a
LOAD /usr/lib/gcc/arm-none-eabi/10.3.1/../../../arm-none-eabi/lib/thumb/v6-m/nofp/libnosys.a
END GROUP
LOAD /usr/lib/gcc/arm-none-eabi/10.3.1/thumb/v6-m/nofp/crtend.o
LOAD /usr/lib/gcc/arm-none-eabi/10.3.1/thumb/v6-m/nofp/crtn.o
OUTPUT(register.elf elf32-littlearm)
LOAD linker stubs

.ARM.attributes
                0x0000000000000000       0x28
 .ARM.attributes
                0x0000000000000000       0x1e /usr/lib/gcc/arm-none-eabi/10.3.1/thumb/v6-m/nofp/crti.o
 .ARM.attributes
                0x000000000000001e       0x2c /usr/lib/gcc/arm-none-eabi/10.3.1/thumb/v6-m/nofp/crtbegin.o
 .ARM.attributes
                0x000000000000004a       0x2c CMakeFiles/register.dir/lab2b_register.c.obj
 .ARM.attributes
                0x0000000000000076       0x2c CMakeFiles/register.dir/home/tom/Documents/pico/pico-sdk/src/rp2_common/hardware_gpio/gpio.c.obj
 .ARM.attributes
                0x00000000000000a2       0x2c CMakeFiles/register.dir/home/tom/Documents/pico/pico-sdk/src/rp2_common/hardware_claim/claim.c.obj
 .ARM.attributes
                0x00000000000000ce       0x2c CMakeFiles/register.dir/home/tom/Documents/pico/pico-sdk/src/rp2_common/pico_platform/platform.c.obj
 .ARM.attributes
                0x00000000000000fa       0x2c CMakeFiles/register.dir/home/tom/Documents/pico/pico-sdk/src/rp2_common/hardware_sync/sync.c.obj
 .ARM.attributes
                0x0000000000000126       0x2c CMakeFiles/register.dir/home/tom/Documents/pico/pico-sdk/src/rp2_common/hardware_irq/irq.c.obj
 .ARM.attributes
                0x0000000000000152       0x22 CMakeFiles/register.dir/home/tom/Documents/pico/pico-sdk/src/rp2_common/hardware_irq/irq_handler_chain.S.obj
 .ARM.attributes
                0x0000000000000174       0x2c CMakeFiles/register.dir/home/tom/Documents/pico/pico-sdk/src/common/pico_sync/lock_core.c.obj
 .ARM.attributes
                0x00000000000001a0       0x2c CMakeFiles/register.dir/home/tom/Documents/pico/pico-sdk/src/common/pico_time/time.c.obj
 .ARM.attributes
                0x00000000000001cc       0x2c CMakeFiles/register.dir/home/tom/Documents/pico/pico-sdk/src/rp2_common/hardware_timer/timer.c.obj
 .ARM.attributes
                0x00000000000001f8       0x2c CMakeFiles/register.dir/home/tom/Documents/pico/pico-sdk/src/common/pico_util/pheap.c.obj
 .ARM.attributes
                0x0000000000000224       0x2c CMakeFiles/register.dir/home/tom/Documents/pico/pico-sdk/src/common/pico_sync/mutex.c.obj
 .ARM.attributes
                0x0000000000000250       0x2c CMakeFiles/register.dir/home/tom/Documents/pico/pico-sdk/src/common/pico_sync/critical_section.c.obj
 .ARM.attributes
                0x000000000000027c       0x2c CMakeFiles/register.dir/home/tom/Documents/pico/pico-sdk/src/rp2_common/hardware_uart/uart.c.obj
 .ARM.attributes
                0x00000000000002a8       0x2c CMakeFiles/register.dir/home/tom/Documents/pico/pico-sdk/src/rp2_common/pico_runtime/runtime.c.obj
 .ARM.attributes
                0x00000000000002d4       0x2c CMakeFiles/register.dir/home/tom/Documents/pico/pico-sdk/src/rp2_common/hardware_clocks/clocks.c.obj
 .ARM.attributes
                0x0000000000000300       0x2c CMakeFiles/register.dir/home/tom/Documents/pico/pico-sdk/src/rp2_common/hardware_pll/pll.c.obj
 .ARM.attributes
                0x000000000000032c       0x2c CMakeFiles/register.dir/home/tom/Documents/pico/pico-sdk/src/rp2_common/hardware_watchdog/watchdog.c.obj
 .ARM.attributes
                0x0000000000000358       0x2c CMakeFiles/register.dir/home/tom/Documents/pico/pico-sdk/src/rp2_common/hardware_xosc/xosc.c.obj
 .ARM.attributes
                0x0000000000000384       0x2c CMakeFiles/register.dir/home/tom/Documents/pico/pico-sdk/src/rp2_common/pico_printf/printf.c.obj
 .ARM.attributes
                0x00000000000003b0       0x22 CMakeFiles/register.dir/home/tom/Documents/pico/pico-sdk/src/rp2_common/pico_bit_ops/bit_ops_aeabi.S.obj
 .ARM.attributes