Archive member included to satisfy reference by file (symbol)

/opt/homebrew/Cellar/arm-none-eabi-gcc/10.3-2021.07/gcc/bin/../lib/gcc/arm-none-eabi/10.3.1/thumb/v6-m/nofp/libgcc.a(_dvmd_tls.o)
                              CMakeFiles/test.dir/Users/lize/pico/pico-sdk/src/rp2_common/pico_divider/divider.S.obj (__aeabi_idiv0)
/opt/homebrew/Cellar/arm-none-eabi-gcc/10.3-2021.07/gcc/bin/../lib/gcc/arm-none-eabi/10.3.1/../../../../arm-none-eabi/lib/thumb/v6-m/nofp/libg.a(lib_a-calloc.o)
                              CMakeFiles/test.dir/Users/lize/pico/pico-sdk/src/rp2_common/pico_malloc/pico_malloc.c.obj (calloc)
/opt/homebrew/Cellar/arm-none-eabi-gcc/10.3-2021.07/gcc/bin/../lib/gcc/arm-none-eabi/10.3.1/../../../../arm-none-eabi/lib/thumb/v6-m/nofp/libg.a(lib_a-callocr.o)
                              /opt/homebrew/Cellar/arm-none-eabi-gcc/10.3-2021.07/gcc/bin/../lib/gcc/arm-none-eabi/10.3.1/../../../../arm-none-eabi/lib/thumb/v6-m/nofp/libg.a(lib_a-calloc.o) (_calloc_r)
/opt/homebrew/Cellar/arm-none-eabi-gcc/10.3-2021.07/gcc/bin/../lib/gcc/arm-none-eabi/10.3.1/../../../../arm-none-eabi/lib/thumb/v6-m/nofp/libg.a(lib_a-ctype_.o)
                              CMakeFiles/test.dir/Users/lize/pico/pico-sdk/lib/tinyusb/src/tusb.c.obj (_ctype_)
/opt/homebrew/Cellar/arm-none-eabi-gcc/10.3-2021.07/gcc/bin/../lib/gcc/arm-none-eabi/10.3.1/../../../../arm-none-eabi/lib/thumb/v6-m/nofp/libg.a(lib_a-errno.o)
                              /opt/homebrew/Cellar/arm-none-eabi-gcc/10.3-2021.07/gcc/bin/../lib/gcc/arm-none-eabi/10.3.1/../../../../arm-none-eabi/lib/thumb/v6-m/nofp/libg.a(lib_a-callocr.o) (__errno)
/opt/homebrew/Cellar/arm-none-eabi-gcc/10.3-2021.07/gcc/bin/../lib/gcc/arm-none-eabi/10.3.1/../../../../arm-none-eabi/lib/thumb/v6-m/nofp/libg.a(lib_a-impure.o)
                              /opt/homebrew/Cellar/arm-none-eabi-gcc/10.3-2021.07/gcc/bin/../lib/gcc/arm-none-eabi/10.3.1/../../../../arm-none-eabi/lib/thumb/v6-m/nofp/libg.a(lib_a-calloc.o) (_impure_ptr)
/opt/homebrew/Cellar/arm-none-eabi-gcc/10.3-2021.07/gcc/bin/../lib/gcc/arm-none-eabi/10.3.1/../../../../arm-none-eabi/lib/thumb/v6-m/nofp/libg.a(lib_a-init.o)
                              /opt/homebrew/Cellar/arm-none-eabi-gcc/10.3-2021.07/gcc/bin/../lib/gcc/arm-none-eabi/10.3.1/../../../../arm-none-eabi/lib/thumb/v6-m/nofp/crt0.o (__libc_init_array)
/opt/homebrew/Cellar/arm-none-eabi-gcc/10.3-2021.07/gcc/bin/../lib/gcc/arm-none-eabi/10.3.1/../../../../arm-none-eabi/lib/thumb/v6-m/nofp/libg.a(lib_a-malloc.o)
                              CMakeFiles/test.dir/Users/lize/pico/pico-sdk/src/rp2_common/pico_malloc/pico_malloc.c.obj (malloc)
/opt/homebrew/Cellar/arm-none-eabi-gcc/10.3-2021.07/gcc/bin/../lib/gcc/arm-none-eabi/10.3.1/../../../../arm-none-eabi/lib/thumb/v6-m/nofp/libg.a(lib_a-mallocr.o)
                              /opt/homebrew/Cellar/arm-none-eabi-gcc/10.3-2021.07/gcc/bin/../lib/gcc/arm-none-eabi/10.3.1/../../../../arm-none-eabi/lib/thumb/v6-m/nofp/libg.a(lib_a-callocr.o) (_malloc_r)
/opt/homebrew/Cellar/arm-none-eabi-gcc/10.3-2021.07/gcc/bin/../lib/gcc/arm-none-eabi/10.3.1/../../../../arm-none-eabi/lib/thumb/v6-m/nofp/libg.a(lib_a-mlock.o)
                              /opt/homebrew/Cellar/arm-none-eabi-gcc/10.3-2021.07/gcc/bin/../lib/gcc/arm-none-eabi/10.3.1/../../../../arm-none-eabi/lib/thumb/v6-m/nofp/libg.a(lib_a-mallocr.o) (__malloc_lock)
/opt/homebrew/Cellar/arm-none-eabi-gcc/10.3-2021.07/gcc/bin/../lib/gcc/arm-none-eabi/10.3.1/../../../../arm-none-eabi/lib/thumb/v6-m/nofp/libg.a(lib_a-rand.o)
                              CMakeFiles/test.dir/ws2812/ws2812.c.obj (rand)
/opt/homebrew/Cellar/arm-none-eabi-gcc/10.3-2021.07/gcc/bin/../lib/gcc/arm-none-eabi/10.3.1/../../../../arm-none-eabi/lib/thumb/v6-m/nofp/libg.a(lib_a-realloc.o)
                              CMakeFiles/test.dir/Users/lize/pico/pico-sdk/src/rp2_common/pico_malloc/pico_malloc.c.obj (realloc)
/opt/homebrew/Cellar/arm-none-eabi-gcc/10.3-2021.07/gcc/bin/../lib/gcc/arm-none-eabi/10.3.1/../../../../arm-none-eabi/lib/thumb/v6-m/nofp/libg.a(lib_a-reallocr.o)
                              /opt/homebrew/Cellar/arm-none-eabi-gcc/10.3-2021.07/gcc/bin/../lib/gcc/arm-none-eabi/10.3.1/../../../../arm-none-eabi/lib/thumb/v6-m/nofp/libg.a(lib_a-realloc.o) (_realloc_r)
/opt/homebrew/Cellar/arm-none-eabi-gcc/10.3-2021.07/gcc/bin/../lib/gcc/arm-none-eabi/10.3.1/../../../../arm-none-eabi/lib/thumb/v6-m/nofp/libg.a(lib_a-sbrkr.o)
                              /opt/homebrew/Cellar/arm-none-eabi-gcc/10.3-2021.07/gcc/bin/../lib/gcc/arm-none-eabi/10.3.1/../../../../arm-none-eabi/lib/thumb/v6-m/nofp/libg.a(lib_a-mallocr.o) (_sbrk_r)
/opt/homebrew/Cellar/arm-none-eabi-gcc/10.3-2021.07/gcc/bin/../lib/gcc/arm-none-eabi/10.3.1/../../../../arm-none-eabi/lib/thumb/v6-m/nofp/libg.a(lib_a-strlen-stub.o)
                              CMakeFiles/test.dir/Users/lize/pico/pico-sdk/src/rp2_common/pico_stdio/stdio.c.obj (strlen)
[...]
Memory Configuration

Name             Origin             Length             Attributes
FLASH            0x0000000010000000 0x0000000000200000 xr
RAM              0x0000000020000000 0x0000000000040000 xrw
SCRATCH_X        0x0000000020040000 0x0000000000001000 xrw
SCRATCH_Y        0x0000000020041000 0x0000000000001000 xrw
*default*        0x0000000000000000 0xffffffffffffffff

Linker script and memory map

LOAD /opt/homebrew/Cellar/arm-none-eabi-gcc/10.3-2021.07/gcc/bin/../lib/gcc/arm-none-eabi/10.3.1/thumb/v6-m/nofp/crti.o
LOAD /opt/homebrew/Cellar/arm-none-eabi-gcc/10.3-2021.07/gcc/bin/../lib/gcc/arm-none-eabi/10.3.1/thumb/v6-m/nofp/crtbegin.o
LOAD /opt/homebrew/Cellar/arm-none-eabi-gcc/10.3-2021.07/gcc/bin/../lib/gcc/arm-none-eabi/10.3.1/../../../../arm-none-eabi/lib/thumb/v6-m/nofp/crt0.o

.flash_begin    0x0000000010000000        0x0
                0x0000000010000000                __flash_binary_start = .

.boot2          0x0000000010000000      0x100
                0x0000000010000000                __boot2_start__ = .
 *(.boot2)
 .boot2         0x0000000010000000      0x100 /var/folders/xt/xxw4c0m92k7dybx1l16vgy840000gn/T//ccr282dv.o
                0x0000000010000100                __boot2_end__ = .
                0x0000000000000001                ASSERT (((__boot2_end__ - __boot2_start__) == 0x100), ERROR: Pico second stage bootloader must be 256 bytes in size)

.text           0x0000000010000100     0x7b20
                0x0000000010000100                __logical_binary_start = .
 *(.vectors)
 .vectors       0x0000000010000100       0xd4 CMakeFiles/test.dir/Users/lize/pico/pico-sdk/src/rp2_common/pico_standard_link/crt0.S.obj
                0x0000000010000100                __VECTOR_TABLE
                0x0000000010000100                __vectors
                0x00000000100001c0                __default_isrs_start
                0x00000000100001c0                isr_invalid
                0x00000000100001c2                isr_nmi
                0x00000000100001c4                isr_hardfault
                0x00000000100001c6                isr_svcall
                0x00000000100001c8                isr_pendsv
                0x00000000100001ca                isr_systick
                0x00000000100001cc                isr_irq28
                0x00000000100001cc                isr_irq19
                0x00000000100001cc                isr_irq0
                0x00000000100001cc                isr_irq6
                0x00000000100001cc                isr_irq22
                0x00000000100001cc                isr_irq17
                0x00000000100001cc                isr_irq14
                0x00000000100001cc                isr_irq2
                0x00000000100001cc                isr_irq10
                0x00000000100001cc                isr_irq8
                0x00000000100001cc                isr_irq24
                0x00000000100001cc                isr_irq1
                0x00000000100001cc                isr_irq7
                0x00000000100001cc                isr_irq21
                0x00000000100001cc                isr_irq20
                0x00000000100001cc                isr_irq15
                0x00000000100001cc                isr_irq25
                0x00000000100001cc                isr_irq4
                0x00000000100001cc                isr_irq16
                0x00000000100001cc                isr_irq29
                0x00000000100001cc                isr_irq26
                0x00000000100001cc                __default_isrs_end
                0x00000000100001cc                isr_irq3
                0x00000000100001cc                isr_irq9
                0x00000000100001cc                __unhandled_user_irq
                0x00000000100001cc                isr_irq13
                0x00000000100001cc                isr_irq27
                0x00000000100001cc                isr_irq31
                0x00000000100001cc                isr_irq5
                0x00000000100001cc                isr_irq11
                0x00000000100001cc                isr_irq23
                0x00000000100001cc                isr_irq18
                0x00000000100001cc                isr_irq30
                0x00000000100001cc                isr_irq12
                0x00000000100001d2                unhandled_user_irq_num_in_r0
 *(.binary_info_header)
 .binary_info_header
                0x00000000100001d4       0x14 CMakeFiles/test.dir/Users/lize/pico/pico-sdk/src/rp2_common/pico_standard_link/crt0.S.obj
                0x00000000100001e8                __binary_info_header_end = .
 *(.reset)
 .reset         0x00000000100001e8       0xa8 CMakeFiles/test.dir/Users/lize/pico/pico-sdk/src/rp2_common/pico_standard_link/crt0.S.obj
                0x00000000100001e8                _entry_point
                0x0000000010000266                __get_current_exception
 .reset         0x0000000010000290       0x30 CMakeFiles/test.dir/Users/lize/pico/pico-sdk/src/rp2_common/pico_standard_link/binary_info.c.obj
 *(.init)
 .init          0x00000000100002c0        0x4 /opt/homebrew/Cellar/arm-none-eabi-gcc/10.3-2021.07/gcc/bin/../lib/gcc/arm-none-eabi/10.3.1/thumb/v6-m/nofp/crti.o
                0x00000000100002c0                _init
 *(EXCLUDE_FILE(*libm.a: *libc.a:*lib_a-mem*.o *libgcc.a:) .text*)
 .text          0x00000000100002c4       0x48 /opt/homebrew/Cellar/arm-none-eabi-gcc/10.3-2021.07/gcc/bin/../lib/gcc/arm-none-eabi/10.3.1/thumb/v6-m/nofp/crtbegin.o
 .text.Macros   0x000000001000030c       0x24 CMakeFiles/test.dir/test.c.obj
                0x000000001000030c                Macros
 .text.main     0x0000000010000330       0xd0 CMakeFiles/test.dir/test.c.obj
                0x0000000010000330                main
 .text.neopixel_init
                0x0000000010000400      0x144 CMakeFiles/test.dir/ws2812/ws2812.c.obj
                0x0000000010000400                neopixel_init
 .text.set_neopixel_color
                0x0000000010000544       0x2c CMakeFiles/test.dir/ws2812/ws2812.c.obj
                0x0000000010000544                set_neopixel_color
 .text.gpio_set_function
                0x0000000010000570       0x30 CMakeFiles/test.dir/Users/lize/pico/pico-sdk/src/rp2_common/hardware_gpio/gpio.c.obj
                0x0000000010000570                gpio_set_function
 .text.gpio_init
                0x00000000100005a0       0x16 CMakeFiles/test.dir/Users/lize/pico/pico-sdk/src/rp2_common/hardware_gpio/gpio.c.obj
                0x00000000100005a0                gpio_init
 *fill*         0x00000000100005b6        0x2 
 .text.hw_claim_lock
                0x00000000100005b8       0x18 CMakeFiles/test.dir/Users/lize/pico/pico-sdk/src/rp2_common/hardware_claim/claim.c.obj
                0x00000000100005b8                hw_claim_lock
 .text.hw_claim_unlock
                0x00000000100005d0       0x14 CMakeFiles/test.dir/Users/lize/pico/pico-sdk/src/rp2_common/hardware_claim/claim.c.obj
                0x00000000100005d0                hw_claim_unlock
 .text.hw_claim_or_assert
                0x00000000100005e4       0x32 CMakeFiles/test.dir/Users/lize/pico/pico-sdk/src/rp2_common/hardware_claim/claim.c.obj
                0x00000000100005e4                hw_claim_or_assert
 .text.hw_claim_unused_from_range
                0x0000000010000616       0x50 CMakeFiles/test.dir/Users/lize/pico/pico-sdk/src/rp2_common/hardware_claim/claim.c.obj
                0x0000000010000616                hw_claim_unused_from_range
 *fill*         0x0000000010000666        0x2 
 .text.running_on_fpga
                0x0000000010000668       0x14 CMakeFiles/test.dir/Users/lize/pico/pico-sdk/src/rp2_common/pico_platform/platform.c.obj
                0x0000000010000668                running_on_fpga
 .text.spin_locks_reset
                0x000000001000067c       0x20 CMakeFiles/test.dir/Users/lize/pico/pico-sdk/src/rp2_common/hardware_sync/sync.c.obj
                0x000000001000067c                spin_locks_reset
 .text.next_striped_spin_lock_num
                0x000000001000069c       0x1c CMakeFiles/test.dir/Users/lize/pico/pico-sdk/src/rp2_common/hardware_sync/sync.c.obj
                0x000000001000069c                next_striped_spin_lock_num
 .text.spin_lock_claim_unused
                0x00000000100006b8       0x20 CMakeFiles/test.dir/Users/lize/pico/pico-sdk/src/rp2_common/hardware_sync/sync.c.obj
                0x00000000100006b8                spin_lock_claim_unused
 .text.set_raw_irq_handler_and_unlock
                0x00000000100006d8       0x28 CMakeFiles/test.dir/Users/lize/pico/pico-sdk/src/rp2_common/hardware_irq/irq.c.obj
 .text.make_branch
                0x0000000010000700       0x48 CMakeFiles/test.dir/Users/lize/pico/pico-sdk/src/rp2_common/hardware_irq/irq.c.obj
 .text.insert_branch_and_link
                0x0000000010000748       0x40 CMakeFiles/test.dir/Users/lize/pico/pico-sdk/src/rp2_common/hardware_irq/irq.c.obj
 .text.irq_is_enabled
                0x0000000010000788       0x18 CMakeFiles/test.dir/Users/lize/pico/pico-sdk/src/rp2_common/hardware_irq/irq.c.obj
                0x0000000010000788                irq_is_enabled
 .text.irq_set_mask_enabled
                0x00000000100007a0       0x20 CMakeFiles/test.dir/Users/lize/pico/pico-sdk/src/rp2_common/hardware_irq/irq.c.obj
                0x00000000100007a0                irq_set_mask_enabled
 .text.irq_set_enabled
                0x00000000100007c0        0xe CMakeFiles/test.dir/Users/lize/pico/pico-sdk/src/rp2_common/hardware_irq/irq.c.obj
                0x00000000100007c0                irq_set_enabled
 *fill*         0x00000000100007ce        0x2 
 .text.irq_set_pending
                0x00000000100007d0       0x10 CMakeFiles/test.dir/Users/lize/pico/pico-sdk/src/rp2_common/hardware_irq/irq.c.obj
                0x00000000100007d0                irq_set_pending
 .text.irq_get_vtable_handler
                0x00000000100007e0       0x10 CMakeFiles/test.dir/Users/lize/pico/pico-sdk/src/rp2_common/hardware_irq/irq.c.obj
                0x00000000100007e0                irq_get_vtable_handler
 .text.irq_has_shared_handler
                0x00000000100007f0       0x24 CMakeFiles/test.dir/Users/lize/pico/pico-sdk/src/rp2_common/hardware_irq/irq.c.obj
                0x00000000100007f0                irq_has_shared_handler
 .text.irq_set_exclusive_handler
                0x0000000010000814       0x54 CMakeFiles/test.dir/Users/lize/pico/pico-sdk/src/rp2_common/hardware_irq/irq.c.obj
                0x0000000010000814                irq_set_exclusive_handler
 .text.irq_add_shared_handler
                0x0000000010000868      0x230 CMakeFiles/test.dir/Users/lize/pico/pico-sdk/src/rp2_common/hardware_irq/irq.c.obj
                0x0000000010000868                irq_add_shared_handler
 .text.irq_remove_handler
                0x0000000010000a98      0x1a8 CMakeFiles/test.dir/Users/lize/pico/pico-sdk/src/rp2_common/hardware_irq/irq.c.obj
                0x0000000010000a98                irq_remove_handler
 .text.irq_add_tail_to_free_list
                0x0000000010000c40       0xf0 CMakeFiles/test.dir/Users/lize/pico/pico-sdk/src/rp2_common/hardware_irq/irq.c.obj
                0x0000000010000c40                irq_add_tail_to_free_list
 .text.irq_init_priorities
                0x0000000010000d30       0x1c CMakeFiles/test.dir/Users/lize/pico/pico-sdk/src/rp2_common/hardware_irq/irq.c.obj
                0x0000000010000d30                irq_init_priorities
 .text.user_irq_claim_unused
                0x0000000010000d4c       0x30 CMakeFiles/test.dir/Users/lize/pico/pico-sdk/src/rp2_common/hardware_irq/irq.c.obj
                0x0000000010000d4c                user_irq_claim_unused
 .text.lock_init
                0x0000000010000d7c       0x10 CMakeFiles/test.dir/Users/lize/pico/pico-sdk/src/common/pico_sync/lock_core.c.obj
                0x0000000010000d7c                lock_init
 .text.alarm_pool_post_alloc_init
                0x0000000010000d8c       0x40 CMakeFiles/test.dir/Users/lize/pico/pico-sdk/src/common/pico_time/time.c.obj
 .text.sleep_until_callback
                0x0000000010000dcc       0x30 CMakeFiles/test.dir/Users/lize/pico/pico-sdk/src/common/pico_time/time.c.obj
 .text.timer_pool_entry_comparator
                0x0000000010000dfc       0x7c CMakeFiles/test.dir/Users/lize/pico/pico-sdk/src/common/pico_time/time.c.obj
                0x0000000010000dfc                timer_pool_entry_comparator
 .text.ph_add_child_node
                0x0000000010000e78       0xa4 CMakeFiles/test.dir/Users/lize/pico/pico-sdk/src/common/pico_time/time.c.obj
 .text.ph_merge_nodes
                0x0000000010000f1c       0x3e CMakeFiles/test.dir/Users/lize/pico/pico-sdk/src/common/pico_time/time.c.obj
 *fill*         0x0000000010000f5a        0x2 
 .text.add_alarm_under_lock
                0x0000000010000f5c      0x174 CMakeFiles/test.dir/Users/lize/pico/pico-sdk/src/common/pico_time/time.c.obj
 .text.alarm_pool_alarm_callback
                0x00000000100010d0      0x328 CMakeFiles/test.dir/Users/lize/pico/pico-sdk/src/common/pico_time/time.c.obj
 .text.alarm_pool_init_default
                0x00000000100013f8       0x38 CMakeFiles/test.dir/Users/lize/pico/pico-sdk/src/common/pico_time/time.c.obj
                0x00000000100013f8                alarm_pool_init_default
 .text.alarm_pool_get_default
                0x0000000010001430       0x2c CMakeFiles/test.dir/Users/lize/pico/pico-sdk/src/common/pico_time/time.c.obj
                0x0000000010001430                alarm_pool_get_default
 .text.alarm_pool_add_alarm_at
                0x000000001000145c      0x170 CMakeFiles/test.dir/Users/lize/pico/pico-sdk/src/common/pico_time/time.c.obj
                0x000000001000145c                alarm_pool_add_alarm_at
 .text.alarm_pool_cancel_alarm
                0x00000000100015cc       0xf0 CMakeFiles/test.dir/Users/lize/pico/pico-sdk/src/common/pico_time/time.c.obj
                0x00000000100015cc                alarm_pool_cancel_alarm
 .text.sleep_until
                0x00000000100016bc       0xfc CMakeFiles/test.dir/Users/lize/pico/pico-sdk/src/common/pico_time/time.c.obj
                0x00000000100016bc                sleep_until
 .text.sleep_us
                0x00000000100017b8       0x58 CMakeFiles/test.dir/Users/lize/pico/pico-sdk/src/common/pico_time/time.c.obj
                0x00000000100017b8                sleep_us
 .text.sleep_ms
                0x0000000010001810       0x14 CMakeFiles/test.dir/Users/lize/pico/pico-sdk/src/common/pico_time/time.c.obj
                0x0000000010001810                sleep_ms
 .text.best_effort_wfe_or_timeout
                0x0000000010001824       0x80 CMakeFiles/test.dir/Users/lize/pico/pico-sdk/src/common/pico_time/time.c.obj
                0x0000000010001824                best_effort_wfe_or_timeout
 .text.hardware_alarm_irq_handler
                0x00000000100018a4       0x8c CMakeFiles/test.dir/Users/lize/pico/pico-sdk/src/rp2_common/hardware_timer/timer.c.obj
 .text.hardware_alarm_claim
                0x0000000010001930       0x18 CMakeFiles/test.dir/Users/lize/pico/pico-sdk/src/rp2_common/hardware_timer/timer.c.obj
                0x0000000010001930                hardware_alarm_claim
 .text.time_us_64
                0x0000000010001948       0x18 CMakeFiles/test.dir/Users/lize/pico/pico-sdk/src/rp2_common/hardware_timer/timer.c.obj
                0x0000000010001948                time_us_64
 .text.busy_wait_until
                0x0000000010001960       0x28 CMakeFiles/test.dir/Users/lize/pico/pico-sdk/src/rp2_common/hardware_timer/timer.c.obj
                0x0000000010001960                busy_wait_until
 .text.busy_wait_us
                0x0000000010001988       0x48 CMakeFiles/test.dir/Users/lize/pico/pico-sdk/src/rp2_common/hardware_timer/timer.c.obj
                0x0000000010001988                busy_wait_us
 .text.hardware_alarm_set_callback
                0x00000000100019d0       0x90 CMakeFiles/test.dir/Users/lize/pico/pico-sdk/src/rp2_common/hardware_timer/timer.c.obj
                0x00000000100019d0                hardware_alarm_set_callback
 .text.hardware_alarm_set_target
                0x0000000010001a60       0xe8 CMakeFiles/test.dir/Users/lize/pico/pico-sdk/src/rp2_common/hardware_timer/timer.c.obj
                0x0000000010001a60                hardware_alarm_set_target
 .text.hardware_alarm_cancel
                0x0000000010001b48       0x40 CMakeFiles/test.dir/Users/lize/pico/pico-sdk/src/rp2_common/hardware_timer/timer.c.obj
                0x0000000010001b48                hardware_alarm_cancel
 .text.ph_add_child_node
                0x0000000010001b88       0xa4 CMakeFiles/test.dir/Users/lize/pico/pico-sdk/src/common/pico_util/pheap.c.obj
 .text.ph_merge_nodes
                0x0000000010001c2c       0x3e CMakeFiles/test.dir/Users/lize/pico/pico-sdk/src/common/pico_util/pheap.c.obj
 *fill*         0x0000000010001c6a        0x2 
 .text.ph_clear
                0x0000000010001c6c       0x70 CMakeFiles/test.dir/Users/lize/pico/pico-sdk/src/common/pico_util/pheap.c.obj
                0x0000000010001c6c                ph_clear
 .text.ph_post_alloc_init
                0x0000000010001cdc        0xe CMakeFiles/test.dir/Users/lize/pico/pico-sdk/src/common/pico_util/pheap.c.obj
                0x0000000010001cdc                ph_post_alloc_init
 *fill*         0x0000000010001cea        0x2 
 .text.ph_merge_two_pass
                0x0000000010001cec       0xa8 CMakeFiles/test.dir/Users/lize/pico/pico-sdk/src/common/pico_util/pheap.c.obj
                0x0000000010001cec                ph_merge_two_pass
 .text.ph_remove_any_head
                0x0000000010001d94      0x108 CMakeFiles/test.dir/Users/lize/pico/pico-sdk/src/common/pico_util/pheap.c.obj
 .text.ph_remove_head
                0x0000000010001e9c       0x14 CMakeFiles/test.dir/Users/lize/pico/pico-sdk/src/common/pico_util/pheap.c.obj
                0x0000000010001e9c                ph_remove_head
 .text.ph_remove_and_free_node
                0x0000000010001eb0       0xf8 CMakeFiles/test.dir/Users/lize/pico/pico-sdk/src/common/pico_util/pheap.c.obj
                0x0000000010001eb0                ph_remove_and_free_node
 .text.mutex_init
                0x0000000010001fa8       0x1a CMakeFiles/test.dir/Users/lize/pico/pico-sdk/src/common/pico_sync/mutex.c.obj
                0x0000000010001fa8                mutex_init
 .text.recursive_mutex_init
                0x0000000010001fc2       0x1e CMakeFiles/test.dir/Users/lize/pico/pico-sdk/src/common/pico_sync/mutex.c.obj
                0x0000000010001fc2                recursive_mutex_init
 .text.critical_section_init_with_lock_num
                0x0000000010001fe0       0x14 CMakeFiles/test.dir/Users/lize/pico/pico-sdk/src/common/pico_sync/critical_section.c.obj
                0x0000000010001fe0                critical_section_init_with_lock_num
 .text.critical_section_init
                0x0000000010001ff4       0x14 CMakeFiles/test.dir/Users/lize/pico/pico-sdk/src/common/pico_sync/critical_section.c.obj
                0x0000000010001ff4                critical_section_init
 .text.uart_set_baudrate
                0x0000000010002008       0x5c CMakeFiles/test.dir/Users/lize/pico/pico-sdk/src/rp2_common/hardware_uart/uart.c.obj
                0x0000000010002008                uart_set_baudrate
 .text.uart_set_translate_crlf
                0x0000000010002064       0x28 CMakeFiles/test.dir/Users/lize/pico/pico-sdk/src/rp2_common/hardware_uart/uart.c.obj
                0x0000000010002064                uart_set_translate_crlf
 .text.uart_init
                0x000000001000208c       0x80 CMakeFiles/test.dir/Users/lize/pico/pico-sdk/src/rp2_common/hardware_uart/uart.c.obj
                0x000000001000208c                uart_init
 .text._exit    0x000000001000210c        0x4 CMakeFiles/test.dir/Users/lize/pico/pico-sdk/src/rp2_common/pico_runtime/runtime.c.obj
                0x000000001000210c                _exit
 .text.exit     0x0000000010002110        0x6 CMakeFiles/test.dir/Users/lize/pico/pico-sdk/src/rp2_common/pico_runtime/runtime.c.obj
                0x0000000010002110                exit
 *fill*         0x0000000010002116        0x2 
 .text.__assert_func
                0x0000000010002118       0x3c CMakeFiles/test.dir/Users/lize/pico/pico-sdk/src/rp2_common/pico_runtime/runtime.c.obj
                0x0000000010002118                __assert_func
 .text.runtime_init
                0x0000000010002154       0xf8 CMakeFiles/test.dir/Users/lize/pico/pico-sdk/src/rp2_common/pico_runtime/runtime.c.obj
                0x0000000010002154                runtime_init
 .text.panic    0x000000001000224c       0x30 CMakeFiles/test.dir/Users/lize/pico/pico-sdk/src/rp2_common/pico_runtime/runtime.c.obj
                0x000000001000224c                panic
 .text.clock_configure
                0x000000001000227c      0x104 CMakeFiles/test.dir/Users/lize/pico/pico-sdk/src/rp2_common/hardware_clocks/clocks.c.obj
                0x000000001000227c                clock_configure
 .text.clocks_init
                0x0000000010002380      0x100 CMakeFiles/test.dir/Users/lize/pico/pico-sdk/src/rp2_common/hardware_clocks/clocks.c.obj
                0x0000000010002380                clocks_init
 .text.clock_get_hz
                0x0000000010002480        0xc CMakeFiles/test.dir/Users/lize/pico/pico-sdk/src/rp2_common/hardware_clocks/clocks.c.obj
                0x0000000010002480                clock_get_hz
 .text.pll_init
                0x000000001000248c      0x140 CMakeFiles/test.dir/Users/lize/pico/pico-sdk/src/rp2_common/hardware_pll/pll.c.obj
                0x000000001000248c                pll_init
 .text.watchdog_start_tick
                0x00000000100025cc       0x10 CMakeFiles/test.dir/Users/lize/pico/pico-sdk/src/rp2_common/hardware_watchdog/watchdog.c.obj
                0x00000000100025cc                watchdog_start_tick
 .text.watchdog_update
                0x00000000100025dc       0x14 CMakeFiles/test.dir/Users/lize/pico/pico-sdk/src/rp2_common/hardware_watchdog/watchdog.c.obj
                0x00000000100025dc                watchdog_update
 .text._watchdog_enable
                0x00000000100025f0       0x78 CMakeFiles/test.dir/Users/lize/pico/pico-sdk/src/rp2_common/hardware_watchdog/watchdog.c.obj
                0x00000000100025f0                _watchdog_enable
 .text.watchdog_reboot
                0x0000000010002668       0x48 CMakeFiles/test.dir/Users/lize/pico/pico-sdk/src/rp2_common/hardware_watchdog/watchdog.c.obj
                0x0000000010002668                watchdog_reboot
 .text.xosc_init
                0x00000000100026b0       0x28 CMakeFiles/test.dir/Users/lize/pico/pico-sdk/src/rp2_common/hardware_xosc/xosc.c.obj
                0x00000000100026b0                xosc_init
 .text._out_null
                0x00000000100026d8        0x2 CMakeFiles/test.dir/Users/lize/pico/pico-sdk/src/rp2_common/pico_printf/printf.c.obj
 .text._out_fct
                0x00000000100026da        0xe CMakeFiles/test.dir/Users/lize/pico/pico-sdk/src/rp2_common/pico_printf/printf.c.obj
 .text._atoi    0x00000000100026e8       0x24 CMakeFiles/test.dir/Users/lize/pico/pico-sdk/src/rp2_common/pico_printf/printf.c.obj
 .text._out_rev
                0x000000001000270c       0xae CMakeFiles/test.dir/Users/lize/pico/pico-sdk/src/rp2_common/pico_printf/printf.c.obj
 .text._ntoa_format
                0x00000000100027ba      0x112 CMakeFiles/test.dir/Users/lize/pico/pico-sdk/src/rp2_common/pico_printf/printf.c.obj
 .text._ntoa_long
                0x00000000100028cc       0xbc CMakeFiles/test.dir/Users/lize/pico/pico-sdk/src/rp2_common/pico_printf/printf.c.obj
 .text._ntoa_long_long
                0x0000000010002988       0xe2 CMakeFiles/test.dir/Users/lize/pico/pico-sdk/src/rp2_common/pico_printf/printf.c.obj
 *fill*         0x0000000010002a6a        0x2 
 .text._etoa    0x0000000010002a6c      0x414 CMakeFiles/test.dir/Users/lize/pico/pico-sdk/src/rp2_common/pico_printf/printf.c.obj
 .text._ftoa    0x0000000010002e80      0x354 CMakeFiles/test.dir/Users/lize/pico/pico-sdk/src/rp2_common/pico_printf/printf.c.obj
 .text._vsnprintf
                0x00000000100031d4      0x624 CMakeFiles/test.dir/Users/lize/pico/pico-sdk/src/rp2_common/pico_printf/printf.c.obj
 .text.vfctprintf
                0x00000000100037f8       0x20 CMakeFiles/test.dir/Users/lize/pico/pico-sdk/src/rp2_common/pico_printf/printf.c.obj
                0x00000000100037f8                vfctprintf
 .text          0x0000000010003818       0x10 CMakeFiles/test.dir/Users/lize/pico/pico-sdk/src/rp2_common/pico_bit_ops/bit_ops_aeabi.S.obj
 .text.rom_func_lookup
                0x0000000010003828       0x10 CMakeFiles/test.dir/Users/lize/pico/pico-sdk/src/rp2_common/pico_bootrom/bootrom.c.obj
                0x0000000010003828                rom_func_lookup
 .text.rom_data_lookup
                0x0000000010003838       0x10 CMakeFiles/test.dir/Users/lize/pico/pico-sdk/src/rp2_common/pico_bootrom/bootrom.c.obj
                0x0000000010003838                rom_data_lookup
 .text.rom_funcs_lookup
                0x0000000010003848       0x36 CMakeFiles/test.dir/Users/lize/pico/pico-sdk/src/rp2_common/pico_bootrom/bootrom.c.obj
                0x0000000010003848                rom_funcs_lookup
 *fill*         0x000000001000387e        0x2 
 .text.__wrap___aeabi_idiv
                0x0000000010003880       0x50 CMakeFiles/test.dir/Users/lize/pico/pico-sdk/src/rp2_common/pico_divider/divider.S.obj
                0x0000000010003880                __wrap___aeabi_idivmod
                0x0000000010003880                divmod_s32s32
                0x0000000010003880                div_s32s32
                0x0000000010003880                __wrap___aeabi_idiv
                0x0000000010003888                divmod_s32s32_unsafe
                0x00000000100038b4                divmod_s32s32_savestate
 .text.__wrap___aeabi_uidiv
                0x00000000100038d0       0x4c CMakeFiles/test.dir/Users/lize/pico/pico-sdk/src/rp2_common/pico_divider/divider.S.obj
                0x00000000100038d0                __wrap___aeabi_uidiv
                0x00000000100038d0                __wrap___aeabi_uidivmod
                0x00000000100038d0                div_u32u32
                0x00000000100038d0                divmod_u32u32
                0x00000000100038d8                divmod_u32u32_unsafe
                0x0000000010003900                divmod_u32u32_savestate
 .text.__wrap___aeabi_ldiv
                0x000000001000391c      0x434 CMakeFiles/test.dir/Users/lize/pico/pico-sdk/src/rp2_common/pico_divider/divider.S.obj
                0x000000001000391c                __wrap___aeabi_ldivmod
                0x000000001000391c                div_s64s64
                0x000000001000391c                divmod_s64s64
                0x0000000010003954                divmod_u64u64
                0x0000000010003954                div_u64u64
                0x0000000010003954                __wrap___aeabi_uldivmod
                0x0000000010003964                divmod_u64u64_savestate
                0x000000001000398c                divmod_s64s64_unsafe
                0x0000000010003a14                divmod_u64u64_unsafe
 .text.__wrap___aeabi_darithmetic
                0x0000000010003d50       0x80 CMakeFiles/test.dir/Users/lize/pico/pico-sdk/src/rp2_common/pico_double/double_aeabi.S.obj
                0x0000000010003d50                __wrap___aeabi_drsub
                0x0000000010003d56                __wrap___aeabi_dsub
                0x0000000010003d68                __wrap___aeabi_dadd
                0x0000000010003d7a                __wrap___aeabi_ddiv
                0x0000000010003db6                __wrap___aeabi_dmul
 .text.__wrap___aeabi_cdcmple
                0x0000000010003dd0       0x6c CMakeFiles/test.dir/Users/lize/pico/pico-sdk/src/rp2_common/pico_double/double_aeabi.S.obj
                0x0000000010003dd0                __wrap___aeabi_cdrcmple
                0x0000000010003de0                __wrap___aeabi_cdcmple
                0x0000000010003de0                __wrap___aeabi_cdcmpeq
 .text.__wrap___aeabi_dcmplt
                0x0000000010003e3c        0xc CMakeFiles/test.dir/Users/lize/pico/pico-sdk/src/rp2_common/pico_double/double_aeabi.S.obj
                0x0000000010003e3c                __wrap___aeabi_dcmplt
 .text.__wrap___aeabi_dcmple
                0x0000000010003e48       0x10 CMakeFiles/test.dir/Users/lize/pico/pico-sdk/src/rp2_common/pico_double/double_aeabi.S.obj
                0x0000000010003e48                __wrap___aeabi_dcmple
 .text.__wrap___aeabi_dcmpge
                0x0000000010003e58       0x10 CMakeFiles/test.dir/Users/lize/pico/pico-sdk/src/rp2_common/pico_double/double_aeabi.S.obj
                0x0000000010003e58                __wrap___aeabi_dcmpge
 .text.__wrap___aeabi_dcmpgt
                0x0000000010003e68        0xa CMakeFiles/test.dir/Users/lize/pico/pico-sdk/src/rp2_common/pico_double/double_aeabi.S.obj
                0x0000000010003e68                __wrap___aeabi_dcmpgt
 .text.__wrap___aeabi_dcmpun
                0x0000000010003e72       0x1c CMakeFiles/test.dir/Users/lize/pico/pico-sdk/src/rp2_common/pico_double/double_aeabi.S.obj
                0x0000000010003e72                __wrap___aeabi_dcmpun
 *fill*         0x0000000010003e8e        0x2 
 .text.__wrap___aeabi_i2d
                0x0000000010003e90       0x38 CMakeFiles/test.dir/Users/lize/pico/pico-sdk/src/rp2_common/pico_double/double_aeabi.S.obj
                0x0000000010003e90                __wrap___aeabi_ui2d
                0x0000000010003e98                __wrap___aeabi_i2d
 .text.__wrap___aeabi_d2iz
                0x0000000010003ec8       0x48 CMakeFiles/test.dir/Users/lize/pico/pico-sdk/src/rp2_common/pico_double/double_aeabi.S.obj
                0x0000000010003ec8                __wrap___aeabi_d2iz
                0x0000000010003ec8                double2int_z
 .text.__wrap___aeabi_d2uiz
                0x0000000010003f10       0x18 CMakeFiles/test.dir/Users/lize/pico/pico-sdk/src/rp2_common/pico_double/double_aeabi.S.obj
                0x0000000010003f10                double2uint
                0x0000000010003f10                __wrap___aeabi_d2uiz
 .text.__aeabi_double_init
                0x0000000010003f28       0xc8 CMakeFiles/test.dir/Users/lize/pico/pico-sdk/src/rp2_common/pico_double/double_init_rom.c.obj
                0x0000000010003f28                __aeabi_double_init
 .text.double_table_shim_on_use_helper
                0x0000000010003ff0       0x34 CMakeFiles/test.dir/Users/lize/pico/pico-sdk/src/rp2_common/pico_double/double_v1_rom_shim.S.obj
                0x0000000010003ff0                double_table_shim_on_use_helper
 .text.__wrap___aeabi_dsub
                0x0000000010004024       0x10 CMakeFiles/test.dir/Users/lize/pico/pico-sdk/src/rp2_common/pico_double/double_v1_rom_shim.S.obj
                0x0000000010004024                drsub_shim
                0x000000001000402a                dsub_shim
 .text.dadd_shim
                0x0000000010004034      0x15c CMakeFiles/test.dir/Users/lize/pico/pico-sdk/src/rp2_common/pico_double/double_v1_rom_shim.S.obj
                0x0000000010004034                dadd_shim
 .text.dmul_shim
                0x0000000010004190      0x15c CMakeFiles/test.dir/Users/lize/pico/pico-sdk/src/rp2_common/pico_double/double_v1_rom_shim.S.obj
                0x0000000010004190                dmul_shim
 .text.ddiv_shim
                0x00000000100042ec      0x1b0 CMakeFiles/test.dir/Users/lize/pico/pico-sdk/src/rp2_common/pico_double/double_v1_rom_shim.S.obj
                0x00000000100042ec                ddiv_shim
 .text.double2uint_shim
                0x000000001000449c        0xe CMakeFiles/test.dir/Users/lize/pico/pico-sdk/src/rp2_common/pico_double/double_v1_rom_shim.S.obj
                0x000000001000449c                double2uint_shim
                0x000000001000449e                double2ufix_shim
 *fill*         0x00000000100044aa        0x2 
 .text.double2uint64_shim
                0x00000000100044ac       0x70 CMakeFiles/test.dir/Users/lize/pico/pico-sdk/src/rp2_common/pico_double/double_v1_rom_shim.S.obj
                0x00000000100044ac                double2uint64_shim
                0x00000000100044ae                double2ufix64_shim
                0x00000000100044ce                d2fix_a
 .text.dunpacks
                0x000000001000451c       0x3c CMakeFiles/test.dir/Users/lize/pico/pico-sdk/src/rp2_common/pico_double/double_v1_rom_shim.S.obj
                0x000000001000451c                dunpacks
 .text.__aeabi_lmul
                0x0000000010004558       0x32 CMakeFiles/test.dir/Users/lize/pico/pico-sdk/src/rp2_common/pico_int64_ops/pico_int64_ops_aeabi.S.obj
                0x0000000010004558                __wrap___aeabi_lmul
 *fill*         0x000000001000458a        0x2 
 .text.__wrap___aeabi_farithmetic
                0x000000001000458c       0x58 CMakeFiles/test.dir/Users/lize/pico/pico-sdk/src/rp2_common/pico_float/float_aeabi.S.obj
                0x000000001000458c                __wrap___aeabi_frsub
                0x0000000010004592                __wrap___aeabi_fsub
                0x000000001000459c                __wrap___aeabi_fadd
                0x00000000100045a6                __wrap___aeabi_fdiv
                0x00000000100045d2                __wrap___aeabi_fmul
 .text.__wrap___aeabi_ui2f
                0x00000000100045e4        0xa CMakeFiles/test.dir/Users/lize/pico/pico-sdk/src/rp2_common/pico_float/float_aeabi.S.obj
                0x00000000100045e4                __wrap___aeabi_ui2f
 *fill*         0x00000000100045ee        0x2 
 .text.__wrap___aeabi_i2f
                0x00000000100045f0       0x44 CMakeFiles/test.dir/Users/lize/pico/pico-sdk/src/rp2_common/pico_float/float_aeabi.S.obj
                0x00000000100045f0                __wrap___aeabi_i2f
 .text.__wrap___aeabi_f2uiz
                0x0000000010004634       0x10 CMakeFiles/test.dir/Users/lize/pico/pico-sdk/src/rp2_common/pico_float/float_aeabi.S.obj
                0x0000000010004634                __wrap___aeabi_f2uiz
 .text.__aeabi_float_init
                0x0000000010004644       0xfc CMakeFiles/test.dir/Users/lize/pico/pico-sdk/src/rp2_common/pico_float/float_init_rom.c.obj
                0x0000000010004644                __aeabi_float_init
 .text.float_table_shim_on_use_helper
                0x0000000010004740       0x34 CMakeFiles/test.dir/Users/lize/pico/pico-sdk/src/rp2_common/pico_float/float_v1_rom_shim.S.obj
                0x0000000010004740                float_table_shim_on_use_helper
 .text          0x0000000010004774       0x10 CMakeFiles/test.dir/Users/lize/pico/pico-sdk/src/rp2_common/pico_mem_ops/mem_ops_aeabi.S.obj
                0x0000000010004774                __aeabi_mem_init
 .text.memset   0x0000000010004784        0xc CMakeFiles/test.dir/Users/lize/pico/pico-sdk/src/rp2_common/pico_mem_ops/mem_ops_aeabi.S.obj
                0x0000000010004784                __wrap_memset
 .text.memcpy   0x0000000010004790        0xc CMakeFiles/test.dir/Users/lize/pico/pico-sdk/src/rp2_common/pico_mem_ops/mem_ops_aeabi.S.obj
                0x0000000010004790                __wrap___aeabi_memcpy
                0x0000000010004790                __wrap_memcpy
 .text.stdio_out_chars_no_crlf
                0x000000001000479c        0xe CMakeFiles/test.dir/Users/lize/pico/pico-sdk/src/rp2_common/pico_stdio/stdio.c.obj
 *fill*         0x00000000100047aa        0x2 
 .text.stdio_out_chars_crlf
                0x00000000100047ac       0x80 CMakeFiles/test.dir/Users/lize/pico/pico-sdk/src/rp2_common/pico_stdio/stdio.c.obj
 .text.stdio_stack_buffer_flush
                0x000000001000482c       0x44 CMakeFiles/test.dir/Users/lize/pico/pico-sdk/src/rp2_common/pico_stdio/stdio.c.obj
 .text.stdio_buffered_printer
                0x0000000010004870       0x20 CMakeFiles/test.dir/Users/lize/pico/pico-sdk/src/rp2_common/pico_stdio/stdio.c.obj
 .text.stdio_get_until
                0x0000000010004890       0x80 CMakeFiles/test.dir/Users/lize/pico/pico-sdk/src/rp2_common/pico_stdio/stdio.c.obj
 .text.stdout_serialize_begin
                0x0000000010004910       0x30 CMakeFiles/test.dir/Users/lize/pico/pico-sdk/src/rp2_common/pico_stdio/stdio.c.obj
                0x0000000010004910                stdout_serialize_begin
 .text.stdout_serialize_end
                0x0000000010004940       0x10 CMakeFiles/test.dir/Users/lize/pico/pico-sdk/src/rp2_common/pico_stdio/stdio.c.obj
                0x0000000010004940                stdout_serialize_end
 .text.stdio_put_string
                0x0000000010004950       0x98 CMakeFiles/test.dir/Users/lize/pico/pico-sdk/src/rp2_common/pico_stdio/stdio.c.obj
 .text.stdio_set_driver_enabled
                0x00000000100049e8       0x2c CMakeFiles/test.dir/Users/lize/pico/pico-sdk/src/rp2_common/pico_stdio/stdio.c.obj
                0x00000000100049e8                stdio_set_driver_enabled
 .text.stdio_flush
                0x0000000010004a14       0x20 CMakeFiles/test.dir/Users/lize/pico/pico-sdk/src/rp2_common/pico_stdio/stdio.c.obj
                0x0000000010004a14                stdio_flush
 .text.__wrap_puts
                0x0000000010004a34       0x1e CMakeFiles/test.dir/Users/lize/pico/pico-sdk/src/rp2_common/pico_stdio/stdio.c.obj
                0x0000000010004a34                __wrap_puts
 *fill*         0x0000000010004a52        0x2 
 .text.__wrap_vprintf
                0x0000000010004a54       0x44 CMakeFiles/test.dir/Users/lize/pico/pico-sdk/src/rp2_common/pico_stdio/stdio.c.obj
                0x0000000010004a54                __wrap_vprintf
 .text.__wrap_printf
                0x0000000010004a98       0x18 CMakeFiles/test.dir/Users/lize/pico/pico-sdk/src/rp2_common/pico_stdio/stdio.c.obj
                0x0000000010004a98                __wrap_printf
 .text.stdio_init_all
                0x0000000010004ab0        0xc CMakeFiles/test.dir/Users/lize/pico/pico-sdk/src/rp2_common/pico_stdio/stdio.c.obj
                0x0000000010004ab0                stdio_init_all
 .text.getchar_timeout_us
                0x0000000010004abc       0x80 CMakeFiles/test.dir/Users/lize/pico/pico-sdk/src/rp2_common/pico_stdio/stdio.c.obj
                0x0000000010004abc                getchar_timeout_us
 .text.stdio_uart_out_chars
                0x0000000010004b3c       0x74 CMakeFiles/test.dir/Users/lize/pico/pico-sdk/src/rp2_common/pico_stdio_uart/stdio_uart.c.obj
 .text.stdio_uart_in_chars
                0x0000000010004bb0       0x58 CMakeFiles/test.dir/Users/lize/pico/pico-sdk/src/rp2_common/pico_stdio_uart/stdio_uart.c.obj
                0x0000000010004bb0                stdio_uart_in_chars
 .text.stdio_uart_init_full
                0x0000000010004c08       0x3c CMakeFiles/test.dir/Users/lize/pico/pico-sdk/src/rp2_common/pico_stdio_uart/stdio_uart.c.obj
                0x0000000010004c08                stdio_uart_init_full
 .text.stdio_uart_init
                0x0000000010004c44       0x28 CMakeFiles/test.dir/Users/lize/pico/pico-sdk/src/rp2_common/pico_stdio_uart/stdio_uart.c.obj
                0x0000000010004c44                stdio_uart_init
 .text.resetd_init
                0x0000000010004c6c        0x2 CMakeFiles/test.dir/Users/lize/pico/pico-sdk/src/rp2_common/pico_stdio_usb/reset_interface.c.obj
 *fill*         0x0000000010004c6e        0x2 
 .text.resetd_reset
                0x0000000010004c70        0xc CMakeFiles/test.dir/Users/lize/pico/pico-sdk/src/rp2_common/pico_stdio_usb/reset_interface.c.obj
 .text.resetd_open
                0x0000000010004c7c       0x34 CMakeFiles/test.dir/Users/lize/pico/pico-sdk/src/rp2_common/pico_stdio_usb/reset_interface.c.obj
 .text.resetd_xfer_cb
                0x0000000010004cb0        0x4 CMakeFiles/test.dir/Users/lize/pico/pico-sdk/src/rp2_common/pico_stdio_usb/reset_interface.c.obj
 .text.reset_usb_boot
                0x0000000010004cb4       0x18 CMakeFiles/test.dir/Users/lize/pico/pico-sdk/src/rp2_common/pico_stdio_usb/reset_interface.c.obj
 .text.resetd_control_xfer_cb
                0x0000000010004ccc       0x5c CMakeFiles/test.dir/Users/lize/pico/pico-sdk/src/rp2_common/pico_stdio_usb/reset_interface.c.obj
 .text.usbd_app_driver_get_cb
                0x0000000010004d28        0xc CMakeFiles/test.dir/Users/lize/pico/pico-sdk/src/rp2_common/pico_stdio_usb/reset_interface.c.obj
                0x0000000010004d28                usbd_app_driver_get_cb
 .text.tud_cdc_line_coding_cb
                0x0000000010004d34       0x28 CMakeFiles/test.dir/Users/lize/pico/pico-sdk/src/rp2_common/pico_stdio_usb/reset_interface.c.obj
                0x0000000010004d34                tud_cdc_line_coding_cb
 .text.stdio_usb_in_chars
                0x0000000010004d5c       0x70 CMakeFiles/test.dir/Users/lize/pico/pico-sdk/src/rp2_common/pico_stdio_usb/stdio_usb.c.obj
                0x0000000010004d5c                stdio_usb_in_chars
 .text.low_priority_worker_irq
                0x0000000010004dcc       0x20 CMakeFiles/test.dir/Users/lize/pico/pico-sdk/src/rp2_common/pico_stdio_usb/stdio_usb.c.obj
 .text.stdio_usb_out_chars
                0x0000000010004dec       0xd4 CMakeFiles/test.dir/Users/lize/pico/pico-sdk/src/rp2_common/pico_stdio_usb/stdio_usb.c.obj
 .text.timer_task
                0x0000000010004ec0       0x40 CMakeFiles/test.dir/Users/lize/pico/pico-sdk/src/rp2_common/pico_stdio_usb/stdio_usb.c.obj
 .text.usb_irq  0x0000000010004f00       0x10 CMakeFiles/test.dir/Users/lize/pico/pico-sdk/src/rp2_common/pico_stdio_usb/stdio_usb.c.obj
 .text.stdio_usb_init
                0x0000000010004f10       0xec CMakeFiles/test.dir/Users/lize/pico/pico-sdk/src/rp2_common/pico_stdio_usb/stdio_usb.c.obj
                0x0000000010004f10                stdio_usb_init
 .text.tud_descriptor_device_cb
                0x0000000010004ffc        0x8 CMakeFiles/test.dir/Users/lize/pico/pico-sdk/src/rp2_common/pico_stdio_usb/stdio_usb_descriptors.c.obj
                0x0000000010004ffc                tud_descriptor_device_cb
 .text.tud_descriptor_configuration_cb
                0x0000000010005004        0x8 CMakeFiles/test.dir/Users/lize/pico/pico-sdk/src/rp2_common/pico_stdio_usb/stdio_usb_descriptors.c.obj
                0x0000000010005004                tud_descriptor_configuration_cb
 .text.tud_descriptor_string_cb
                0x000000001000500c       0x6c CMakeFiles/test.dir/Users/lize/pico/pico-sdk/src/rp2_common/pico_stdio_usb/stdio_usb_descriptors.c.obj
                0x000000001000500c                tud_descriptor_string_cb
 .text.hw_endpoint_get_by_addr
                0x0000000010005078       0x18 CMakeFiles/test.dir/Users/lize/pico/pico-sdk/lib/tinyusb/src/portable/raspberrypi/rp2040/dcd_rp2040.c.obj
 .text.reset_ep0_pid
                0x0000000010005090       0x28 CMakeFiles/test.dir/Users/lize/pico/pico-sdk/lib/tinyusb/src/portable/raspberrypi/rp2040/dcd_rp2040.c.obj
 .text._hw_endpoint_alloc
                0x00000000100050b8       0x70 CMakeFiles/test.dir/Users/lize/pico/pico-sdk/lib/tinyusb/src/portable/raspberrypi/rp2040/dcd_rp2040.c.obj
 .text.hw_endpoint_init
                0x0000000010005128       0x88 CMakeFiles/test.dir/Users/lize/pico/pico-sdk/lib/tinyusb/src/portable/raspberrypi/rp2040/dcd_rp2040.c.obj
 .text.reset_non_control_endpoints
                0x00000000100051b0       0x40 CMakeFiles/test.dir/Users/lize/pico/pico-sdk/lib/tinyusb/src/portable/raspberrypi/rp2040/dcd_rp2040.c.obj
 .text.hw_handle_buff_status
                0x00000000100051f0       0x8c CMakeFiles/test.dir/Users/lize/pico/pico-sdk/lib/tinyusb/src/portable/raspberrypi/rp2040/dcd_rp2040.c.obj
 .text.dcd_rp2040_irq
                0x000000001000527c       0xc0 CMakeFiles/test.dir/Users/lize/pico/pico-sdk/lib/tinyusb/src/portable/raspberrypi/rp2040/dcd_rp2040.c.obj
 .text.hw_endpoint_xfer
                0x000000001000533c       0x14 CMakeFiles/test.dir/Users/lize/pico/pico-sdk/lib/tinyusb/src/portable/raspberrypi/rp2040/dcd_rp2040.c.obj
 .text.dcd_int_enable
                0x0000000010005350       0x2c CMakeFiles/test.dir/Users/lize/pico/pico-sdk/lib/tinyusb/src/portable/raspberrypi/rp2040/dcd_rp2040.c.obj
                0x0000000010005350                dcd_int_enable
 .text.dcd_set_address
                0x000000001000537c       0x2c CMakeFiles/test.dir/Users/lize/pico/pico-sdk/lib/tinyusb/src/portable/raspberrypi/rp2040/dcd_rp2040.c.obj
                0x000000001000537c                dcd_set_address
 .text.dcd_connect
                0x00000000100053a8       0x10 CMakeFiles/test.dir/Users/lize/pico/pico-sdk/lib/tinyusb/src/portable/raspberrypi/rp2040/dcd_rp2040.c.obj
                0x00000000100053a8                dcd_connect
 .text.dcd_init
                0x00000000100053b8       0x7c CMakeFiles/test.dir/Users/lize/pico/pico-sdk/lib/tinyusb/src/portable/raspberrypi/rp2040/dcd_rp2040.c.obj
                0x00000000100053b8                dcd_init
 .text.dcd_edpt0_status_complete
                0x0000000010005434       0x1c CMakeFiles/test.dir/Users/lize/pico/pico-sdk/lib/tinyusb/src/portable/raspberrypi/rp2040/dcd_rp2040.c.obj
                0x0000000010005434                dcd_edpt0_status_complete
 .text.dcd_edpt_open
                0x0000000010005450       0x40 CMakeFiles/test.dir/Users/lize/pico/pico-sdk/lib/tinyusb/src/portable/raspberrypi/rp2040/dcd_rp2040.c.obj
                0x0000000010005450                dcd_edpt_open
 .text.dcd_edpt_close_all
                0x0000000010005490        0x8 CMakeFiles/test.dir/Users/lize/pico/pico-sdk/lib/tinyusb/src/portable/raspberrypi/rp2040/dcd_rp2040.c.obj
                0x0000000010005490                dcd_edpt_close_all
 .text.dcd_edpt_xfer
                0x0000000010005498       0x30 CMakeFiles/test.dir/Users/lize/pico/pico-sdk/lib/tinyusb/src/portable/raspberrypi/rp2040/dcd_rp2040.c.obj
                0x0000000010005498                dcd_edpt_xfer
 .text.dcd_edpt_stall
                0x00000000100054c8       0x2c CMakeFiles/test.dir/Users/lize/pico/pico-sdk/lib/tinyusb/src/portable/raspberrypi/rp2040/dcd_rp2040.c.obj
                0x00000000100054c8                dcd_edpt_stall
 .text.dcd_edpt_clear_stall
                0x00000000100054f4       0x20 CMakeFiles/test.dir/Users/lize/pico/pico-sdk/lib/tinyusb/src/portable/raspberrypi/rp2040/dcd_rp2040.c.obj
                0x00000000100054f4                dcd_edpt_clear_stall
 .text.prepare_ep_buffer
                0x0000000010005514       0x70 CMakeFiles/test.dir/Users/lize/pico/pico-sdk/lib/tinyusb/src/portable/raspberrypi/rp2040/rp2040_usb.c.obj
 .text.sync_ep_buffer
                0x0000000010005584       0x7c CMakeFiles/test.dir/Users/lize/pico/pico-sdk/lib/tinyusb/src/portable/raspberrypi/rp2040/rp2040_usb.c.obj
 .text._hw_endpoint_xfer_sync
                0x0000000010005600       0x28 CMakeFiles/test.dir/Users/lize/pico/pico-sdk/lib/tinyusb/src/portable/raspberrypi/rp2040/rp2040_usb.c.obj
 .text.rp2040_usb_init
                0x0000000010005628       0x4c CMakeFiles/test.dir/Users/lize/pico/pico-sdk/lib/tinyusb/src/portable/raspberrypi/rp2040/rp2040_usb.c.obj
                0x0000000010005628                rp2040_usb_init
 .text.hw_endpoint_reset_transfer
                0x0000000010005674        0xc CMakeFiles/test.dir/Users/lize/pico/pico-sdk/lib/tinyusb/src/portable/raspberrypi/rp2040/rp2040_usb.c.obj
                0x0000000010005674                hw_endpoint_reset_transfer
 .text._hw_endpoint_buffer_control_update32
                0x0000000010005680       0x58 CMakeFiles/test.dir/Users/lize/pico/pico-sdk/lib/tinyusb/src/portable/raspberrypi/rp2040/rp2040_usb.c.obj
                0x0000000010005680                _hw_endpoint_buffer_control_update32
 .text._hw_endpoint_start_next_buffer
                0x00000000100056d8       0x74 CMakeFiles/test.dir/Users/lize/pico/pico-sdk/lib/tinyusb/src/portable/raspberrypi/rp2040/rp2040_usb.c.obj
 .text.hw_endpoint_xfer_start
                0x000000001000574c       0x48 CMakeFiles/test.dir/Users/lize/pico/pico-sdk/lib/tinyusb/src/portable/raspberrypi/rp2040/rp2040_usb.c.obj
                0x000000001000574c                hw_endpoint_xfer_start
 .text.hw_endpoint_xfer_continue
                0x0000000010005794       0x38 CMakeFiles/test.dir/Users/lize/pico/pico-sdk/lib/tinyusb/src/portable/raspberrypi/rp2040/rp2040_usb.c.obj
                0x0000000010005794                hw_endpoint_xfer_continue
 .text.configuration_reset
                0x00000000100057cc       0x84 CMakeFiles/test.dir/Users/lize/pico/pico-sdk/lib/tinyusb/src/device/usbd.c.obj
 .text.usbd_reset
                0x0000000010005850        0xc CMakeFiles/test.dir/Users/lize/pico/pico-sdk/lib/tinyusb/src/device/usbd.c.obj
 .text.invoke_class_control
                0x000000001000585c       0x1a CMakeFiles/test.dir/Users/lize/pico/pico-sdk/lib/tinyusb/src/device/usbd.c.obj
 *fill*         0x0000000010005876        0x2 
 .text.process_set_config
                0x0000000010005878      0x1b0 CMakeFiles/test.dir/Users/lize/pico/pico-sdk/lib/tinyusb/src/device/usbd.c.obj
 .text.process_get_descriptor
                0x0000000010005a28       0xec CMakeFiles/test.dir/Users/lize/pico/pico-sdk/lib/tinyusb/src/device/usbd.c.obj
 .text.tud_mounted
                0x0000000010005b14       0x10 CMakeFiles/test.dir/Users/lize/pico/pico-sdk/lib/tinyusb/src/device/usbd.c.obj
                0x0000000010005b14                tud_mounted
 .text.tud_suspended
                0x0000000010005b24       0x10 CMakeFiles/test.dir/Users/lize/pico/pico-sdk/lib/tinyusb/src/device/usbd.c.obj
                0x0000000010005b24                tud_suspended
 .text.tud_inited
                0x0000000010005b34        0xc CMakeFiles/test.dir/Users/lize/pico/pico-sdk/lib/tinyusb/src/device/usbd.c.obj
                0x0000000010005b34                tud_inited
 .text.tud_init
                0x0000000010005b40       0xcc CMakeFiles/test.dir/Users/lize/pico/pico-sdk/lib/tinyusb/src/device/usbd.c.obj
                0x0000000010005b40                tud_init
 .text.dcd_event_handler
                0x0000000010005c0c      0x1e0 CMakeFiles/test.dir/Users/lize/pico/pico-sdk/lib/tinyusb/src/device/usbd.c.obj
                0x0000000010005c0c                dcd_event_handler
 .text.dcd_event_bus_signal
                0x0000000010005dec       0x26 CMakeFiles/test.dir/Users/lize/pico/pico-sdk/lib/tinyusb/src/device/usbd.c.obj
                0x0000000010005dec                dcd_event_bus_signal
 .text.dcd_event_bus_reset
                0x0000000010005e12       0x2a CMakeFiles/test.dir/Users/lize/pico/pico-sdk/lib/tinyusb/src/device/usbd.c.obj
                0x0000000010005e12                dcd_event_bus_reset
 .text.dcd_event_setup_received
                0x0000000010005e3c       0x34 CMakeFiles/test.dir/Users/lize/pico/pico-sdk/lib/tinyusb/src/device/usbd.c.obj
                0x0000000010005e3c                dcd_event_setup_received
 .text.dcd_event_xfer_complete
                0x0000000010005e70       0x44 CMakeFiles/test.dir/Users/lize/pico/pico-sdk/lib/tinyusb/src/device/usbd.c.obj
                0x0000000010005e70                dcd_event_xfer_complete
 .text.usbd_edpt_open
                0x0000000010005eb4       0x58 CMakeFiles/test.dir/Users/lize/pico/pico-sdk/lib/tinyusb/src/device/usbd.c.obj
                0x0000000010005eb4                usbd_edpt_open
 .text.usbd_open_edpt_pair
                0x0000000010005f0c       0x8c CMakeFiles/test.dir/Users/lize/pico/pico-sdk/lib/tinyusb/src/device/usbd.c.obj
                0x0000000010005f0c                usbd_open_edpt_pair
 .text.usbd_edpt_claim
                0x0000000010005f98       0x8c CMakeFiles/test.dir/Users/lize/pico/pico-sdk/lib/tinyusb/src/device/usbd.c.obj
                0x0000000010005f98                usbd_edpt_claim
 .text.usbd_edpt_release
                0x0000000010006024       0x68 CMakeFiles/test.dir/Users/lize/pico/pico-sdk/lib/tinyusb/src/device/usbd.c.obj
                0x0000000010006024                usbd_edpt_release
 .text.usbd_edpt_xfer
                0x000000001000608c       0x80 CMakeFiles/test.dir/Users/lize/pico/pico-sdk/lib/tinyusb/src/device/usbd.c.obj
                0x000000001000608c                usbd_edpt_xfer
 .text.usbd_edpt_stall
                0x000000001000610c       0x40 CMakeFiles/test.dir/Users/lize/pico/pico-sdk/lib/tinyusb/src/device/usbd.c.obj
                0x000000001000610c                usbd_edpt_stall
 .text.usbd_edpt_clear_stall
                0x000000001000614c       0x40 CMakeFiles/test.dir/Users/lize/pico/pico-sdk/lib/tinyusb/src/device/usbd.c.obj
                0x000000001000614c                usbd_edpt_clear_stall
 .text.usbd_edpt_stalled
                0x000000001000618c       0x1c CMakeFiles/test.dir/Users/lize/pico/pico-sdk/lib/tinyusb/src/device/usbd.c.obj
                0x000000001000618c                usbd_edpt_stalled
 .text.process_control_request
                0x00000000100061a8      0x3b8 CMakeFiles/test.dir/Users/lize/pico/pico-sdk/lib/tinyusb/src/device/usbd.c.obj
 .text.tud_task
                0x0000000010006560      0x218 CMakeFiles/test.dir/Users/lize/pico/pico-sdk/lib/tinyusb/src/device/usbd.c.obj
                0x0000000010006560                tud_task
 .text._data_stage_xact
                0x0000000010006778       0x58 CMakeFiles/test.dir/Users/lize/pico/pico-sdk/lib/tinyusb/src/device/usbd_control.c.obj
 .text.tud_control_status
                0x00000000100067d0       0x38 CMakeFiles/test.dir/Users/lize/pico/pico-sdk/lib/tinyusb/src/device/usbd_control.c.obj
                0x00000000100067d0                tud_control_status
 .text.tud_control_xfer
                0x0000000010006808       0xa8 CMakeFiles/test.dir/Users/lize/pico/pico-sdk/lib/tinyusb/src/device/usbd_control.c.obj
                0x0000000010006808                tud_control_xfer
 .text.usbd_control_reset
                0x00000000100068b0       0x14 CMakeFiles/test.dir/Users/lize/pico/pico-sdk/lib/tinyusb/src/device/usbd_control.c.obj
                0x00000000100068b0                usbd_control_reset
 .text.usbd_control_set_complete_callback
                0x00000000100068c4        0xc CMakeFiles/test.dir/Users/lize/pico/pico-sdk/lib/tinyusb/src/device/usbd_control.c.obj
                0x00000000100068c4                usbd_control_set_complete_callback
 .text.usbd_control_set_request
                0x00000000100068d0       0x1c CMakeFiles/test.dir/Users/lize/pico/pico-sdk/lib/tinyusb/src/device/usbd_control.c.obj
                0x00000000100068d0                usbd_control_set_request
 .text.usbd_control_xfer_cb
                0x00000000100068ec       0xfc CMakeFiles/test.dir/Users/lize/pico/pico-sdk/lib/tinyusb/src/device/usbd_control.c.obj
                0x00000000100068ec                usbd_control_xfer_cb
 .text._prep_out_transaction
                0x00000000100069e8       0x46 CMakeFiles/test.dir/Users/lize/pico/pico-sdk/lib/tinyusb/src/class/cdc/cdc_device.c.obj
 *fill*         0x0000000010006a2e        0x2 
 .text.tud_cdc_n_connected
                0x0000000010006a30       0x44 CMakeFiles/test.dir/Users/lize/pico/pico-sdk/lib/tinyusb/src/class/cdc/cdc_device.c.obj
                0x0000000010006a30                tud_cdc_n_connected
 .text.tud_cdc_n_available
                0x0000000010006a74       0x18 CMakeFiles/test.dir/Users/lize/pico/pico-sdk/lib/tinyusb/src/class/cdc/cdc_device.c.obj
                0x0000000010006a74                tud_cdc_n_available
 .text.tud_cdc_n_read
                0x0000000010006a8c       0x28 CMakeFiles/test.dir/Users/lize/pico/pico-sdk/lib/tinyusb/src/class/cdc/cdc_device.c.obj
                0x0000000010006a8c                tud_cdc_n_read
 .text.tud_cdc_n_write_flush
                0x0000000010006ab4       0xcc CMakeFiles/test.dir/Users/lize/pico/pico-sdk/lib/tinyusb/src/class/cdc/cdc_device.c.obj
                0x0000000010006ab4                tud_cdc_n_write_flush
 .text.tud_cdc_n_write
                0x0000000010006b80       0x38 CMakeFiles/test.dir/Users/lize/pico/pico-sdk/lib/tinyusb/src/class/cdc/cdc_device.c.obj
                0x0000000010006b80                tud_cdc_n_write
 .text.tud_cdc_n_write_available
                0x0000000010006bb8       0x1c CMakeFiles/test.dir/Users/lize/pico/pico-sdk/lib/tinyusb/src/class/cdc/cdc_device.c.obj
                0x0000000010006bb8                tud_cdc_n_write_available
 .text.cdcd_init
                0x0000000010006bd4       0xbc CMakeFiles/test.dir/Users/lize/pico/pico-sdk/lib/tinyusb/src/class/cdc/cdc_device.c.obj
                0x0000000010006bd4                cdcd_init
 .text.cdcd_reset
                0x0000000010006c90       0x44 CMakeFiles/test.dir/Users/lize/pico/pico-sdk/lib/tinyusb/src/class/cdc/cdc_device.c.obj
                0x0000000010006c90                cdcd_reset
 .text.cdcd_open
                0x0000000010006cd4       0xf8 CMakeFiles/test.dir/Users/lize/pico/pico-sdk/lib/tinyusb/src/class/cdc/cdc_device.c.obj
                0x0000000010006cd4                cdcd_open
 .text.cdcd_control_xfer_cb
                0x0000000010006dcc      0x134 CMakeFiles/test.dir/Users/lize/pico/pico-sdk/lib/tinyusb/src/class/cdc/cdc_device.c.obj
                0x0000000010006dcc                cdcd_control_xfer_cb
 .text.cdcd_xfer_cb
                0x0000000010006f00      0x144 CMakeFiles/test.dir/Users/lize/pico/pico-sdk/lib/tinyusb/src/class/cdc/cdc_device.c.obj
                0x0000000010006f00                cdcd_xfer_cb
 .text.tusb_init
                0x0000000010007044       0x24 CMakeFiles/test.dir/Users/lize/pico/pico-sdk/lib/tinyusb/src/tusb.c.obj
                0x0000000010007044                tusb_init
 .text.tusb_inited
                0x0000000010007068        0xe CMakeFiles/test.dir/Users/lize/pico/pico-sdk/lib/tinyusb/src/tusb.c.obj
                0x0000000010007068                tusb_inited
 *fill*         0x0000000010007076        0x2 
 .text.tu_edpt_validate
                0x0000000010007078       0xa8 CMakeFiles/test.dir/Users/lize/pico/pico-sdk/lib/tinyusb/src/tusb.c.obj
                0x0000000010007078                tu_edpt_validate
 .text.tu_edpt_bind_driver
                0x0000000010007120       0x2a CMakeFiles/test.dir/Users/lize/pico/pico-sdk/lib/tinyusb/src/tusb.c.obj
                0x0000000010007120                tu_edpt_bind_driver
 .text.advance_pointer
                0x000000001000714a       0x18 CMakeFiles/test.dir/Users/lize/pico/pico-sdk/lib/tinyusb/src/common/tusb_fifo.c.obj
 .text.backward_pointer
                0x0000000010007162       0x1e CMakeFiles/test.dir/Users/lize/pico/pico-sdk/lib/tinyusb/src/common/tusb_fifo.c.obj
 .text.get_relative_pointer
                0x0000000010007180       0x10 CMakeFiles/test.dir/Users/lize/pico/pico-sdk/lib/tinyusb/src/common/tusb_fifo.c.obj
 .text._tu_fifo_peek
                0x0000000010007190       0x50 CMakeFiles/test.dir/Users/lize/pico/pico-sdk/lib/tinyusb/src/common/tusb_fifo.c.obj
 .text._ff_pull_const_addr
                0x00000000100071e0       0x4c CMakeFiles/test.dir/Users/lize/pico/pico-sdk/lib/tinyusb/src/common/tusb_fifo.c.obj
 .text._ff_pull_n
                0x000000001000722c      0x10c CMakeFiles/test.dir/Users/lize/pico/pico-sdk/lib/tinyusb/src/common/tusb_fifo.c.obj
 .text._tu_fifo_peek_n
                0x0000000010007338       0x5e CMakeFiles/test.dir/Users/lize/pico/pico-sdk/lib/tinyusb/src/common/tusb_fifo.c.obj
 .text._tu_fifo_read_n
                0x0000000010007396       0x4e CMakeFiles/test.dir/Users/lize/pico/pico-sdk/lib/tinyusb/src/common/tusb_fifo.c.obj
 .text._ff_push_const_addr
                0x00000000100073e4       0x40 CMakeFiles/test.dir/Users/lize/pico/pico-sdk/lib/tinyusb/src/common/tusb_fifo.c.obj
 .text._ff_push_n
                0x0000000010007424      0x108 CMakeFiles/test.dir/Users/lize/pico/pico-sdk/lib/tinyusb/src/common/tusb_fifo.c.obj
 .text._tu_fifo_write_n
                0x000000001000752c       0x9e CMakeFiles/test.dir/Users/lize/pico/pico-sdk/lib/tinyusb/src/common/tusb_fifo.c.obj
 .text.tu_fifo_config
                0x00000000100075ca       0x72 CMakeFiles/test.dir/Users/lize/pico/pico-sdk/lib/tinyusb/src/common/tusb_fifo.c.obj
                0x00000000100075ca                tu_fifo_config
 .text.tu_fifo_count
                0x000000001000763c       0x26 CMakeFiles/test.dir/Users/lize/pico/pico-sdk/lib/tinyusb/src/common/tusb_fifo.c.obj
                0x000000001000763c                tu_fifo_count
 .text.tu_fifo_empty
                0x0000000010007662       0x10 CMakeFiles/test.dir/Users/lize/pico/pico-sdk/lib/tinyusb/src/common/tusb_fifo.c.obj
                0x0000000010007662                tu_fifo_empty
 .text.tu_fifo_remaining
                0x0000000010007672       0x20 CMakeFiles/test.dir/Users/lize/pico/pico-sdk/lib/tinyusb/src/common/tusb_fifo.c.obj
                0x0000000010007672                tu_fifo_remaining
 .text.tu_fifo_read
                0x0000000010007692       0x42 CMakeFiles/test.dir/Users/lize/pico/pico-sdk/lib/tinyusb/src/common/tusb_fifo.c.obj
                0x0000000010007692                tu_fifo_read
 .text.tu_fifo_read_n
                0x00000000100076d4        0xa CMakeFiles/test.dir/Users/lize/pico/pico-sdk/lib/tinyusb/src/common/tusb_fifo.c.obj
                0x00000000100076d4                tu_fifo_read_n
 .text.tu_fifo_write
                0x00000000100076de       0x6c CMakeFiles/test.dir/Users/lize/pico/pico-sdk/lib/tinyusb/src/common/tusb_fifo.c.obj
                0x00000000100076de                tu_fifo_write
 .text.tu_fifo_write_n
                0x000000001000774a        0xa CMakeFiles/test.dir/Users/lize/pico/pico-sdk/lib/tinyusb/src/common/tusb_fifo.c.obj
                0x000000001000774a                tu_fifo_write_n
 .text.tu_fifo_clear
                0x0000000010007754       0x4c CMakeFiles/test.dir/Users/lize/pico/pico-sdk/lib/tinyusb/src/common/tusb_fifo.c.obj
                0x0000000010007754                tu_fifo_clear
 .text.tu_fifo_set_overwritable
                0x00000000100077a0       0x3c CMakeFiles/test.dir/Users/lize/pico/pico-sdk/lib/tinyusb/src/common/tusb_fifo.c.obj
                0x00000000100077a0                tu_fifo_set_overwritable
 .text._retrieve_unique_id_on_boot
                0x00000000100077dc       0x10 CMakeFiles/test.dir/Users/lize/pico/pico-sdk/src/rp2_common/pico_unique_id/unique_id.c.obj
 .text.pico_get_unique_board_id_string
                0x00000000100077ec       0x60 CMakeFiles/test.dir/Users/lize/pico/pico-sdk/src/rp2_common/pico_unique_id/unique_id.c.obj
                0x00000000100077ec                pico_get_unique_board_id_string
 .text.flash_get_unique_id
                0x000000001000784c       0x46 CMakeFiles/test.dir/Users/lize/pico/pico-sdk/src/rp2_common/hardware_flash/flash.c.obj
                0x000000001000784c                flash_get_unique_id
 *fill*         0x0000000010007892        0x2 
 .text._pio_can_add_program_at_offset
                0x0000000010007894       0x3c CMakeFiles/test.dir/Users/lize/pico/pico-sdk/src/rp2_common/hardware_pio/pio.c.obj
 .text._pio_find_offset_for_program
                0x00000000100078d0       0x7c CMakeFiles/test.dir/Users/lize/pico/pico-sdk/src/rp2_common/hardware_pio/pio.c.obj
 .text._pio_add_program_at_offset
                0x000000001000794c       0x78 CMakeFiles/test.dir/Users/lize/pico/pico-sdk/src/rp2_common/hardware_pio/pio.c.obj
 .text.pio_add_program
                0x00000000100079c4       0x38 CMakeFiles/test.dir/Users/lize/pico/pico-sdk/src/rp2_common/hardware_pio/pio.c.obj
                0x00000000100079c4                pio_add_program
 .text.pio_sm_set_consecutive_pindirs
                0x00000000100079fc       0x70 CMakeFiles/test.dir/Users/lize/pico/pico-sdk/src/rp2_common/hardware_pio/pio.c.obj
                0x00000000100079fc                pio_sm_set_consecutive_pindirs
 .text.pio_sm_init
                0x0000000010007a6c       0xe4 CMakeFiles/test.dir/Users/lize/pico/pico-sdk/src/rp2_common/hardware_pio/pio.c.obj
                0x0000000010007a6c                pio_sm_init
 .text.strlen   0x0000000010007b50       0x5c /opt/homebrew/Cellar/arm-none-eabi-gcc/10.3-2021.07/gcc/bin/../lib/gcc/arm-none-eabi/10.3.1/../../../../arm-none-eabi/lib/thumb/v6-m/nofp/libg.a(lib_a-strlen-stub.o)
                0x0000000010007b50                strlen
 *(.fini)
 .fini          0x0000000010007bac        0x4 /opt/homebrew/Cellar/arm-none-eabi-gcc/10.3-2021.07/gcc/bin/../lib/gcc/arm-none-eabi/10.3.1/thumb/v6-m/nofp/crti.o
                0x0000000010007bac                _fini
 .fini.__stub   0x0000000010007bb0       0x70 linker stubs
 *crtbegin.o(.ctors)
 *crtbegin?.o(.ctors)
 *(EXCLUDE_FILE(*crtend.o *crtend?.o) .ctors)
 *(SORT_BY_NAME(.ctors.*))
 *(.ctors)
 *crtbegin.o(.dtors)
 *crtbegin?.o(.dtors)
 *(EXCLUDE_FILE(*crtend.o *crtend?.o) .dtors)
 *(SORT_BY_NAME(.dtors.*))
 *(.dtors)
 *(.eh_frame*)
 .eh_frame      0x0000000010007c20        0x0 /opt/homebrew/Cellar/arm-none-eabi-gcc/10.3-2021.07/gcc/bin/../lib/gcc/arm-none-eabi/10.3.1/thumb/v6-m/nofp/crtbegin.o
                0x0000000010007c20                . = ALIGN (0x4)

.glue_7         0x0000000010007c20        0x0
 .glue_7        0x0000000010007c20        0x0 linker stubs

.glue_7t        0x0000000010007c20        0x0
 .glue_7t       0x0000000010007c20        0x0 linker stubs

.vfp11_veneer   0x0000000010007c20        0x0
 .vfp11_veneer  0x0000000010007c20        0x0 linker stubs

.v4_bx          0x0000000010007c20        0x0
 .v4_bx         0x0000000010007c20        0x0 linker stubs

.iplt           0x0000000010007c20        0x0
 .iplt          0x0000000010007c20        0x0 /opt/homebrew/Cellar/arm-none-eabi-gcc/10.3-2021.07/gcc/bin/../lib/gcc/arm-none-eabi/10.3.1/thumb/v6-m/nofp/crtbegin.o

.rodata         0x0000000010007c20     0x18c8
 *(EXCLUDE_FILE(*libm.a: *libc.a:*lib_a-mem*.o *libgcc.a:) .rodata*)
 .rodata.main.str1.4
                0x0000000010007c20        0xc CMakeFiles/test.dir/test.c.obj
 .rodata.main   0x0000000010007c2c       0x58 CMakeFiles/test.dir/test.c.obj
 .rodata.str1.4
                0x0000000010007c84       0x1d CMakeFiles/test.dir/test.c.obj
 *fill*         0x0000000010007ca1        0x3 
 .rodata.color_table
                0x0000000010007ca4       0x20 CMakeFiles/test.dir/test.c.obj
                0x0000000010007ca4                color_table
 .rodata.ws2812_program
                0x0000000010007cc4        0x6 CMakeFiles/test.dir/ws2812/ws2812.c.obj
 *fill*         0x0000000010007cca        0x2 
 .rodata.ws2812_program_instructions
                0x0000000010007ccc        0x8 CMakeFiles/test.dir/ws2812/ws2812.c.obj
 .rodata.spin_lock_claim_unused.str1.4
                0x0000000010007cd4       0x1b CMakeFiles/test.dir/Users/lize/pico/pico-sdk/src/rp2_common/hardware_sync/sync.c.obj
 *fill*         0x0000000010007cef        0x1 
 .rodata.make_branch.str1.4
                0x0000000010007cf0       0x6c CMakeFiles/test.dir/Users/lize/pico/pico-sdk/src/rp2_common/hardware_irq/irq.c.obj
 .rodata.insert_branch_and_link.str1.4
                0x0000000010007d5c       0x10 CMakeFiles/test.dir/Users/lize/pico/pico-sdk/src/rp2_common/hardware_irq/irq.c.obj
 .rodata.irq_set_exclusive_handler.str1.4
                0x0000000010007d6c       0x36 CMakeFiles/test.dir/Users/lize/pico/pico-sdk/src/rp2_common/hardware_irq/irq.c.obj
 *fill*         0x0000000010007da2        0x2 
 .rodata.irq_add_shared_handler.str1.4
                0x0000000010007da4       0xd9 CMakeFiles/test.dir/Users/lize/pico/pico-sdk/src/rp2_common/hardware_irq/irq.c.obj
 *fill*         0x0000000010007e7d        0x3 
 .rodata.irq_remove_handler.str1.4
                0x0000000010007e80       0x2a CMakeFiles/test.dir/Users/lize/pico/pico-sdk/src/rp2_common/hardware_irq/irq.c.obj
 *fill*         0x0000000010007eaa        0x2 
 .rodata.irq_add_tail_to_free_list.str1.4
                0x0000000010007eac       0x3a CMakeFiles/test.dir/Users/lize/pico/pico-sdk/src/rp2_common/hardware_irq/irq.c.obj
 *fill*         0x0000000010007ee6        0x2 
 .rodata.user_irq_claim_unused.str1.4
                0x0000000010007ee8       0x1b CMakeFiles/test.dir/Users/lize/pico/pico-sdk/src/rp2_common/hardware_irq/irq.c.obj
 *fill*         0x0000000010007f03        0x1 
 .rodata.__func__.0
                0x0000000010007f04       0x1a CMakeFiles/test.dir/Users/lize/pico/pico-sdk/src/rp2_common/hardware_irq/irq.c.obj
 *fill*         0x0000000010007f1e        0x2 
 .rodata.__func__.1
                0x0000000010007f20       0x17 CMakeFiles/test.dir/Users/lize/pico/pico-sdk/src/rp2_common/hardware_irq/irq.c.obj
 *fill*         0x0000000010007f37        0x1 
 .rodata.__func__.2
                0x0000000010007f38       0x13 CMakeFiles/test.dir/Users/lize/pico/pico-sdk/src/rp2_common/hardware_irq/irq.c.obj
 *fill*         0x0000000010007f4b        0x1 
 .rodata.__func__.3
                0x0000000010007f4c        0xc CMakeFiles/test.dir/Users/lize/pico/pico-sdk/src/rp2_common/hardware_irq/irq.c.obj
 .rodata.__func__.4
                0x0000000010007f58        0xf CMakeFiles/test.dir/Users/lize/pico/pico-sdk/src/rp2_common/hardware_irq/irq.c.obj
 *fill*         0x0000000010007f67        0x1 
 .rodata.__func__.5
                0x0000000010007f68       0x17 CMakeFiles/test.dir/Users/lize/pico/pico-sdk/src/rp2_common/hardware_irq/irq.c.obj
 *fill*         0x0000000010007f7f        0x1 
 .rodata.__func__.6
                0x0000000010007f80       0x1a CMakeFiles/test.dir/Users/lize/pico/pico-sdk/src/rp2_common/hardware_irq/irq.c.obj
 *fill*         0x0000000010007f9a        0x2 
 .rodata.repeating_timer_callback.str1.4
                0x0000000010007f9c       0x4a CMakeFiles/test.dir/Users/lize/pico/pico-sdk/src/common/pico_time/time.c.obj
 *fill*         0x0000000010007fe6        0x2 
 .rodata.alarm_pool_dump_key.str1.4
                0x0000000010007fe8       0x33 CMakeFiles/test.dir/Users/lize/pico/pico-sdk/src/common/pico_time/time.c.obj
 *fill*         0x000000001000801b        0x1 
 .rodata.ph_add_child_node.str1.4
                0x000000001000801c       0x96 CMakeFiles/test.dir/Users/lize/pico/pico-sdk/src/common/pico_time/time.c.obj
 *fill*         0x00000000100080b2        0x2 
 .rodata.add_alarm_under_lock.str1.4
                0x00000000100080b4       0x28 CMakeFiles/test.dir/Users/lize/pico/pico-sdk/src/common/pico_time/time.c.obj
                                         0x2b (size before relaxing)
 .rodata.alarm_pool_alarm_callback.str1.4
                0x00000000100080dc       0xe2 CMakeFiles/test.dir/Users/lize/pico/pico-sdk/src/common/pico_time/time.c.obj
 *fill*         0x00000000100081be        0x2 
 .rodata.alarm_pool_get_default.str1.4
                0x00000000100081c0       0x21 CMakeFiles/test.dir/Users/lize/pico/pico-sdk/src/common/pico_time/time.c.obj
 *fill*         0x00000000100081e1        0x3 
 .rodata.alarm_pool_cancel_alarm.str1.4
                0x00000000100081e4       0x27 CMakeFiles/test.dir/Users/lize/pico/pico-sdk/src/common/pico_time/time.c.obj
 *fill*         0x000000001000820b        0x1 
 .rodata.sleep_until.str1.4
                0x000000001000820c       0x4d CMakeFiles/test.dir/Users/lize/pico/pico-sdk/src/common/pico_time/time.c.obj
 *fill*         0x0000000010008259        0x3 
 .rodata.__func__.1
                0x000000001000825c       0x18 CMakeFiles/test.dir/Users/lize/pico/pico-sdk/src/common/pico_time/time.c.obj
 .rodata.__func__.10
                0x0000000010008274       0x15 CMakeFiles/test.dir/Users/lize/pico/pico-sdk/src/common/pico_time/time.c.obj
 *fill*         0x0000000010008289        0x3 
 .rodata.__func__.11
                0x000000001000828c       0x1a CMakeFiles/test.dir/Users/lize/pico/pico-sdk/src/common/pico_time/time.c.obj
 *fill*         0x00000000100082a6        0x2 
 .rodata.__func__.12
                0x00000000100082a8        0xa CMakeFiles/test.dir/Users/lize/pico/pico-sdk/src/common/pico_time/time.c.obj
 *fill*         0x00000000100082b2        0x2 
 .rodata.__func__.3
                0x00000000100082b4       0x17 CMakeFiles/test.dir/Users/lize/pico/pico-sdk/src/common/pico_time/time.c.obj
 *fill*         0x00000000100082cb        0x1 
 .rodata.__func__.4
                0x00000000100082cc       0x12 CMakeFiles/test.dir/Users/lize/pico/pico-sdk/src/common/pico_time/time.c.obj
 *fill*         0x00000000100082de        0x2 
 .rodata.__func__.5
                0x00000000100082e0        0xd CMakeFiles/test.dir/Users/lize/pico/pico-sdk/src/common/pico_time/time.c.obj
 *fill*         0x00000000100082ed        0x3 
 .rodata.__func__.6
                0x00000000100082f0       0x12 CMakeFiles/test.dir/Users/lize/pico/pico-sdk/src/common/pico_time/time.c.obj
 *fill*         0x0000000010008302        0x2 
 .rodata.__func__.7
                0x0000000010008304        0xf CMakeFiles/test.dir/Users/lize/pico/pico-sdk/src/common/pico_time/time.c.obj
 *fill*         0x0000000010008313        0x1 
 .rodata.__func__.8
                0x0000000010008314        0xc CMakeFiles/test.dir/Users/lize/pico/pico-sdk/src/common/pico_time/time.c.obj
 .rodata.__func__.9
                0x0000000010008320       0x15 CMakeFiles/test.dir/Users/lize/pico/pico-sdk/src/common/pico_time/time.c.obj
 *fill*         0x0000000010008335        0x3 
 .rodata.hardware_alarm_claim.str1.4
                0x0000000010008338       0x22 CMakeFiles/test.dir/Users/lize/pico/pico-sdk/src/rp2_common/hardware_timer/timer.c.obj
 .rodata.busy_wait_us.str1.4
                0x000000001000835a       0x60 CMakeFiles/test.dir/Users/lize/pico/pico-sdk/src/rp2_common/hardware_timer/timer.c.obj
 *fill*         0x000000001000835a        0x2 
 .rodata.hardware_alarm_set_target.str1.4
                0x000000001000835c       0x64 CMakeFiles/test.dir/Users/lize/pico/pico-sdk/src/rp2_common/hardware_timer/timer.c.obj
 .rodata.__func__.0
                0x00000000100083c0       0x1a CMakeFiles/test.dir/Users/lize/pico/pico-sdk/src/rp2_common/hardware_timer/timer.c.obj
 *fill*         0x00000000100083da        0x2 
 .rodata.__func__.1
                0x00000000100083dc       0x15 CMakeFiles/test.dir/Users/lize/pico/pico-sdk/src/rp2_common/hardware_timer/timer.c.obj
 .rodata.ph_add_child_node.str1.4
                0x00000000100083f1       0x96 CMakeFiles/test.dir/Users/lize/pico/pico-sdk/src/common/pico_util/pheap.c.obj
 *fill*         0x00000000100083f1        0x3 
 .rodata.ph_remove_any_head.str1.4
                0x00000000100083f4       0x8c CMakeFiles/test.dir/Users/lize/pico/pico-sdk/src/common/pico_util/pheap.c.obj
 .rodata.ph_remove_and_free_node.str1.4
                0x0000000010008480       0x1e CMakeFiles/test.dir/Users/lize/pico/pico-sdk/src/common/pico_util/pheap.c.obj
                                         0x26 (size before relaxing)
 *fill*         0x000000001000849e        0x2 
 .rodata.__func__.0
                0x00000000100084a0       0x18 CMakeFiles/test.dir/Users/lize/pico/pico-sdk/src/common/pico_util/pheap.c.obj
 .rodata.__func__.1
                0x00000000100084b8       0x13 CMakeFiles/test.dir/Users/lize/pico/pico-sdk/src/common/pico_util/pheap.c.obj
 *fill*         0x00000000100084cb        0x1 
 .rodata.__func__.2
                0x00000000100084cc       0x12 CMakeFiles/test.dir/Users/lize/pico/pico-sdk/src/common/pico_util/pheap.c.obj
 *fill*         0x00000000100084de        0x2 
 .rodata.__func__.3
                0x00000000100084e0        0xc CMakeFiles/test.dir/Users/lize/pico/pico-sdk/src/common/pico_util/pheap.c.obj
 .rodata.str1.4
                0x00000000100084ec       0x89 CMakeFiles/test.dir/Users/lize/pico/pico-sdk/src/common/pico_sync/mutex.c.obj
                                         0xe9 (size before relaxing)
 *fill*         0x0000000010008575        0x3 
 .rodata.__func__.1
                0x0000000010008578        0xb CMakeFiles/test.dir/Users/lize/pico/pico-sdk/src/common/pico_sync/mutex.c.obj
 *fill*         0x0000000010008583        0x1 
 .rodata.__func__.3
                0x0000000010008584       0x18 CMakeFiles/test.dir/Users/lize/pico/pico-sdk/src/common/pico_sync/mutex.c.obj
 .rodata.__func__.4
                0x000000001000859c       0x15 CMakeFiles/test.dir/Users/lize/pico/pico-sdk/src/common/pico_sync/mutex.c.obj
 *fill*         0x00000000100085b1        0x3 
 .rodata.__assert_func.str1.4
                0x00000000100085b4       0x3f CMakeFiles/test.dir/Users/lize/pico/pico-sdk/src/rp2_common/pico_runtime/runtime.c.obj
                                         0x43 (size before relaxing)
 *fill*         0x00000000100085f3        0x1 
 .rodata.runtime_init.str1.4
                0x00000000100085f4       0x60 CMakeFiles/test.dir/Users/lize/pico/pico-sdk/src/rp2_common/pico_runtime/runtime.c.obj
 .rodata.panic.str1.4
                0x0000000010008654       0x12 CMakeFiles/test.dir/Users/lize/pico/pico-sdk/src/rp2_common/pico_runtime/runtime.c.obj
 *fill*         0x0000000010008666        0x2 
 .rodata.__func__.1
                0x0000000010008668        0xd CMakeFiles/test.dir/Users/lize/pico/pico-sdk/src/rp2_common/pico_runtime/runtime.c.obj
 *fill*         0x0000000010008675        0x3 
 .rodata.clock_configure.str1.4
                0x0000000010008678       0x56 CMakeFiles/test.dir/Users/lize/pico/pico-sdk/src/rp2_common/hardware_clocks/clocks.c.obj
 *fill*         0x00000000100086ce        0x2 
 .rodata.__func__.1
                0x00000000100086d0       0x10 CMakeFiles/test.dir/Users/lize/pico/pico-sdk/src/rp2_common/hardware_clocks/clocks.c.obj
 .rodata.pll_init.str1.4
                0x00000000100086e0      0x137 CMakeFiles/test.dir/Users/lize/pico/pico-sdk/src/rp2_common/hardware_pll/pll.c.obj
 *fill*         0x0000000010008817        0x1 
 .rodata.__func__.0
                0x0000000010008818        0x9 CMakeFiles/test.dir/Users/lize/pico/pico-sdk/src/rp2_common/hardware_pll/pll.c.obj
 *fill*         0x0000000010008821        0x3 
 .rodata._ftoa.str1.4
                0x0000000010008824       0x15 CMakeFiles/test.dir/Users/lize/pico/pico-sdk/src/rp2_common/pico_printf/printf.c.obj
 *fill*         0x0000000010008839        0x3 
 .rodata._vsnprintf
                0x000000001000883c      0x1e0 CMakeFiles/test.dir/Users/lize/pico/pico-sdk/src/rp2_common/pico_printf/printf.c.obj
 *fill*         0x0000000010008a1c        0x4 
 .rodata.pow10.0
                0x0000000010008a20       0x50 CMakeFiles/test.dir/Users/lize/pico/pico-sdk/src/rp2_common/pico_printf/printf.c.obj
 .rodata.__aeabi_double_init.str1.4
                0x0000000010008a70       0xa7 CMakeFiles/test.dir/Users/lize/pico/pico-sdk/src/rp2_common/pico_double/double_init_rom.c.obj
 *fill*         0x0000000010008b17        0x1 
 .rodata.__func__.0
                0x0000000010008b18       0x14 CMakeFiles/test.dir/Users/lize/pico/pico-sdk/src/rp2_common/pico_double/double_init_rom.c.obj
 .rodata.__aeabi_float_init.str1.4
                0x0000000010008b2c       0x79 CMakeFiles/test.dir/Users/lize/pico/pico-sdk/src/rp2_common/pico_float/float_init_rom.c.obj
                                         0x7d (size before relaxing)
 *fill*         0x0000000010008ba5        0x3 
 .rodata.__func__.0
                0x0000000010008ba8       0x13 CMakeFiles/test.dir/Users/lize/pico/pico-sdk/src/rp2_common/pico_float/float_init_rom.c.obj
 *fill*         0x0000000010008bbb        0x1 
 .rodata.str1.4
                0x0000000010008bbc       0x3c CMakeFiles/test.dir/Users/lize/pico/pico-sdk/src/rp2_common/pico_standard_link/binary_info.c.obj
 .rodata.__bi_44
                0x0000000010008bf8        0xc CMakeFiles/test.dir/Users/lize/pico/pico-sdk/src/rp2_common/pico_standard_link/binary_info.c.obj
 .rodata.__bi_75
                0x0000000010008c04        0xc CMakeFiles/test.dir/Users/lize/pico/pico-sdk/src/rp2_common/pico_standard_link/binary_info.c.obj
 .rodata.__bi_81
                0x0000000010008c10        0xc CMakeFiles/test.dir/Users/lize/pico/pico-sdk/src/rp2_common/pico_standard_link/binary_info.c.obj
 .rodata.__wrap_getchar.str1.4
                0x0000000010008c1c       0x48 CMakeFiles/test.dir/Users/lize/pico/pico-sdk/src/rp2_common/pico_stdio/stdio.c.obj
 .rodata.getchar_timeout_us.str1.4
                0x0000000010008c64       0x63 CMakeFiles/test.dir/Users/lize/pico/pico-sdk/src/rp2_common/pico_stdio/stdio.c.obj
 .rodata.__func__.0
                0x0000000010008c64       0x15 CMakeFiles/test.dir/Users/lize/pico/pico-sdk/src/rp2_common/pico_stdio/stdio.c.obj
 *fill*         0x0000000010008c79        0x3 
 .rodata.__func__.1
                0x0000000010008c7c       0x13 CMakeFiles/test.dir/Users/lize/pico/pico-sdk/src/rp2_common/pico_stdio/stdio.c.obj
 *fill*         0x0000000010008c8f        0x1 
 .rodata.crlf_str.3
                0x0000000010008c90        0x2 CMakeFiles/test.dir/Users/lize/pico/pico-sdk/src/rp2_common/pico_stdio/stdio.c.obj
 *fill*         0x0000000010008c92        0x2 
 .rodata.str1.4
                0x0000000010008c94       0x2c CMakeFiles/test.dir/Users/lize/pico/pico-sdk/src/rp2_common/pico_stdio_uart/stdio_uart.c.obj
 .rodata.__bi_28.4
                0x0000000010008cc0        0xc CMakeFiles/test.dir/Users/lize/pico/pico-sdk/src/rp2_common/pico_stdio_uart/stdio_uart.c.obj
 .rodata.__bi_29.5
                0x0000000010008ccc        0x8 CMakeFiles/test.dir/Users/lize/pico/pico-sdk/src/rp2_common/pico_stdio_uart/stdio_uart.c.obj
 .rodata._resetd_driver
                0x0000000010008cd4       0x18 CMakeFiles/test.dir/Users/lize/pico/pico-sdk/src/rp2_common/pico_stdio_usb/reset_interface.c.obj
 .rodata.timer_task.str1.4
                0x0000000010008cec       0x6c CMakeFiles/test.dir/Users/lize/pico/pico-sdk/src/rp2_common/pico_stdio_usb/stdio_usb.c.obj
 .rodata.stdio_usb_init.str1.4
                0x0000000010008d58       0x60 CMakeFiles/test.dir/Users/lize/pico/pico-sdk/src/rp2_common/pico_stdio_usb/stdio_usb.c.obj
 .rodata.str1.4
                0x0000000010008d58       0x13 CMakeFiles/test.dir/Users/lize/pico/pico-sdk/src/rp2_common/pico_stdio_usb/stdio_usb.c.obj
 *fill*         0x0000000010008d6b        0x1 
 .rodata.__bi_118.2
                0x0000000010008d6c        0xc CMakeFiles/test.dir/Users/lize/pico/pico-sdk/src/rp2_common/pico_stdio_usb/stdio_usb.c.obj
 .rodata.__func__.0
                0x0000000010008d78       0x15 CMakeFiles/test.dir/Users/lize/pico/pico-sdk/src/rp2_common/pico_stdio_usb/stdio_usb.c.obj
 *fill*         0x0000000010008d8d        0x3 
 .rodata.__func__.1
                0x0000000010008d90        0xb CMakeFiles/test.dir/Users/lize/pico/pico-sdk/src/rp2_common/pico_stdio_usb/stdio_usb.c.obj
 *fill*         0x0000000010008d9b        0x1 
 .rodata.str1.4
                0x0000000010008d9c       0x2a CMakeFiles/test.dir/Users/lize/pico/pico-sdk/src/rp2_common/pico_stdio_usb/stdio_usb_descriptors.c.obj
 *fill*         0x0000000010008dc6        0x2 
 .rodata.usbd_desc_cfg
                0x0000000010008dc8       0x54 CMakeFiles/test.dir/Users/lize/pico/pico-sdk/src/rp2_common/pico_stdio_usb/stdio_usb_descriptors.c.obj
 .rodata.usbd_desc_device
                0x0000000010008e1c       0x12 CMakeFiles/test.dir/Users/lize/pico/pico-sdk/src/rp2_common/pico_stdio_usb/stdio_usb_descriptors.c.obj
 *fill*         0x0000000010008e2e        0x2 
 .rodata.usbd_desc_str
                0x0000000010008e30       0x18 CMakeFiles/test.dir/Users/lize/pico/pico-sdk/src/rp2_common/pico_stdio_usb/stdio_usb_descriptors.c.obj
 .rodata._hw_endpoint_alloc.str1.4
                0x0000000010008e48       0xb5 CMakeFiles/test.dir/Users/lize/pico/pico-sdk/lib/tinyusb/src/portable/raspberrypi/rp2040/dcd_rp2040.c.obj
 *fill*         0x0000000010008efd        0x3 
 .rodata.dcd_rp2040_irq.str1.4
                0x0000000010008f00       0x14 CMakeFiles/test.dir/Users/lize/pico/pico-sdk/lib/tinyusb/src/portable/raspberrypi/rp2040/dcd_rp2040.c.obj
 .rodata.dcd_int_enable.str1.4
                0x0000000010008f14        0xc CMakeFiles/test.dir/Users/lize/pico/pico-sdk/lib/tinyusb/src/portable/raspberrypi/rp2040/dcd_rp2040.c.obj
 .rodata.__func__.0
                0x0000000010008f20        0xe CMakeFiles/test.dir/Users/lize/pico/pico-sdk/lib/tinyusb/src/portable/raspberrypi/rp2040/dcd_rp2040.c.obj
 *fill*         0x0000000010008f2e        0x2 
 .rodata.__func__.1
                0x0000000010008f30        0xe CMakeFiles/test.dir/Users/lize/pico/pico-sdk/lib/tinyusb/src/portable/raspberrypi/rp2040/dcd_rp2040.c.obj
 *fill*         0x0000000010008f3e        0x2 
 .rodata.__func__.3
                0x0000000010008f40       0x10 CMakeFiles/test.dir/Users/lize/pico/pico-sdk/lib/tinyusb/src/portable/raspberrypi/rp2040/dcd_rp2040.c.obj
 .rodata.__func__.5
                0x0000000010008f50        0xf CMakeFiles/test.dir/Users/lize/pico/pico-sdk/lib/tinyusb/src/portable/raspberrypi/rp2040/dcd_rp2040.c.obj
 *fill*         0x0000000010008f5f        0x1 
 .rodata.__func__.6
                0x0000000010008f60       0x13 CMakeFiles/test.dir/Users/lize/pico/pico-sdk/lib/tinyusb/src/portable/raspberrypi/rp2040/dcd_rp2040.c.obj
 *fill*         0x0000000010008f73        0x1 
 .rodata.__func__.7
                0x0000000010008f74        0x9 CMakeFiles/test.dir/Users/lize/pico/pico-sdk/lib/tinyusb/src/portable/raspberrypi/rp2040/dcd_rp2040.c.obj
 *fill*         0x0000000010008f7d        0x3 
 .rodata.sync_ep_buffer.str1.4
                0x0000000010008f80       0x91 CMakeFiles/test.dir/Users/lize/pico/pico-sdk/lib/tinyusb/src/portable/raspberrypi/rp2040/rp2040_usb.c.obj
 *fill*         0x0000000010009011        0x3 
 .rodata._hw_endpoint_buffer_control_update32.str1.4
                0x0000000010009014       0x1f CMakeFiles/test.dir/Users/lize/pico/pico-sdk/lib/tinyusb/src/portable/raspberrypi/rp2040/rp2040_usb.c.obj
 *fill*         0x0000000010009033        0x1 
 .rodata.hw_endpoint_xfer_start.str1.4
                0x0000000010009034       0x38 CMakeFiles/test.dir/Users/lize/pico/pico-sdk/lib/tinyusb/src/portable/raspberrypi/rp2040/rp2040_usb.c.obj
 .rodata.hw_endpoint_xfer_continue.str1.4
                0x000000001000906c       0x29 CMakeFiles/test.dir/Users/lize/pico/pico-sdk/lib/tinyusb/src/portable/raspberrypi/rp2040/rp2040_usb.c.obj
 .rodata.str1.4
                0x0000000010009095       0x29 CMakeFiles/test.dir/Users/lize/pico/pico-sdk/lib/tinyusb/src/portable/raspberrypi/rp2040/rp2040_usb.c.obj
                                          0x7 (size before relaxing)
 *fill*         0x0000000010009095        0x3 
 .rodata.__func__.0
                0x0000000010009098        0xf CMakeFiles/test.dir/Users/lize/pico/pico-sdk/lib/tinyusb/src/portable/raspberrypi/rp2040/rp2040_usb.c.obj
 *fill*         0x00000000100090a7        0x1 
 .rodata.process_set_config.str1.4
                0x00000000100090a8       0x17 CMakeFiles/test.dir/Users/lize/pico/pico-sdk/lib/tinyusb/src/device/usbd.c.obj
 *fill*         0x00000000100090bf        0x1 
 .rodata.process_get_descriptor
                0x00000000100090c0       0x40 CMakeFiles/test.dir/Users/lize/pico/pico-sdk/lib/tinyusb/src/device/usbd.c.obj
 .rodata.process_control_request
                0x0000000010009100       0x28 CMakeFiles/test.dir/Users/lize/pico/pico-sdk/lib/tinyusb/src/device/usbd.c.obj
 .rodata.tud_task
                0x0000000010009128       0x24 CMakeFiles/test.dir/Users/lize/pico/pico-sdk/lib/tinyusb/src/device/usbd.c.obj
 .rodata.__func__.2
                0x000000001000914c        0xf CMakeFiles/test.dir/Users/lize/pico/pico-sdk/lib/tinyusb/src/device/usbd.c.obj
 *fill*         0x000000001000915b        0x1 
 .rodata.__func__.3
                0x000000001000915c        0xf CMakeFiles/test.dir/Users/lize/pico/pico-sdk/lib/tinyusb/src/device/usbd.c.obj
 *fill*         0x000000001000916b        0x1 
 .rodata.__func__.4
                0x000000001000916c       0x14 CMakeFiles/test.dir/Users/lize/pico/pico-sdk/lib/tinyusb/src/device/usbd.c.obj
 .rodata.__func__.5
                0x0000000010009180       0x10 CMakeFiles/test.dir/Users/lize/pico/pico-sdk/lib/tinyusb/src/device/usbd.c.obj
 .rodata.__func__.6
                0x0000000010009190       0x17 CMakeFiles/test.dir/Users/lize/pico/pico-sdk/lib/tinyusb/src/device/usbd.c.obj
 *fill*         0x00000000100091a7        0x1 
 .rodata.__func__.7
                0x00000000100091a8       0x13 CMakeFiles/test.dir/Users/lize/pico/pico-sdk/lib/tinyusb/src/device/usbd.c.obj
 *fill*         0x00000000100091bb        0x1 
 .rodata.__func__.8
                0x00000000100091bc       0x18 CMakeFiles/test.dir/Users/lize/pico/pico-sdk/lib/tinyusb/src/device/usbd.c.obj
 .rodata.__func__.9
                0x00000000100091d4        0x9 CMakeFiles/test.dir/Users/lize/pico/pico-sdk/lib/tinyusb/src/device/usbd.c.obj
 *fill*         0x00000000100091dd        0x3 
 .rodata._usbd_driver
                0x00000000100091e0       0x18 CMakeFiles/test.dir/Users/lize/pico/pico-sdk/lib/tinyusb/src/device/usbd.c.obj
 .rodata.tud_control_xfer.str1.4
                0x00000000100091f8       0x17 CMakeFiles/test.dir/Users/lize/pico/pico-sdk/lib/tinyusb/src/device/usbd_control.c.obj
 .rodata.__func__.0
                0x00000000100091f8       0x15 CMakeFiles/test.dir/Users/lize/pico/pico-sdk/lib/tinyusb/src/device/usbd_control.c.obj
 *fill*         0x000000001000920d        0x3 
 .rodata.__func__.1
                0x0000000010009210       0x11 CMakeFiles/test.dir/Users/lize/pico/pico-sdk/lib/tinyusb/src/device/usbd_control.c.obj
 .rodata.tud_cdc_n_write_flush.str1.4
                0x0000000010009221       0x17 CMakeFiles/test.dir/Users/lize/pico/pico-sdk/lib/tinyusb/src/class/cdc/cdc_device.c.obj
 *fill*         0x0000000010009221        0x3 
 .rodata.__func__.0
                0x0000000010009224        0xd CMakeFiles/test.dir/Users/lize/pico/pico-sdk/lib/tinyusb/src/class/cdc/cdc_device.c.obj
 *fill*         0x0000000010009231        0x3 
 .rodata.__func__.1
                0x0000000010009234        0xa CMakeFiles/test.dir/Users/lize/pico/pico-sdk/lib/tinyusb/src/class/cdc/cdc_device.c.obj
 *fill*         0x000000001000923e        0x2 
 .rodata.__func__.2
                0x0000000010009240       0x16 CMakeFiles/test.dir/Users/lize/pico/pico-sdk/lib/tinyusb/src/class/cdc/cdc_device.c.obj
 .rodata.tusb_init.str1.4
                0x0000000010009256       0x17 CMakeFiles/test.dir/Users/lize/pico/pico-sdk/lib/tinyusb/src/tusb.c.obj
 *fill*         0x0000000010009256        0x2 
 .rodata.__func__.0
                0x0000000010009258       0x11 CMakeFiles/test.dir/Users/lize/pico/pico-sdk/lib/tinyusb/src/tusb.c.obj
 *fill*         0x0000000010009269        0x3 
 .rodata.__func__.1
                0x000000001000926c        0xa CMakeFiles/test.dir/Users/lize/pico/pico-sdk/lib/tinyusb/src/tusb.c.obj
 *fill*         0x0000000010009276        0x2 
 .rodata.pico_get_unique_board_id_string.str1.4
                0x0000000010009278       0x4c CMakeFiles/test.dir/Users/lize/pico/pico-sdk/src/rp2_common/pico_unique_id/unique_id.c.obj
 .rodata.__func__.0
                0x00000000100092c4       0x20 CMakeFiles/test.dir/Users/lize/pico/pico-sdk/src/rp2_common/pico_unique_id/unique_id.c.obj
 .rodata.str1.4
                0x00000000100092e4      0x156 CMakeFiles/test.dir/Users/lize/pico/pico-sdk/src/rp2_common/hardware_flash/flash.c.obj
 *fill*         0x000000001000943a        0x2 
 .rodata.__func__.0
                0x000000001000943c        0xd CMakeFiles/test.dir/Users/lize/pico/pico-sdk/src/rp2_common/hardware_flash/flash.c.obj
 *fill*         0x0000000010009449        0x3 
 .rodata._pio_find_offset_for_program.str1.4
                0x000000001000944c       0x68 CMakeFiles/test.dir/Users/lize/pico/pico-sdk/src/rp2_common/hardware_pio/pio.c.obj
 .rodata._pio_add_program_at_offset.str1.4
                0x00000000100094b4       0x11 CMakeFiles/test.dir/Users/lize/pico/pico-sdk/src/rp2_common/hardware_pio/pio.c.obj
 *fill*         0x00000000100094c5        0x3 
 .rodata.__func__.1
                0x00000000100094c8       0x1d CMakeFiles/test.dir/Users/lize/pico/pico-sdk/src/rp2_common/hardware_pio/pio.c.obj
                0x00000000100094e8                . = ALIGN (0x4)
 *fill*         0x00000000100094e5        0x3 
 *(SORT_BY_ALIGNMENT(SORT_BY_NAME(.flashdata*)))
                0x00000000100094e8                . = ALIGN (0x4)

.rel.dyn        0x00000000100094e8        0x0
 .rel.iplt      0x00000000100094e8        0x0 /opt/homebrew/Cellar/arm-none-eabi-gcc/10.3-2021.07/gcc/bin/../lib/gcc/arm-none-eabi/10.3.1/thumb/v6-m/nofp/crtbegin.o

.ARM.extab
 *(.ARM.extab* .gnu.linkonce.armextab.*)
                0x00000000100094e8                __exidx_start = .

.ARM.exidx
 *(.ARM.exidx* .gnu.linkonce.armexidx.*)
                0x00000000100094e8                __exidx_end = .
                0x00000000100094e8                . = ALIGN (0x4)
                0x00000000100094e8                __binary_info_start = .

.binary_info    0x00000000100094e8       0x28
 *(.binary_info.keep.*)
 .binary_info.keep.__bi_ptr22
                0x00000000100094e8        0x4 CMakeFiles/test.dir/Users/lize/pico/pico-sdk/src/rp2_common/pico_standard_link/binary_info.c.obj
 .binary_info.keep.__bi_ptr30
                0x00000000100094ec        0x4 CMakeFiles/test.dir/Users/lize/pico/pico-sdk/src/rp2_common/pico_standard_link/binary_info.c.obj
 .binary_info.keep.__bi_ptr38
                0x00000000100094f0        0x4 CMakeFiles/test.dir/Users/lize/pico/pico-sdk/src/rp2_common/pico_standard_link/binary_info.c.obj
 .binary_info.keep.__bi_ptr44
                0x00000000100094f4        0x4 CMakeFiles/test.dir/Users/lize/pico/pico-sdk/src/rp2_common/pico_standard_link/binary_info.c.obj
 .binary_info.keep.__bi_ptr50
                0x00000000100094f8        0x4 CMakeFiles/test.dir/Users/lize/pico/pico-sdk/src/rp2_common/pico_standard_link/binary_info.c.obj
 .binary_info.keep.__bi_ptr75
                0x00000000100094fc        0x4 CMakeFiles/test.dir/Users/lize/pico/pico-sdk/src/rp2_common/pico_standard_link/binary_info.c.obj
 .binary_info.keep.__bi_ptr81
                0x0000000010009500        0x4 CMakeFiles/test.dir/Users/lize/pico/pico-sdk/src/rp2_common/pico_standard_link/binary_info.c.obj
 *(.binary_info.*)
 .binary_info.__bi_ptr28
                0x0000000010009504        0x4 CMakeFiles/test.dir/Users/lize/pico/pico-sdk/src/rp2_common/pico_stdio_uart/stdio_uart.c.obj
 .binary_info.__bi_ptr29
                0x0000000010009508        0x4 CMakeFiles/test.dir/Users/lize/pico/pico-sdk/src/rp2_common/pico_stdio_uart/stdio_uart.c.obj
 .binary_info.__bi_ptr118
                0x000000001000950c        0x4 CMakeFiles/test.dir/Users/lize/pico/pico-sdk/src/rp2_common/pico_stdio_usb/stdio_usb.c.obj
                0x0000000010009510                __binary_info_end = .
                0x0000000010009510                . = ALIGN (0x4)