Archive member included to satisfy reference by file (symbol)

/usr/lib/gcc/arm-none-eabi/10.3.1/thumb/v6-m/nofp/libgcc.a(_dvmd_tls.o)
                              CMakeFiles/audio.dir/home/tom/Documents/pico/pico-sdk/src/rp2_common/pico_divider/divider.S.obj (__aeabi_idiv0)
/usr/lib/gcc/arm-none-eabi/10.3.1/../../../arm-none-eabi/lib/thumb/v6-m/nofp/libg.a(lib_a-atexit.o)
                              /usr/lib/gcc/arm-none-eabi/10.3.1/../../../arm-none-eabi/lib/thumb/v6-m/nofp/crt0.o (atexit)
/usr/lib/gcc/arm-none-eabi/10.3.1/../../../arm-none-eabi/lib/thumb/v6-m/nofp/libg.a(lib_a-calloc.o)
                              CMakeFiles/audio.dir/home/tom/Documents/pico/pico-sdk/src/rp2_common/pico_malloc/pico_malloc.c.obj (calloc)
/usr/lib/gcc/arm-none-eabi/10.3.1/../../../arm-none-eabi/lib/thumb/v6-m/nofp/libg.a(lib_a-callocr.o)
                              /usr/lib/gcc/arm-none-eabi/10.3.1/../../../arm-none-eabi/lib/thumb/v6-m/nofp/libg.a(lib_a-calloc.o) (_calloc_r)
/usr/lib/gcc/arm-none-eabi/10.3.1/../../../arm-none-eabi/lib/thumb/v6-m/nofp/libg.a(lib_a-ctype_.o)
                              CMakeFiles/audio.dir/home/tom/Documents/pico/pico-sdk/lib/tinyusb/src/tusb.c.obj (_ctype_)
/usr/lib/gcc/arm-none-eabi/10.3.1/../../../arm-none-eabi/lib/thumb/v6-m/nofp/libg.a(lib_a-fini.o)
                              /usr/lib/gcc/arm-none-eabi/10.3.1/../../../arm-none-eabi/lib/thumb/v6-m/nofp/crt0.o (__libc_fini_array)
/usr/lib/gcc/arm-none-eabi/10.3.1/../../../arm-none-eabi/lib/thumb/v6-m/nofp/libg.a(lib_a-impure.o)
                              /usr/lib/gcc/arm-none-eabi/10.3.1/../../../arm-none-eabi/lib/thumb/v6-m/nofp/libg.a(lib_a-calloc.o) (_impure_ptr)
/usr/lib/gcc/arm-none-eabi/10.3.1/../../../arm-none-eabi/lib/thumb/v6-m/nofp/libg.a(lib_a-init.o)
                              /usr/lib/gcc/arm-none-eabi/10.3.1/../../../arm-none-eabi/lib/thumb/v6-m/nofp/crt0.o (__libc_init_array)
/usr/lib/gcc/arm-none-eabi/10.3.1/../../../arm-none-eabi/lib/thumb/v6-m/nofp/libg.a(lib_a-malloc.o)
                              CMakeFiles/audio.dir/home/tom/Documents/pico/pico-sdk/src/rp2_common/pico_malloc/pico_malloc.c.obj (malloc)
/usr/lib/gcc/arm-none-eabi/10.3.1/../../../arm-none-eabi/lib/thumb/v6-m/nofp/libg.a(lib_a-mallocr.o)
                              /usr/lib/gcc/arm-none-eabi/10.3.1/../../../arm-none-eabi/lib/thumb/v6-m/nofp/libg.a(lib_a-callocr.o) (_malloc_r)
/usr/lib/gcc/arm-none-eabi/10.3.1/../../../arm-none-eabi/lib/thumb/v6-m/nofp/libg.a(lib_a-mlock.o)
                              /usr/lib/gcc/arm-none-eabi/10.3.1/../../../arm-none-eabi/lib/thumb/v6-m/nofp/libg.a(lib_a-mallocr.o) (__malloc_lock)
/usr/lib/gcc/arm-none-eabi/10.3.1/../../../arm-none-eabi/lib/thumb/v6-m/nofp/libg.a(lib_a-realloc.o)
                              CMakeFiles/audio.dir/home/tom/Documents/pico/pico-sdk/src/rp2_common/pico_malloc/pico_malloc.c.obj (realloc)
/usr/lib/gcc/arm-none-eabi/10.3.1/../../../arm-none-eabi/lib/thumb/v6-m/nofp/libg.a(lib_a-reallocr.o)
                              /usr/lib/gcc/arm-none-eabi/10.3.1/../../../arm-none-eabi/lib/thumb/v6-m/nofp/libg.a(lib_a-realloc.o) (_realloc_r)
/usr/lib/gcc/arm-none-eabi/10.3.1/../../../arm-none-eabi/lib/thumb/v6-m/nofp/libg.a(lib_a-sbrkr.o)
                              /usr/lib/gcc/arm-none-eabi/10.3.1/../../../arm-none-eabi/lib/thumb/v6-m/nofp/libg.a(lib_a-mallocr.o) (_sbrk_r)
/usr/lib/gcc/arm-none-eabi/10.3.1/../../../arm-none-eabi/lib/thumb/v6-m/nofp/libg.a(lib_a-strlen-stub.o)
                              CMakeFiles/audio.dir/home/tom/Documents/pico/pico-sdk/src/rp2_common/pico_stdio/stdio.c.obj (strlen)
/usr/lib/gcc/arm-none-eabi/10.3.1/../../../arm-none-eabi/lib/thumb/v6-m/nofp/libg.a(lib_a-__atexit.o)
                              /usr/lib/gcc/arm-none-eabi/10.3.1/../../../arm-none-eabi/lib/thumb/v6-m/nofp/libg.a(lib_a-atexit.o) (__register_exitproc)
/usr/lib/gcc/arm-none-eabi/10.3.1/../../../arm-none-eabi/lib/thumb/v6-m/nofp/libg.a(lib_a-freer.o)
                              /usr/lib/gcc/arm-none-eabi/10.3.1/../../../arm-none-eabi/lib/thumb/v6-m/nofp/libg.a(lib_a-malloc.o) (_free_r)
/usr/lib/gcc/arm-none-eabi/10.3.1/../../../arm-none-eabi/lib/thumb/v6-m/nofp/libg.a(lib_a-memmove.o)
                              /usr/lib/gcc/arm-none-eabi/10.3.1/../../../arm-none-eabi/lib/thumb/v6-m/nofp/libg.a(lib_a-reallocr.o) (memmove)
/usr/lib/gcc/arm-none-eabi/10.3.1/../../../arm-none-eabi/lib/thumb/v6-m/nofp/libg.a(lib_a-reent.o)
                              /usr/lib/gcc/arm-none-eabi/10.3.1/../../../arm-none-eabi/lib/thumb/v6-m/nofp/libg.a(lib_a-sbrkr.o) (errno)

Discarded input sections

 .text          0x0000000000000000        0x0 /usr/lib/gcc/arm-none-eabi/10.3.1/thumb/v6-m/nofp/crti.o
 .data          0x0000000000000000        0x0 /usr/lib/gcc/arm-none-eabi/10.3.1/thumb/v6-m/nofp/crti.o
 .bss           0x0000000000000000        0x0 /usr/lib/gcc/arm-none-eabi/10.3.1/thumb/v6-m/nofp/crti.o
[...]
Memory Configuration

Name             Origin             Length             Attributes
FLASH            0x0000000010000000 0x0000000000200000 xr
RAM              0x0000000020000000 0x0000000000040000 xrw
SCRATCH_X        0x0000000020040000 0x0000000000001000 xrw
SCRATCH_Y        0x0000000020041000 0x0000000000001000 xrw
*default*        0x0000000000000000 0xffffffffffffffff

Linker script and memory map

LOAD /usr/lib/gcc/arm-none-eabi/10.3.1/thumb/v6-m/nofp/crti.o
LOAD /usr/lib/gcc/arm-none-eabi/10.3.1/thumb/v6-m/nofp/crtbegin.o
LOAD /usr/lib/gcc/arm-none-eabi/10.3.1/../../../arm-none-eabi/lib/thumb/v6-m/nofp/crt0.o

.flash_begin    0x0000000010000000        0x0
                0x0000000010000000                __flash_binary_start = .

.boot2          0x0000000010000000      0x100
                0x0000000010000000                __boot2_start__ = .
 *(.boot2)
 .boot2         0x0000000010000000      0x100 /tmp/cc3bONsb.o
                0x0000000010000100                __boot2_end__ = .
                0x0000000000000001                ASSERT (((__boot2_end__ - __boot2_start__) == 0x100), ERROR: Pico second stage bootloader must be 256 bytes in size)

.text           0x0000000010000100     0x7528
                0x0000000010000100                __logical_binary_start = .
 *(.vectors)
 .vectors       0x0000000010000100       0xd4 CMakeFiles/audio.dir/home/tom/Documents/pico/pico-sdk/src/rp2_common/pico_standard_link/crt0.S.obj
                0x0000000010000100                __vectors
                0x0000000010000100                __VECTOR_TABLE
                0x00000000100001c0                isr_invalid
                0x00000000100001c0                __default_isrs_start
                0x00000000100001c2                isr_nmi
                0x00000000100001c4                isr_hardfault
                0x00000000100001c6                isr_svcall
                0x00000000100001c8                isr_pendsv
                0x00000000100001ca                isr_systick
                0x00000000100001cc                isr_irq30
                0x00000000100001cc                __unhandled_user_irq
                0x00000000100001cc                isr_irq13
                0x00000000100001cc                isr_irq27
                0x00000000100001cc                isr_irq31
                0x00000000100001cc                isr_irq5
                0x00000000100001cc                isr_irq11
                0x00000000100001cc                isr_irq23
                0x00000000100001cc                isr_irq18
                0x00000000100001cc                isr_irq28
                0x00000000100001cc                isr_irq19
                0x00000000100001cc                isr_irq0
                0x00000000100001cc                isr_irq6
                0x00000000100001cc                isr_irq22
                0x00000000100001cc                isr_irq17
                0x00000000100001cc                isr_irq14
                0x00000000100001cc                isr_irq2
                0x00000000100001cc                isr_irq10
                0x00000000100001cc                isr_irq8
                0x00000000100001cc                isr_irq24
                0x00000000100001cc                isr_irq1
                0x00000000100001cc                isr_irq7
                0x00000000100001cc                isr_irq21
                0x00000000100001cc                isr_irq20
                0x00000000100001cc                isr_irq15
                0x00000000100001cc                isr_irq25
                0x00000000100001cc                isr_irq4
                0x00000000100001cc                isr_irq16
                0x00000000100001cc                isr_irq29
                0x00000000100001cc                isr_irq26
                0x00000000100001cc                __default_isrs_end
                0x00000000100001cc                isr_irq3
                0x00000000100001cc                isr_irq12
                0x00000000100001cc                isr_irq9
                0x00000000100001d2                unhandled_user_irq_num_in_r0
 *(.binary_info_header)
 .binary_info_header
                0x00000000100001d4       0x14 CMakeFiles/audio.dir/home/tom/Documents/pico/pico-sdk/src/rp2_common/pico_standard_link/crt0.S.obj
                0x00000000100001e8                __binary_info_header_end = .
 *(.reset)
 .reset         0x00000000100001e8       0xa8 CMakeFiles/audio.dir/home/tom/Documents/pico/pico-sdk/src/rp2_common/pico_standard_link/crt0.S.obj
                0x00000000100001e8                _entry_point
                0x0000000010000266                __get_current_exception
 .reset         0x0000000010000290       0x30 CMakeFiles/audio.dir/home/tom/Documents/pico/pico-sdk/src/rp2_common/pico_standard_link/binary_info.c.obj
 *(.init)
 .init          0x00000000100002c0        0x4 /usr/lib/gcc/arm-none-eabi/10.3.1/thumb/v6-m/nofp/crti.o
                0x00000000100002c0                _init
 *(EXCLUDE_FILE(*libm.a: *libc.a:*lib_a-mem*.o *libgcc.a:) .text*)
 .text          0x00000000100002c4       0x98 /usr/lib/gcc/arm-none-eabi/10.3.1/thumb/v6-m/nofp/crtbegin.o
 .text.pwm_interrput_handler
                0x000000001000035c       0x54 CMakeFiles/audio.dir/audio.c.obj
                0x000000001000035c                pwm_interrput_handler
 .text.init_audio
                0x00000000100003b0       0xa0 CMakeFiles/audio.dir/audio.c.obj
                0x00000000100003b0                init_audio
 .text.main     0x0000000010000450       0x64 CMakeFiles/audio.dir/audio.c.obj
                0x0000000010000450                main
 .text.set_sys_clock_pll
                0x00000000100004b4       0x78 CMakeFiles/audio.dir/home/tom/Documents/pico/pico-sdk/src/rp2_common/pico_stdlib/stdlib.c.obj
                0x00000000100004b4                set_sys_clock_pll
 .text.check_sys_clock_khz
                0x000000001000052c       0xb0 CMakeFiles/audio.dir/home/tom/Documents/pico/pico-sdk/src/rp2_common/pico_stdlib/stdlib.c.obj
                0x000000001000052c                check_sys_clock_khz
 .text.gpio_set_function
                0x00000000100005dc       0x30 CMakeFiles/audio.dir/home/tom/Documents/pico/pico-sdk/src/rp2_common/hardware_gpio/gpio.c.obj
                0x00000000100005dc                gpio_set_function
 .text.hw_claim_lock
                0x000000001000060c       0x18 CMakeFiles/audio.dir/home/tom/Documents/pico/pico-sdk/src/rp2_common/hardware_claim/claim.c.obj
                0x000000001000060c                hw_claim_lock
 .text.hw_claim_unlock
                0x0000000010000624       0x14 CMakeFiles/audio.dir/home/tom/Documents/pico/pico-sdk/src/rp2_common/hardware_claim/claim.c.obj
                0x0000000010000624                hw_claim_unlock
 .text.hw_claim_or_assert
                0x0000000010000638       0x32 CMakeFiles/audio.dir/home/tom/Documents/pico/pico-sdk/src/rp2_common/hardware_claim/claim.c.obj
                0x0000000010000638                hw_claim_or_assert
 .text.hw_claim_unused_from_range
                0x000000001000066a       0x50 CMakeFiles/audio.dir/home/tom/Documents/pico/pico-sdk/src/rp2_common/hardware_claim/claim.c.obj
                0x000000001000066a                hw_claim_unused_from_range
 *fill*         0x00000000100006ba        0x2 
 .text.running_on_fpga
                0x00000000100006bc       0x14 CMakeFiles/audio.dir/home/tom/Documents/pico/pico-sdk/src/rp2_common/pico_platform/platform.c.obj
                0x00000000100006bc                running_on_fpga
 .text.spin_locks_reset
                0x00000000100006d0       0x20 CMakeFiles/audio.dir/home/tom/Documents/pico/pico-sdk/src/rp2_common/hardware_sync/sync.c.obj
                0x00000000100006d0                spin_locks_reset
 .text.next_striped_spin_lock_num
                0x00000000100006f0       0x1c CMakeFiles/audio.dir/home/tom/Documents/pico/pico-sdk/src/rp2_common/hardware_sync/sync.c.obj
                0x00000000100006f0                next_striped_spin_lock_num
 .text.spin_lock_claim_unused
                0x000000001000070c       0x20 CMakeFiles/audio.dir/home/tom/Documents/pico/pico-sdk/src/rp2_common/hardware_sync/sync.c.obj
                0x000000001000070c                spin_lock_claim_unused
 .text.set_raw_irq_handler_and_unlock
                0x000000001000072c       0x28 CMakeFiles/audio.dir/home/tom/Documents/pico/pico-sdk/src/rp2_common/hardware_irq/irq.c.obj
 .text.make_branch
                0x0000000010000754       0x48 CMakeFiles/audio.dir/home/tom/Documents/pico/pico-sdk/src/rp2_common/hardware_irq/irq.c.obj
 .text.insert_branch_and_link
                0x000000001000079c       0x40 CMakeFiles/audio.dir/home/tom/Documents/pico/pico-sdk/src/rp2_common/hardware_irq/irq.c.obj
 .text.irq_is_enabled
                0x00000000100007dc       0x18 CMakeFiles/audio.dir/home/tom/Documents/pico/pico-sdk/src/rp2_common/hardware_irq/irq.c.obj
                0x00000000100007dc                irq_is_enabled
 .text.irq_set_mask_enabled
                0x00000000100007f4       0x20 CMakeFiles/audio.dir/home/tom/Documents/pico/pico-sdk/src/rp2_common/hardware_irq/irq.c.obj
                0x00000000100007f4                irq_set_mask_enabled
 .text.irq_set_enabled
                0x0000000010000814        0xe CMakeFiles/audio.dir/home/tom/Documents/pico/pico-sdk/src/rp2_common/hardware_irq/irq.c.obj
                0x0000000010000814                irq_set_enabled
 *fill*         0x0000000010000822        0x2 
 .text.irq_set_pending
                0x0000000010000824       0x10 CMakeFiles/audio.dir/home/tom/Documents/pico/pico-sdk/src/rp2_common/hardware_irq/irq.c.obj
                0x0000000010000824                irq_set_pending
 .text.irq_get_vtable_handler
                0x0000000010000834       0x10 CMakeFiles/audio.dir/home/tom/Documents/pico/pico-sdk/src/rp2_common/hardware_irq/irq.c.obj
                0x0000000010000834                irq_get_vtable_handler
 .text.irq_has_shared_handler
                0x0000000010000844       0x24 CMakeFiles/audio.dir/home/tom/Documents/pico/pico-sdk/src/rp2_common/hardware_irq/irq.c.obj
                0x0000000010000844                irq_has_shared_handler
 .text.irq_set_exclusive_handler
                0x0000000010000868       0x54 CMakeFiles/audio.dir/home/tom/Documents/pico/pico-sdk/src/rp2_common/hardware_irq/irq.c.obj
                0x0000000010000868                irq_set_exclusive_handler
 .text.irq_add_shared_handler
                0x00000000100008bc      0x230 CMakeFiles/audio.dir/home/tom/Documents/pico/pico-sdk/src/rp2_common/hardware_irq/irq.c.obj
                0x00000000100008bc                irq_add_shared_handler
 .text.irq_remove_handler
                0x0000000010000aec      0x1a8 CMakeFiles/audio.dir/home/tom/Documents/pico/pico-sdk/src/rp2_common/hardware_irq/irq.c.obj
                0x0000000010000aec                irq_remove_handler
 .text.irq_add_tail_to_free_list
                0x0000000010000c94       0xf0 CMakeFiles/audio.dir/home/tom/Documents/pico/pico-sdk/src/rp2_common/hardware_irq/irq.c.obj
                0x0000000010000c94                irq_add_tail_to_free_list
 .text.irq_init_priorities
                0x0000000010000d84       0x1c CMakeFiles/audio.dir/home/tom/Documents/pico/pico-sdk/src/rp2_common/hardware_irq/irq.c.obj
                0x0000000010000d84                irq_init_priorities
 .text.user_irq_claim_unused
                0x0000000010000da0       0x30 CMakeFiles/audio.dir/home/tom/Documents/pico/pico-sdk/src/rp2_common/hardware_irq/irq.c.obj
                0x0000000010000da0                user_irq_claim_unused
 .text.lock_init
                0x0000000010000dd0       0x10 CMakeFiles/audio.dir/home/tom/Documents/pico/pico-sdk/src/common/pico_sync/lock_core.c.obj
                0x0000000010000dd0                lock_init
 .text.alarm_pool_post_alloc_init
                0x0000000010000de0       0x40 CMakeFiles/audio.dir/home/tom/Documents/pico/pico-sdk/src/common/pico_time/time.c.obj
 .text.sleep_until_callback
                0x0000000010000e20       0x30 CMakeFiles/audio.dir/home/tom/Documents/pico/pico-sdk/src/common/pico_time/time.c.obj
 .text.timer_pool_entry_comparator
                0x0000000010000e50       0x7c CMakeFiles/audio.dir/home/tom/Documents/pico/pico-sdk/src/common/pico_time/time.c.obj
                0x0000000010000e50                timer_pool_entry_comparator
 .text.ph_add_child_node
                0x0000000010000ecc       0xa4 CMakeFiles/audio.dir/home/tom/Documents/pico/pico-sdk/src/common/pico_time/time.c.obj
 .text.ph_merge_nodes
                0x0000000010000f70       0x3e CMakeFiles/audio.dir/home/tom/Documents/pico/pico-sdk/src/common/pico_time/time.c.obj
 *fill*         0x0000000010000fae        0x2 
 .text.add_alarm_under_lock
                0x0000000010000fb0      0x174 CMakeFiles/audio.dir/home/tom/Documents/pico/pico-sdk/src/common/pico_time/time.c.obj
 .text.alarm_pool_alarm_callback
                0x0000000010001124      0x328 CMakeFiles/audio.dir/home/tom/Documents/pico/pico-sdk/src/common/pico_time/time.c.obj
 .text.alarm_pool_init_default
                0x000000001000144c       0x38 CMakeFiles/audio.dir/home/tom/Documents/pico/pico-sdk/src/common/pico_time/time.c.obj
                0x000000001000144c                alarm_pool_init_default
 .text.alarm_pool_get_default
                0x0000000010001484       0x2c CMakeFiles/audio.dir/home/tom/Documents/pico/pico-sdk/src/common/pico_time/time.c.obj
                0x0000000010001484                alarm_pool_get_default
 .text.alarm_pool_add_alarm_at
                0x00000000100014b0      0x170 CMakeFiles/audio.dir/home/tom/Documents/pico/pico-sdk/src/common/pico_time/time.c.obj
                0x00000000100014b0                alarm_pool_add_alarm_at
 .text.alarm_pool_cancel_alarm
                0x0000000010001620       0xf0 CMakeFiles/audio.dir/home/tom/Documents/pico/pico-sdk/src/common/pico_time/time.c.obj
                0x0000000010001620                alarm_pool_cancel_alarm
 .text.best_effort_wfe_or_timeout
                0x0000000010001710       0x80 CMakeFiles/audio.dir/home/tom/Documents/pico/pico-sdk/src/common/pico_time/time.c.obj
                0x0000000010001710                best_effort_wfe_or_timeout
 .text.hardware_alarm_irq_handler
                0x0000000010001790       0x8c CMakeFiles/audio.dir/home/tom/Documents/pico/pico-sdk/src/rp2_common/hardware_timer/timer.c.obj
 .text.hardware_alarm_claim
                0x000000001000181c       0x18 CMakeFiles/audio.dir/home/tom/Documents/pico/pico-sdk/src/rp2_common/hardware_timer/timer.c.obj
                0x000000001000181c                hardware_alarm_claim
 .text.time_us_64
                0x0000000010001834       0x18 CMakeFiles/audio.dir/home/tom/Documents/pico/pico-sdk/src/rp2_common/hardware_timer/timer.c.obj
                0x0000000010001834                time_us_64
 .text.hardware_alarm_set_callback
                0x000000001000184c       0x90 CMakeFiles/audio.dir/home/tom/Documents/pico/pico-sdk/src/rp2_common/hardware_timer/timer.c.obj
                0x000000001000184c                hardware_alarm_set_callback
 .text.hardware_alarm_set_target
                0x00000000100018dc       0xe8 CMakeFiles/audio.dir/home/tom/Documents/pico/pico-sdk/src/rp2_common/hardware_timer/timer.c.obj
                0x00000000100018dc                hardware_alarm_set_target
 .text.hardware_alarm_cancel
                0x00000000100019c4       0x40 CMakeFiles/audio.dir/home/tom/Documents/pico/pico-sdk/src/rp2_common/hardware_timer/timer.c.obj
                0x00000000100019c4                hardware_alarm_cancel
 .text.ph_add_child_node
                0x0000000010001a04       0xa4 CMakeFiles/audio.dir/home/tom/Documents/pico/pico-sdk/src/common/pico_util/pheap.c.obj
 .text.ph_merge_nodes
                0x0000000010001aa8       0x3e CMakeFiles/audio.dir/home/tom/Documents/pico/pico-sdk/src/common/pico_util/pheap.c.obj
 *fill*         0x0000000010001ae6        0x2 
 .text.ph_clear
                0x0000000010001ae8       0x70 CMakeFiles/audio.dir/home/tom/Documents/pico/pico-sdk/src/common/pico_util/pheap.c.obj
                0x0000000010001ae8                ph_clear
 .text.ph_post_alloc_init
                0x0000000010001b58        0xe CMakeFiles/audio.dir/home/tom/Documents/pico/pico-sdk/src/common/pico_util/pheap.c.obj
                0x0000000010001b58                ph_post_alloc_init
 *fill*         0x0000000010001b66        0x2 
 .text.ph_merge_two_pass
                0x0000000010001b68       0xa8 CMakeFiles/audio.dir/home/tom/Documents/pico/pico-sdk/src/common/pico_util/pheap.c.obj
                0x0000000010001b68                ph_merge_two_pass
 .text.ph_remove_any_head
                0x0000000010001c10      0x108 CMakeFiles/audio.dir/home/tom/Documents/pico/pico-sdk/src/common/pico_util/pheap.c.obj
 .text.ph_remove_head
                0x0000000010001d18       0x14 CMakeFiles/audio.dir/home/tom/Documents/pico/pico-sdk/src/common/pico_util/pheap.c.obj
                0x0000000010001d18                ph_remove_head
 .text.ph_remove_and_free_node
                0x0000000010001d2c       0xf8 CMakeFiles/audio.dir/home/tom/Documents/pico/pico-sdk/src/common/pico_util/pheap.c.obj
                0x0000000010001d2c                ph_remove_and_free_node
 .text.mutex_init
                0x0000000010001e24       0x1a CMakeFiles/audio.dir/home/tom/Documents/pico/pico-sdk/src/common/pico_sync/mutex.c.obj
                0x0000000010001e24                mutex_init
 .text.recursive_mutex_init
                0x0000000010001e3e       0x1e CMakeFiles/audio.dir/home/tom/Documents/pico/pico-sdk/src/common/pico_sync/mutex.c.obj
                0x0000000010001e3e                recursive_mutex_init
 .text.critical_section_init_with_lock_num
                0x0000000010001e5c       0x14 CMakeFiles/audio.dir/home/tom/Documents/pico/pico-sdk/src/common/pico_sync/critical_section.c.obj
                0x0000000010001e5c                critical_section_init_with_lock_num
 .text.critical_section_init
                0x0000000010001e70       0x14 CMakeFiles/audio.dir/home/tom/Documents/pico/pico-sdk/src/common/pico_sync/critical_section.c.obj
                0x0000000010001e70                critical_section_init
 .text.uart_set_baudrate
                0x0000000010001e84       0x5c CMakeFiles/audio.dir/home/tom/Documents/pico/pico-sdk/src/rp2_common/hardware_uart/uart.c.obj
                0x0000000010001e84                uart_set_baudrate
 .text.uart_set_translate_crlf
                0x0000000010001ee0       0x28 CMakeFiles/audio.dir/home/tom/Documents/pico/pico-sdk/src/rp2_common/hardware_uart/uart.c.obj
                0x0000000010001ee0                uart_set_translate_crlf
 .text.uart_init
                0x0000000010001f08       0x80 CMakeFiles/audio.dir/home/tom/Documents/pico/pico-sdk/src/rp2_common/hardware_uart/uart.c.obj
                0x0000000010001f08                uart_init
 .text._exit    0x0000000010001f88        0x4 CMakeFiles/audio.dir/home/tom/Documents/pico/pico-sdk/src/rp2_common/pico_runtime/runtime.c.obj
                0x0000000010001f88                _exit
 .text.exit     0x0000000010001f8c        0x6 CMakeFiles/audio.dir/home/tom/Documents/pico/pico-sdk/src/rp2_common/pico_runtime/runtime.c.obj
                0x0000000010001f8c                exit
 *fill*         0x0000000010001f92        0x2 
 .text.__assert_func
                0x0000000010001f94       0x3c CMakeFiles/audio.dir/home/tom/Documents/pico/pico-sdk/src/rp2_common/pico_runtime/runtime.c.obj
                0x0000000010001f94                __assert_func
 .text.runtime_init
                0x0000000010001fd0       0xf8 CMakeFiles/audio.dir/home/tom/Documents/pico/pico-sdk/src/rp2_common/pico_runtime/runtime.c.obj
                0x0000000010001fd0                runtime_init
 .text.panic    0x00000000100020c8       0x30 CMakeFiles/audio.dir/home/tom/Documents/pico/pico-sdk/src/rp2_common/pico_runtime/runtime.c.obj
                0x00000000100020c8                panic
 .text.clock_configure
                0x00000000100020f8      0x104 CMakeFiles/audio.dir/home/tom/Documents/pico/pico-sdk/src/rp2_common/hardware_clocks/clocks.c.obj
                0x00000000100020f8                clock_configure
 .text.clocks_init
                0x00000000100021fc      0x100 CMakeFiles/audio.dir/home/tom/Documents/pico/pico-sdk/src/rp2_common/hardware_clocks/clocks.c.obj
                0x00000000100021fc                clocks_init
 .text.clock_get_hz
                0x00000000100022fc        0xc CMakeFiles/audio.dir/home/tom/Documents/pico/pico-sdk/src/rp2_common/hardware_clocks/clocks.c.obj
                0x00000000100022fc                clock_get_hz
 .text.pll_init
                0x0000000010002308      0x140 CMakeFiles/audio.dir/home/tom/Documents/pico/pico-sdk/src/rp2_common/hardware_pll/pll.c.obj
                0x0000000010002308                pll_init
 .text.watchdog_start_tick
                0x0000000010002448       0x10 CMakeFiles/audio.dir/home/tom/Documents/pico/pico-sdk/src/rp2_common/hardware_watchdog/watchdog.c.obj
                0x0000000010002448                watchdog_start_tick
 .text.watchdog_update
                0x0000000010002458       0x14 CMakeFiles/audio.dir/home/tom/Documents/pico/pico-sdk/src/rp2_common/hardware_watchdog/watchdog.c.obj
                0x0000000010002458                watchdog_update
 .text._watchdog_enable
                0x000000001000246c       0x78 CMakeFiles/audio.dir/home/tom/Documents/pico/pico-sdk/src/rp2_common/hardware_watchdog/watchdog.c.obj
                0x000000001000246c                _watchdog_enable
 .text.watchdog_reboot
                0x00000000100024e4       0x48 CMakeFiles/audio.dir/home/tom/Documents/pico/pico-sdk/src/rp2_common/hardware_watchdog/watchdog.c.obj
                0x00000000100024e4                watchdog_reboot
 .text.xosc_init
                0x000000001000252c       0x28 CMakeFiles/audio.dir/home/tom/Documents/pico/pico-sdk/src/rp2_common/hardware_xosc/xosc.c.obj
                0x000000001000252c                xosc_init
 .text._out_null
                0x0000000010002554        0x2 CMakeFiles/audio.dir/home/tom/Documents/pico/pico-sdk/src/rp2_common/pico_printf/printf.c.obj
 .text._out_fct
                0x0000000010002556        0xe CMakeFiles/audio.dir/home/tom/Documents/pico/pico-sdk/src/rp2_common/pico_printf/printf.c.obj
 .text._atoi    0x0000000010002564       0x24 CMakeFiles/audio.dir/home/tom/Documents/pico/pico-sdk/src/rp2_common/pico_printf/printf.c.obj
 .text._out_rev
                0x0000000010002588       0xae CMakeFiles/audio.dir/home/tom/Documents/pico/pico-sdk/src/rp2_common/pico_printf/printf.c.obj
 .text._ntoa_format
                0x0000000010002636      0x112 CMakeFiles/audio.dir/home/tom/Documents/pico/pico-sdk/src/rp2_common/pico_printf/printf.c.obj
 .text._ntoa_long
                0x0000000010002748       0xbc CMakeFiles/audio.dir/home/tom/Documents/pico/pico-sdk/src/rp2_common/pico_printf/printf.c.obj
 .text._ntoa_long_long
                0x0000000010002804       0xe2 CMakeFiles/audio.dir/home/tom/Documents/pico/pico-sdk/src/rp2_common/pico_printf/printf.c.obj
 *fill*         0x00000000100028e6        0x2 
 .text._etoa    0x00000000100028e8      0x414 CMakeFiles/audio.dir/home/tom/Documents/pico/pico-sdk/src/rp2_common/pico_printf/printf.c.obj
 .text._ftoa    0x0000000010002cfc      0x354 CMakeFiles/audio.dir/home/tom/Documents/pico/pico-sdk/src/rp2_common/pico_printf/printf.c.obj
 .text._vsnprintf
                0x0000000010003050      0x624 CMakeFiles/audio.dir/home/tom/Documents/pico/pico-sdk/src/rp2_common/pico_printf/printf.c.obj
 .text.vfctprintf
                0x0000000010003674       0x20 CMakeFiles/audio.dir/home/tom/Documents/pico/pico-sdk/src/rp2_common/pico_printf/printf.c.obj
                0x0000000010003674                vfctprintf
 .text          0x0000000010003694       0x10 CMakeFiles/audio.dir/home/tom/Documents/pico/pico-sdk/src/rp2_common/pico_bit_ops/bit_ops_aeabi.S.obj
 .text.rom_func_lookup
                0x00000000100036a4       0x10 CMakeFiles/audio.dir/home/tom/Documents/pico/pico-sdk/src/rp2_common/pico_bootrom/bootrom.c.obj
                0x00000000100036a4                rom_func_lookup
 .text.rom_data_lookup
                0x00000000100036b4       0x10 CMakeFiles/audio.dir/home/tom/Documents/pico/pico-sdk/src/rp2_common/pico_bootrom/bootrom.c.obj
                0x00000000100036b4                rom_data_lookup
 .text.rom_funcs_lookup
                0x00000000100036c4       0x36 CMakeFiles/audio.dir/home/tom/Documents/pico/pico-sdk/src/rp2_common/pico_bootrom/bootrom.c.obj
                0x00000000100036c4                rom_funcs_lookup
 *fill*         0x00000000100036fa        0x2 
 .text.__wrap___aeabi_idiv
                0x00000000100036fc       0x50 CMakeFiles/audio.dir/home/tom/Documents/pico/pico-sdk/src/rp2_common/pico_divider/divider.S.obj
                0x00000000100036fc                __wrap___aeabi_idivmod
                0x00000000100036fc                divmod_s32s32
                0x00000000100036fc                div_s32s32
                0x00000000100036fc                __wrap___aeabi_idiv
                0x0000000010003704                divmod_s32s32_unsafe
                0x0000000010003730                divmod_s32s32_savestate
 .text.__wrap___aeabi_uidiv
                0x000000001000374c       0x4c CMakeFiles/audio.dir/home/tom/Documents/pico/pico-sdk/src/rp2_common/pico_divider/divider.S.obj
                0x000000001000374c                __wrap___aeabi_uidiv
                0x000000001000374c                __wrap___aeabi_uidivmod
                0x000000001000374c                div_u32u32
                0x000000001000374c                divmod_u32u32
                0x0000000010003754                divmod_u32u32_unsafe
                0x000000001000377c                divmod_u32u32_savestate
 .text.__wrap___aeabi_ldiv
                0x0000000010003798      0x434 CMakeFiles/audio.dir/home/tom/Documents/pico/pico-sdk/src/rp2_common/pico_divider/divider.S.obj
                0x0000000010003798                div_s64s64
                0x0000000010003798                divmod_s64s64
                0x0000000010003798                __wrap___aeabi_ldivmod
                0x00000000100037d0                div_u64u64
                0x00000000100037d0                divmod_u64u64
                0x00000000100037d0                __wrap___aeabi_uldivmod
                0x00000000100037e0                divmod_u64u64_savestate
                0x0000000010003808                divmod_s64s64_unsafe
                0x0000000010003890                divmod_u64u64_unsafe
 .text.__wrap___aeabi_darithmetic
                0x0000000010003bcc       0x80 CMakeFiles/audio.dir/home/tom/Documents/pico/pico-sdk/src/rp2_common/pico_double/double_aeabi.S.obj
                0x0000000010003bcc                __wrap___aeabi_drsub
                0x0000000010003bd2                __wrap___aeabi_dsub
                0x0000000010003be4                __wrap___aeabi_dadd
                0x0000000010003bf6                __wrap___aeabi_ddiv
                0x0000000010003c32                __wrap___aeabi_dmul
 .text.__wrap___aeabi_cdcmple
                0x0000000010003c4c       0x6c CMakeFiles/audio.dir/home/tom/Documents/pico/pico-sdk/src/rp2_common/pico_double/double_aeabi.S.obj
                0x0000000010003c4c                __wrap___aeabi_cdrcmple
                0x0000000010003c5c                __wrap___aeabi_cdcmple
                0x0000000010003c5c                __wrap___aeabi_cdcmpeq
 .text.__wrap___aeabi_dcmplt
                0x0000000010003cb8        0xc CMakeFiles/audio.dir/home/tom/Documents/pico/pico-sdk/src/rp2_common/pico_double/double_aeabi.S.obj
                0x0000000010003cb8                __wrap___aeabi_dcmplt
 .text.__wrap___aeabi_dcmple
                0x0000000010003cc4       0x10 CMakeFiles/audio.dir/home/tom/Documents/pico/pico-sdk/src/rp2_common/pico_double/double_aeabi.S.obj
                0x0000000010003cc4                __wrap___aeabi_dcmple
 .text.__wrap___aeabi_dcmpge
                0x0000000010003cd4       0x10 CMakeFiles/audio.dir/home/tom/Documents/pico/pico-sdk/src/rp2_common/pico_double/double_aeabi.S.obj
                0x0000000010003cd4                __wrap___aeabi_dcmpge
 .text.__wrap___aeabi_dcmpgt
                0x0000000010003ce4        0xa CMakeFiles/audio.dir/home/tom/Documents/pico/pico-sdk/src/rp2_common/pico_double/double_aeabi.S.obj
                0x0000000010003ce4                __wrap___aeabi_dcmpgt
 .text.__wrap___aeabi_dcmpun
                0x0000000010003cee       0x1c CMakeFiles/audio.dir/home/tom/Documents/pico/pico-sdk/src/rp2_common/pico_double/double_aeabi.S.obj
                0x0000000010003cee                __wrap___aeabi_dcmpun
 *fill*         0x0000000010003d0a        0x2 
 .text.__wrap___aeabi_i2d
                0x0000000010003d0c       0x38 CMakeFiles/audio.dir/home/tom/Documents/pico/pico-sdk/src/rp2_common/pico_double/double_aeabi.S.obj
                0x0000000010003d0c                __wrap___aeabi_ui2d
                0x0000000010003d14                __wrap___aeabi_i2d
 .text.__wrap___aeabi_d2iz
                0x0000000010003d44       0x48 CMakeFiles/audio.dir/home/tom/Documents/pico/pico-sdk/src/rp2_common/pico_double/double_aeabi.S.obj
                0x0000000010003d44                __wrap___aeabi_d2iz
                0x0000000010003d44                double2int_z
 .text.__wrap___aeabi_d2uiz
                0x0000000010003d8c       0x18 CMakeFiles/audio.dir/home/tom/Documents/pico/pico-sdk/src/rp2_common/pico_double/double_aeabi.S.obj
                0x0000000010003d8c                double2uint
                0x0000000010003d8c                __wrap___aeabi_d2uiz
 .text.__aeabi_double_init
                0x0000000010003da4       0xc8 CMakeFiles/audio.dir/home/tom/Documents/pico/pico-sdk/src/rp2_common/pico_double/double_init_rom.c.obj
                0x0000000010003da4                __aeabi_double_init
 .text.double_table_shim_on_use_helper
                0x0000000010003e6c       0x34 CMakeFiles/audio.dir/home/tom/Documents/pico/pico-sdk/src/rp2_common/pico_double/double_v1_rom_shim.S.obj
                0x0000000010003e6c                double_table_shim_on_use_helper
 .text.__wrap___aeabi_dsub
                0x0000000010003ea0       0x10 CMakeFiles/audio.dir/home/tom/Documents/pico/pico-sdk/src/rp2_common/pico_double/double_v1_rom_shim.S.obj
                0x0000000010003ea0                drsub_shim
                0x0000000010003ea6                dsub_shim
 .text.dadd_shim
                0x0000000010003eb0      0x15c CMakeFiles/audio.dir/home/tom/Documents/pico/pico-sdk/src/rp2_common/pico_double/double_v1_rom_shim.S.obj
                0x0000000010003eb0                dadd_shim
 .text.dmul_shim
                0x000000001000400c      0x15c CMakeFiles/audio.dir/home/tom/Documents/pico/pico-sdk/src/rp2_common/pico_double/double_v1_rom_shim.S.obj
                0x000000001000400c                dmul_shim
 .text.ddiv_shim
                0x0000000010004168      0x1b0 CMakeFiles/audio.dir/home/tom/Documents/pico/pico-sdk/src/rp2_common/pico_double/double_v1_rom_shim.S.obj
                0x0000000010004168                ddiv_shim
 .text.double2uint_shim
                0x0000000010004318        0xe CMakeFiles/audio.dir/home/tom/Documents/pico/pico-sdk/src/rp2_common/pico_double/double_v1_rom_shim.S.obj
                0x0000000010004318                double2uint_shim
                0x000000001000431a                double2ufix_shim
 *fill*         0x0000000010004326        0x2 
 .text.double2uint64_shim
                0x0000000010004328       0x70 CMakeFiles/audio.dir/home/tom/Documents/pico/pico-sdk/src/rp2_common/pico_double/double_v1_rom_shim.S.obj
                0x0000000010004328                double2uint64_shim
                0x000000001000432a                double2ufix64_shim
                0x000000001000434a                d2fix_a
 .text.dunpacks
                0x0000000010004398       0x3c CMakeFiles/audio.dir/home/tom/Documents/pico/pico-sdk/src/rp2_common/pico_double/double_v1_rom_shim.S.obj
                0x0000000010004398                dunpacks
 .text.__aeabi_lmul
                0x00000000100043d4       0x32 CMakeFiles/audio.dir/home/tom/Documents/pico/pico-sdk/src/rp2_common/pico_int64_ops/pico_int64_ops_aeabi.S.obj
                0x00000000100043d4                __wrap___aeabi_lmul
 *fill*         0x0000000010004406        0x2 
 .text.__aeabi_float_init
                0x0000000010004408       0xfc CMakeFiles/audio.dir/home/tom/Documents/pico/pico-sdk/src/rp2_common/pico_float/float_init_rom.c.obj
                0x0000000010004408                __aeabi_float_init
 .text.float_table_shim_on_use_helper
                0x0000000010004504       0x34 CMakeFiles/audio.dir/home/tom/Documents/pico/pico-sdk/src/rp2_common/pico_float/float_v1_rom_shim.S.obj
                0x0000000010004504                float_table_shim_on_use_helper
 .text          0x0000000010004538       0x10 CMakeFiles/audio.dir/home/tom/Documents/pico/pico-sdk/src/rp2_common/pico_mem_ops/mem_ops_aeabi.S.obj
                0x0000000010004538                __aeabi_mem_init
 .text.memset   0x0000000010004548        0xc CMakeFiles/audio.dir/home/tom/Documents/pico/pico-sdk/src/rp2_common/pico_mem_ops/mem_ops_aeabi.S.obj
                0x0000000010004548                __wrap_memset
 .text.memcpy   0x0000000010004554        0xc CMakeFiles/audio.dir/home/tom/Documents/pico/pico-sdk/src/rp2_common/pico_mem_ops/mem_ops_aeabi.S.obj
                0x0000000010004554                __wrap___aeabi_memcpy
                0x0000000010004554                __wrap_memcpy
 .text.stdio_out_chars_no_crlf
                0x0000000010004560        0xe CMakeFiles/audio.dir/home/tom/Documents/pico/pico-sdk/src/rp2_common/pico_stdio/stdio.c.obj
 *fill*         0x000000001000456e        0x2 
 .text.stdio_out_chars_crlf
                0x0000000010004570       0x80 CMakeFiles/audio.dir/home/tom/Documents/pico/pico-sdk/src/rp2_common/pico_stdio/stdio.c.obj
 .text.stdio_stack_buffer_flush
                0x00000000100045f0       0x44 CMakeFiles/audio.dir/home/tom/Documents/pico/pico-sdk/src/rp2_common/pico_stdio/stdio.c.obj
 .text.stdio_buffered_printer
                0x0000000010004634       0x20 CMakeFiles/audio.dir/home/tom/Documents/pico/pico-sdk/src/rp2_common/pico_stdio/stdio.c.obj
 .text.stdout_serialize_begin
                0x0000000010004654       0x30 CMakeFiles/audio.dir/home/tom/Documents/pico/pico-sdk/src/rp2_common/pico_stdio/stdio.c.obj
                0x0000000010004654                stdout_serialize_begin
 .text.stdout_serialize_end
                0x0000000010004684       0x10 CMakeFiles/audio.dir/home/tom/Documents/pico/pico-sdk/src/rp2_common/pico_stdio/stdio.c.obj
                0x0000000010004684                stdout_serialize_end
 .text.stdio_put_string
                0x0000000010004694       0x98 CMakeFiles/audio.dir/home/tom/Documents/pico/pico-sdk/src/rp2_common/pico_stdio/stdio.c.obj
 .text.stdio_set_driver_enabled
                0x000000001000472c       0x2c CMakeFiles/audio.dir/home/tom/Documents/pico/pico-sdk/src/rp2_common/pico_stdio/stdio.c.obj
                0x000000001000472c                stdio_set_driver_enabled
 .text.stdio_flush
                0x0000000010004758       0x20 CMakeFiles/audio.dir/home/tom/Documents/pico/pico-sdk/src/rp2_common/pico_stdio/stdio.c.obj
                0x0000000010004758                stdio_flush
 .text.__wrap_puts
                0x0000000010004778       0x1e CMakeFiles/audio.dir/home/tom/Documents/pico/pico-sdk/src/rp2_common/pico_stdio/stdio.c.obj
                0x0000000010004778                __wrap_puts
 *fill*         0x0000000010004796        0x2 
 .text.__wrap_vprintf
                0x0000000010004798       0x44 CMakeFiles/audio.dir/home/tom/Documents/pico/pico-sdk/src/rp2_common/pico_stdio/stdio.c.obj
                0x0000000010004798                __wrap_vprintf
 .text.__wrap_printf
                0x00000000100047dc       0x18 CMakeFiles/audio.dir/home/tom/Documents/pico/pico-sdk/src/rp2_common/pico_stdio/stdio.c.obj
                0x00000000100047dc                __wrap_printf
 .text.stdio_init_all
                0x00000000100047f4        0xc CMakeFiles/audio.dir/home/tom/Documents/pico/pico-sdk/src/rp2_common/pico_stdio/stdio.c.obj
                0x00000000100047f4                stdio_init_all
 .text.stdio_uart_out_chars
                0x0000000010004800       0x74 CMakeFiles/audio.dir/home/tom/Documents/pico/pico-sdk/src/rp2_common/pico_stdio_uart/stdio_uart.c.obj
 .text.stdio_uart_in_chars
                0x0000000010004874       0x58 CMakeFiles/audio.dir/home/tom/Documents/pico/pico-sdk/src/rp2_common/pico_stdio_uart/stdio_uart.c.obj
                0x0000000010004874                stdio_uart_in_chars
 .text.stdio_uart_init_full
                0x00000000100048cc       0x3c CMakeFiles/audio.dir/home/tom/Documents/pico/pico-sdk/src/rp2_common/pico_stdio_uart/stdio_uart.c.obj
                0x00000000100048cc                stdio_uart_init_full
 .text.stdio_uart_init
                0x0000000010004908       0x28 CMakeFiles/audio.dir/home/tom/Documents/pico/pico-sdk/src/rp2_common/pico_stdio_uart/stdio_uart.c.obj
                0x0000000010004908                stdio_uart_init
 .text.resetd_init
                0x0000000010004930        0x2 CMakeFiles/audio.dir/home/tom/Documents/pico/pico-sdk/src/rp2_common/pico_stdio_usb/reset_interface.c.obj
 *fill*         0x0000000010004932        0x2 
 .text.resetd_reset
                0x0000000010004934        0xc CMakeFiles/audio.dir/home/tom/Documents/pico/pico-sdk/src/rp2_common/pico_stdio_usb/reset_interface.c.obj
 .text.resetd_open
                0x0000000010004940       0x34 CMakeFiles/audio.dir/home/tom/Documents/pico/pico-sdk/src/rp2_common/pico_stdio_usb/reset_interface.c.obj
 .text.resetd_xfer_cb
                0x0000000010004974        0x4 CMakeFiles/audio.dir/home/tom/Documents/pico/pico-sdk/src/rp2_common/pico_stdio_usb/reset_interface.c.obj
 .text.reset_usb_boot
                0x0000000010004978       0x18 CMakeFiles/audio.dir/home/tom/Documents/pico/pico-sdk/src/rp2_common/pico_stdio_usb/reset_interface.c.obj
 .text.resetd_control_xfer_cb
                0x0000000010004990       0x5c CMakeFiles/audio.dir/home/tom/Documents/pico/pico-sdk/src/rp2_common/pico_stdio_usb/reset_interface.c.obj
 .text.usbd_app_driver_get_cb
                0x00000000100049ec        0xc CMakeFiles/audio.dir/home/tom/Documents/pico/pico-sdk/src/rp2_common/pico_stdio_usb/reset_interface.c.obj
                0x00000000100049ec                usbd_app_driver_get_cb
 .text.tud_cdc_line_coding_cb
                0x00000000100049f8       0x28 CMakeFiles/audio.dir/home/tom/Documents/pico/pico-sdk/src/rp2_common/pico_stdio_usb/reset_interface.c.obj
                0x00000000100049f8                tud_cdc_line_coding_cb
 .text.stdio_usb_in_chars
                0x0000000010004a20       0x70 CMakeFiles/audio.dir/home/tom/Documents/pico/pico-sdk/src/rp2_common/pico_stdio_usb/stdio_usb.c.obj
                0x0000000010004a20                stdio_usb_in_chars
 .text.low_priority_worker_irq
                0x0000000010004a90       0x20 CMakeFiles/audio.dir/home/tom/Documents/pico/pico-sdk/src/rp2_common/pico_stdio_usb/stdio_usb.c.obj
 .text.stdio_usb_out_chars
                0x0000000010004ab0       0xd4 CMakeFiles/audio.dir/home/tom/Documents/pico/pico-sdk/src/rp2_common/pico_stdio_usb/stdio_usb.c.obj
 .text.timer_task
                0x0000000010004b84       0x40 CMakeFiles/audio.dir/home/tom/Documents/pico/pico-sdk/src/rp2_common/pico_stdio_usb/stdio_usb.c.obj
 .text.usb_irq  0x0000000010004bc4       0x10 CMakeFiles/audio.dir/home/tom/Documents/pico/pico-sdk/src/rp2_common/pico_stdio_usb/stdio_usb.c.obj
 .text.stdio_usb_init
                0x0000000010004bd4       0xec CMakeFiles/audio.dir/home/tom/Documents/pico/pico-sdk/src/rp2_common/pico_stdio_usb/stdio_usb.c.obj
                0x0000000010004bd4                stdio_usb_init
 .text.tud_descriptor_device_cb
                0x0000000010004cc0        0x8 CMakeFiles/audio.dir/home/tom/Documents/pico/pico-sdk/src/rp2_common/pico_stdio_usb/stdio_usb_descriptors.c.obj
                0x0000000010004cc0                tud_descriptor_device_cb
 .text.tud_descriptor_configuration_cb
                0x0000000010004cc8        0x8 CMakeFiles/audio.dir/home/tom/Documents/pico/pico-sdk/src/rp2_common/pico_stdio_usb/stdio_usb_descriptors.c.obj
                0x0000000010004cc8                tud_descriptor_configuration_cb
 .text.tud_descriptor_string_cb
                0x0000000010004cd0       0x6c CMakeFiles/audio.dir/home/tom/Documents/pico/pico-sdk/src/rp2_common/pico_stdio_usb/stdio_usb_descriptors.c.obj
                0x0000000010004cd0                tud_descriptor_string_cb
 .text.hw_endpoint_get_by_addr
                0x0000000010004d3c       0x18 CMakeFiles/audio.dir/home/tom/Documents/pico/pico-sdk/lib/tinyusb/src/portable/raspberrypi/rp2040/dcd_rp2040.c.obj
 .text.reset_ep0_pid
                0x0000000010004d54       0x28 CMakeFiles/audio.dir/home/tom/Documents/pico/pico-sdk/lib/tinyusb/src/portable/raspberrypi/rp2040/dcd_rp2040.c.obj
 .text._hw_endpoint_alloc
                0x0000000010004d7c       0x70 CMakeFiles/audio.dir/home/tom/Documents/pico/pico-sdk/lib/tinyusb/src/portable/raspberrypi/rp2040/dcd_rp2040.c.obj
 .text.hw_endpoint_init
                0x0000000010004dec       0x88 CMakeFiles/audio.dir/home/tom/Documents/pico/pico-sdk/lib/tinyusb/src/portable/raspberrypi/rp2040/dcd_rp2040.c.obj
 .text.reset_non_control_endpoints
                0x0000000010004e74       0x40 CMakeFiles/audio.dir/home/tom/Documents/pico/pico-sdk/lib/tinyusb/src/portable/raspberrypi/rp2040/dcd_rp2040.c.obj
 .text.hw_handle_buff_status
                0x0000000010004eb4       0x8c CMakeFiles/audio.dir/home/tom/Documents/pico/pico-sdk/lib/tinyusb/src/portable/raspberrypi/rp2040/dcd_rp2040.c.obj
 .text.dcd_rp2040_irq
                0x0000000010004f40       0xc0 CMakeFiles/audio.dir/home/tom/Documents/pico/pico-sdk/lib/tinyusb/src/portable/raspberrypi/rp2040/dcd_rp2040.c.obj
 .text.hw_endpoint_xfer
                0x0000000010005000       0x14 CMakeFiles/audio.dir/home/tom/Documents/pico/pico-sdk/lib/tinyusb/src/portable/raspberrypi/rp2040/dcd_rp2040.c.obj
 .text.dcd_int_enable
                0x0000000010005014       0x2c CMakeFiles/audio.dir/home/tom/Documents/pico/pico-sdk/lib/tinyusb/src/portable/raspberrypi/rp2040/dcd_rp2040.c.obj
                0x0000000010005014                dcd_int_enable
 .text.dcd_set_address
                0x0000000010005040       0x2c CMakeFiles/audio.dir/home/tom/Documents/pico/pico-sdk/lib/tinyusb/src/portable/raspberrypi/rp2040/dcd_rp2040.c.obj
                0x0000000010005040                dcd_set_address
 .text.dcd_connect
                0x000000001000506c       0x10 CMakeFiles/audio.dir/home/tom/Documents/pico/pico-sdk/lib/tinyusb/src/portable/raspberrypi/rp2040/dcd_rp2040.c.obj
                0x000000001000506c                dcd_connect
 .text.dcd_init
                0x000000001000507c       0x7c CMakeFiles/audio.dir/home/tom/Documents/pico/pico-sdk/lib/tinyusb/src/portable/raspberrypi/rp2040/dcd_rp2040.c.obj
                0x000000001000507c                dcd_init
 .text.dcd_edpt0_status_complete
                0x00000000100050f8       0x1c CMakeFiles/audio.dir/home/tom/Documents/pico/pico-sdk/lib/tinyusb/src/portable/raspberrypi/rp2040/dcd_rp2040.c.obj
                0x00000000100050f8                dcd_edpt0_status_complete
 .text.dcd_edpt_open
                0x0000000010005114       0x40 CMakeFiles/audio.dir/home/tom/Documents/pico/pico-sdk/lib/tinyusb/src/portable/raspberrypi/rp2040/dcd_rp2040.c.obj
                0x0000000010005114                dcd_edpt_open
 .text.dcd_edpt_close_all
                0x0000000010005154        0x8 CMakeFiles/audio.dir/home/tom/Documents/pico/pico-sdk/lib/tinyusb/src/portable/raspberrypi/rp2040/dcd_rp2040.c.obj
                0x0000000010005154                dcd_edpt_close_all
 .text.dcd_edpt_xfer
                0x000000001000515c       0x30 CMakeFiles/audio.dir/home/tom/Documents/pico/pico-sdk/lib/tinyusb/src/portable/raspberrypi/rp2040/dcd_rp2040.c.obj
                0x000000001000515c                dcd_edpt_xfer
 .text.dcd_edpt_stall
                0x000000001000518c       0x2c CMakeFiles/audio.dir/home/tom/Documents/pico/pico-sdk/lib/tinyusb/src/portable/raspberrypi/rp2040/dcd_rp2040.c.obj
                0x000000001000518c                dcd_edpt_stall
 .text.dcd_edpt_clear_stall
                0x00000000100051b8       0x20 CMakeFiles/audio.dir/home/tom/Documents/pico/pico-sdk/lib/tinyusb/src/portable/raspberrypi/rp2040/dcd_rp2040.c.obj
                0x00000000100051b8                dcd_edpt_clear_stall
 .text.prepare_ep_buffer
                0x00000000100051d8       0x70 CMakeFiles/audio.dir/home/tom/Documents/pico/pico-sdk/lib/tinyusb/src/portable/raspberrypi/rp2040/rp2040_usb.c.obj
 .text.sync_ep_buffer
                0x0000000010005248       0x7c CMakeFiles/audio.dir/home/tom/Documents/pico/pico-sdk/lib/tinyusb/src/portable/raspberrypi/rp2040/rp2040_usb.c.obj
 .text._hw_endpoint_xfer_sync
                0x00000000100052c4       0x28 CMakeFiles/audio.dir/home/tom/Documents/pico/pico-sdk/lib/tinyusb/src/portable/raspberrypi/rp2040/rp2040_usb.c.obj
 .text.rp2040_usb_init
                0x00000000100052ec       0x4c CMakeFiles/audio.dir/home/tom/Documents/pico/pico-sdk/lib/tinyusb/src/portable/raspberrypi/rp2040/rp2040_usb.c.obj
                0x00000000100052ec                rp2040_usb_init
 .text.hw_endpoint_reset_transfer
                0x0000000010005338        0xc CMakeFiles/audio.dir/home/tom/Documents/pico/pico-sdk/lib/tinyusb/src/portable/raspberrypi/rp2040/rp2040_usb.c.obj
                0x0000000010005338                hw_endpoint_reset_transfer
 .text._hw_endpoint_buffer_control_update32
                0x0000000010005344       0x58 CMakeFiles/audio.dir/home/tom/Documents/pico/pico-sdk/lib/tinyusb/src/portable/raspberrypi/rp2040/rp2040_usb.c.obj
                0x0000000010005344                _hw_endpoint_buffer_control_update32
 .text._hw_endpoint_start_next_buffer
                0x000000001000539c       0x74 CMakeFiles/audio.dir/home/tom/Documents/pico/pico-sdk/lib/tinyusb/src/portable/raspberrypi/rp2040/rp2040_usb.c.obj
 .text.hw_endpoint_xfer_start
                0x0000000010005410       0x48 CMakeFiles/audio.dir/home/tom/Documents/pico/pico-sdk/lib/tinyusb/src/portable/raspberrypi/rp2040/rp2040_usb.c.obj
                0x0000000010005410                hw_endpoint_xfer_start
 .text.hw_endpoint_xfer_continue
                0x0000000010005458       0x38 CMakeFiles/audio.dir/home/tom/Documents/pico/pico-sdk/lib/tinyusb/src/portable/raspberrypi/rp2040/rp2040_usb.c.obj
                0x0000000010005458                hw_endpoint_xfer_continue
 .text.configuration_reset
                0x0000000010005490       0x84 CMakeFiles/audio.dir/home/tom/Documents/pico/pico-sdk/lib/tinyusb/src/device/usbd.c.obj
 .text.usbd_reset
                0x0000000010005514        0xc CMakeFiles/audio.dir/home/tom/Documents/pico/pico-sdk/lib/tinyusb/src/device/usbd.c.obj
 .text.invoke_class_control
                0x0000000010005520       0x1a CMakeFiles/audio.dir/home/tom/Documents/pico/pico-sdk/lib/tinyusb/src/device/usbd.c.obj
 *fill*         0x000000001000553a        0x2 
 .text.process_set_config
                0x000000001000553c      0x1b0 CMakeFiles/audio.dir/home/tom/Documents/pico/pico-sdk/lib/tinyusb/src/device/usbd.c.obj
 .text.process_get_descriptor
                0x00000000100056ec       0xec CMakeFiles/audio.dir/home/tom/Documents/pico/pico-sdk/lib/tinyusb/src/device/usbd.c.obj
 .text.tud_mounted
                0x00000000100057d8       0x10 CMakeFiles/audio.dir/home/tom/Documents/pico/pico-sdk/lib/tinyusb/src/device/usbd.c.obj
                0x00000000100057d8                tud_mounted
 .text.tud_suspended
                0x00000000100057e8       0x10 CMakeFiles/audio.dir/home/tom/Documents/pico/pico-sdk/lib/tinyusb/src/device/usbd.c.obj
                0x00000000100057e8                tud_suspended
 .text.tud_inited
                0x00000000100057f8        0xc CMakeFiles/audio.dir/home/tom/Documents/pico/pico-sdk/lib/tinyusb/src/device/usbd.c.obj
                0x00000000100057f8                tud_inited
 .text.tud_init
                0x0000000010005804       0xcc CMakeFiles/audio.dir/home/tom/Documents/pico/pico-sdk/lib/tinyusb/src/device/usbd.c.obj
                0x0000000010005804                tud_init
 .text.dcd_event_handler
                0x00000000100058d0      0x1e0 CMakeFiles/audio.dir/home/tom/Documents/pico/pico-sdk/lib/tinyusb/src/device/usbd.c.obj
                0x00000000100058d0                dcd_event_handler
 .text.dcd_event_bus_signal
                0x0000000010005ab0       0x26 CMakeFiles/audio.dir/home/tom/Documents/pico/pico-sdk/lib/tinyusb/src/device/usbd.c.obj
                0x0000000010005ab0                dcd_event_bus_signal
 .text.dcd_event_bus_reset
                0x0000000010005ad6       0x2a CMakeFiles/audio.dir/home/tom/Documents/pico/pico-sdk/lib/tinyusb/src/device/usbd.c.obj
                0x0000000010005ad6                dcd_event_bus_reset
 .text.dcd_event_setup_received
                0x0000000010005b00       0x34 CMakeFiles/audio.dir/home/tom/Documents/pico/pico-sdk/lib/tinyusb/src/device/usbd.c.obj
                0x0000000010005b00                dcd_event_setup_received
 .text.dcd_event_xfer_complete
                0x0000000010005b34       0x44 CMakeFiles/audio.dir/home/tom/Documents/pico/pico-sdk/lib/tinyusb/src/device/usbd.c.obj
                0x0000000010005b34                dcd_event_xfer_complete
 .text.usbd_edpt_open
                0x0000000010005b78       0x58 CMakeFiles/audio.dir/home/tom/Documents/pico/pico-sdk/lib/tinyusb/src/device/usbd.c.obj
                0x0000000010005b78                usbd_edpt_open
 .text.usbd_open_edpt_pair
                0x0000000010005bd0       0x8c CMakeFiles/audio.dir/home/tom/Documents/pico/pico-sdk/lib/tinyusb/src/device/usbd.c.obj
                0x0000000010005bd0                usbd_open_edpt_pair
 .text.usbd_edpt_claim
                0x0000000010005c5c       0x8c CMakeFiles/audio.dir/home/tom/Documents/pico/pico-sdk/lib/tinyusb/src/device/usbd.c.obj
                0x0000000010005c5c                usbd_edpt_claim
 .text.usbd_edpt_release
                0x0000000010005ce8       0x68 CMakeFiles/audio.dir/home/tom/Documents/pico/pico-sdk/lib/tinyusb/src/device/usbd.c.obj
                0x0000000010005ce8                usbd_edpt_release
 .text.usbd_edpt_xfer
                0x0000000010005d50       0x80 CMakeFiles/audio.dir/home/tom/Documents/pico/pico-sdk/lib/tinyusb/src/device/usbd.c.obj
                0x0000000010005d50                usbd_edpt_xfer
 .text.usbd_edpt_stall
                0x0000000010005dd0       0x40 CMakeFiles/audio.dir/home/tom/Documents/pico/pico-sdk/lib/tinyusb/src/device/usbd.c.obj
                0x0000000010005dd0                usbd_edpt_stall
 .text.usbd_edpt_clear_stall
                0x0000000010005e10       0x40 CMakeFiles/audio.dir/home/tom/Documents/pico/pico-sdk/lib/tinyusb/src/device/usbd.c.obj
                0x0000000010005e10                usbd_edpt_clear_stall
 .text.usbd_edpt_stalled
                0x0000000010005e50       0x1c CMakeFiles/audio.dir/home/tom/Documents/pico/pico-sdk/lib/tinyusb/src/device/usbd.c.obj
                0x0000000010005e50                usbd_edpt_stalled
 .text.process_control_request
                0x0000000010005e6c      0x3b8 CMakeFiles/audio.dir/home/tom/Documents/pico/pico-sdk/lib/tinyusb/src/device/usbd.c.obj
 .text.tud_task
                0x0000000010006224      0x218 CMakeFiles/audio.dir/home/tom/Documents/pico/pico-sdk/lib/tinyusb/src/device/usbd.c.obj
                0x0000000010006224                tud_task
 .text._data_stage_xact
                0x000000001000643c       0x58 CMakeFiles/audio.dir/home/tom/Documents/pico/pico-sdk/lib/tinyusb/src/device/usbd_control.c.obj
 .text.tud_control_status
                0x0000000010006494       0x38 CMakeFiles/audio.dir/home/tom/Documents/pico/pico-sdk/lib/tinyusb/src/device/usbd_control.c.obj
                0x0000000010006494                tud_control_status
 .text.tud_control_xfer
                0x00000000100064cc       0xa8 CMakeFiles/audio.dir/home/tom/Documents/pico/pico-sdk/lib/tinyusb/src/device/usbd_control.c.obj
                0x00000000100064cc                tud_control_xfer
 .text.usbd_control_reset
                0x0000000010006574       0x14 CMakeFiles/audio.dir/home/tom/Documents/pico/pico-sdk/lib/tinyusb/src/device/usbd_control.c.obj
                0x0000000010006574                usbd_control_reset
 .text.usbd_control_set_complete_callback
                0x0000000010006588        0xc CMakeFiles/audio.dir/home/tom/Documents/pico/pico-sdk/lib/tinyusb/src/device/usbd_control.c.obj
                0x0000000010006588                usbd_control_set_complete_callback
 .text.usbd_control_set_request
                0x0000000010006594       0x1c CMakeFiles/audio.dir/home/tom/Documents/pico/pico-sdk/lib/tinyusb/src/device/usbd_control.c.obj
                0x0000000010006594                usbd_control_set_request
 .text.usbd_control_xfer_cb
                0x00000000100065b0       0xfc CMakeFiles/audio.dir/home/tom/Documents/pico/pico-sdk/lib/tinyusb/src/device/usbd_control.c.obj
                0x00000000100065b0                usbd_control_xfer_cb
 .text._prep_out_transaction
                0x00000000100066ac       0x46 CMakeFiles/audio.dir/home/tom/Documents/pico/pico-sdk/lib/tinyusb/src/class/cdc/cdc_device.c.obj
 *fill*         0x00000000100066f2        0x2 
 .text.tud_cdc_n_connected
                0x00000000100066f4       0x44 CMakeFiles/audio.dir/home/tom/Documents/pico/pico-sdk/lib/tinyusb/src/class/cdc/cdc_device.c.obj
                0x00000000100066f4                tud_cdc_n_connected
 .text.tud_cdc_n_available
                0x0000000010006738       0x18 CMakeFiles/audio.dir/home/tom/Documents/pico/pico-sdk/lib/tinyusb/src/class/cdc/cdc_device.c.obj
                0x0000000010006738                tud_cdc_n_available
 .text.tud_cdc_n_read
                0x0000000010006750       0x28 CMakeFiles/audio.dir/home/tom/Documents/pico/pico-sdk/lib/tinyusb/src/class/cdc/cdc_device.c.obj
                0x0000000010006750                tud_cdc_n_read
 .text.tud_cdc_n_write_flush
                0x0000000010006778       0xcc CMakeFiles/audio.dir/home/tom/Documents/pico/pico-sdk/lib/tinyusb/src/class/cdc/cdc_device.c.obj
                0x0000000010006778                tud_cdc_n_write_flush
 .text.tud_cdc_n_write
                0x0000000010006844       0x38 CMakeFiles/audio.dir/home/tom/Documents/pico/pico-sdk/lib/tinyusb/src/class/cdc/cdc_device.c.obj
                0x0000000010006844                tud_cdc_n_write
 .text.tud_cdc_n_write_available
                0x000000001000687c       0x1c CMakeFiles/audio.dir/home/tom/Documents/pico/pico-sdk/lib/tinyusb/src/class/cdc/cdc_device.c.obj
                0x000000001000687c                tud_cdc_n_write_available
 .text.cdcd_init
                0x0000000010006898       0xbc CMakeFiles/audio.dir/home/tom/Documents/pico/pico-sdk/lib/tinyusb/src/class/cdc/cdc_device.c.obj
                0x0000000010006898                cdcd_init
 .text.cdcd_reset
                0x0000000010006954       0x44 CMakeFiles/audio.dir/home/tom/Documents/pico/pico-sdk/lib/tinyusb/src/class/cdc/cdc_device.c.obj
                0x0000000010006954                cdcd_reset
 .text.cdcd_open
                0x0000000010006998       0xf8 CMakeFiles/audio.dir/home/tom/Documents/pico/pico-sdk/lib/tinyusb/src/class/cdc/cdc_device.c.obj
                0x0000000010006998                cdcd_open
 .text.cdcd_control_xfer_cb
                0x0000000010006a90      0x134 CMakeFiles/audio.dir/home/tom/Documents/pico/pico-sdk/lib/tinyusb/src/class/cdc/cdc_device.c.obj
                0x0000000010006a90                cdcd_control_xfer_cb
 .text.cdcd_xfer_cb
                0x0000000010006bc4      0x144 CMakeFiles/audio.dir/home/tom/Documents/pico/pico-sdk/lib/tinyusb/src/class/cdc/cdc_device.c.obj
                0x0000000010006bc4                cdcd_xfer_cb
 .text.tusb_init
                0x0000000010006d08       0x24 CMakeFiles/audio.dir/home/tom/Documents/pico/pico-sdk/lib/tinyusb/src/tusb.c.obj
                0x0000000010006d08                tusb_init
 .text.tusb_inited
                0x0000000010006d2c        0xe CMakeFiles/audio.dir/home/tom/Documents/pico/pico-sdk/lib/tinyusb/src/tusb.c.obj
                0x0000000010006d2c                tusb_inited
 *fill*         0x0000000010006d3a        0x2 
 .text.tu_edpt_validate
                0x0000000010006d3c       0xa8 CMakeFiles/audio.dir/home/tom/Documents/pico/pico-sdk/lib/tinyusb/src/tusb.c.obj
                0x0000000010006d3c                tu_edpt_validate
 .text.tu_edpt_bind_driver
                0x0000000010006de4       0x2a CMakeFiles/audio.dir/home/tom/Documents/pico/pico-sdk/lib/tinyusb/src/tusb.c.obj
                0x0000000010006de4                tu_edpt_bind_driver
 .text.advance_pointer
                0x0000000010006e0e       0x18 CMakeFiles/audio.dir/home/tom/Documents/pico/pico-sdk/lib/tinyusb/src/common/tusb_fifo.c.obj
 .text.backward_pointer
                0x0000000010006e26       0x1e CMakeFiles/audio.dir/home/tom/Documents/pico/pico-sdk/lib/tinyusb/src/common/tusb_fifo.c.obj
 .text.get_relative_pointer
                0x0000000010006e44       0x10 CMakeFiles/audio.dir/home/tom/Documents/pico/pico-sdk/lib/tinyusb/src/common/tusb_fifo.c.obj
 .text._tu_fifo_peek
                0x0000000010006e54       0x50 CMakeFiles/audio.dir/home/tom/Documents/pico/pico-sdk/lib/tinyusb/src/common/tusb_fifo.c.obj
 .text._ff_pull_const_addr
                0x0000000010006ea4       0x4c CMakeFiles/audio.dir/home/tom/Documents/pico/pico-sdk/lib/tinyusb/src/common/tusb_fifo.c.obj
 .text._ff_pull_n
                0x0000000010006ef0      0x10c CMakeFiles/audio.dir/home/tom/Documents/pico/pico-sdk/lib/tinyusb/src/common/tusb_fifo.c.obj
 .text._tu_fifo_peek_n
                0x0000000010006ffc       0x5e CMakeFiles/audio.dir/home/tom/Documents/pico/pico-sdk/lib/tinyusb/src/common/tusb_fifo.c.obj
 .text._tu_fifo_read_n
                0x000000001000705a       0x4e CMakeFiles/audio.dir/home/tom/Documents/pico/pico-sdk/lib/tinyusb/src/common/tusb_fifo.c.obj
 .text._ff_push_const_addr
                0x00000000100070a8       0x40 CMakeFiles/audio.dir/home/tom/Documents/pico/pico-sdk/lib/tinyusb/src/common/tusb_fifo.c.obj
 .text._ff_push_n
                0x00000000100070e8      0x108 CMakeFiles/audio.dir/home/tom/Documents/pico/pico-sdk/lib/tinyusb/src/common/tusb_fifo.c.obj
 .text._tu_fifo_write_n
                0x00000000100071f0       0x9e CMakeFiles/audio.dir/home/tom/Documents/pico/pico-sdk/lib/tinyusb/src/common/tusb_fifo.c.obj
 .text.tu_fifo_config
                0x000000001000728e       0x72 CMakeFiles/audio.dir/home/tom/Documents/pico/pico-sdk/lib/tinyusb/src/common/tusb_fifo.c.obj
                0x000000001000728e                tu_fifo_config
 .text.tu_fifo_count
                0x0000000010007300       0x26 CMakeFiles/audio.dir/home/tom/Documents/pico/pico-sdk/lib/tinyusb/src/common/tusb_fifo.c.obj
                0x0000000010007300                tu_fifo_count
 .text.tu_fifo_empty
                0x0000000010007326       0x10 CMakeFiles/audio.dir/home/tom/Documents/pico/pico-sdk/lib/tinyusb/src/common/tusb_fifo.c.obj
                0x0000000010007326                tu_fifo_empty
 .text.tu_fifo_remaining
                0x0000000010007336       0x20 CMakeFiles/audio.dir/home/tom/Documents/pico/pico-sdk/lib/tinyusb/src/common/tusb_fifo.c.obj
                0x0000000010007336                tu_fifo_remaining
 .text.tu_fifo_read
                0x0000000010007356       0x42 CMakeFiles/audio.dir/home/tom/Documents/pico/pico-sdk/lib/tinyusb/src/common/tusb_fifo.c.obj
                0x0000000010007356                tu_fifo_read
 .text.tu_fifo_read_n
                0x0000000010007398        0xa CMakeFiles/audio.dir/home/tom/Documents/pico/pico-sdk/lib/tinyusb/src/common/tusb_fifo.c.obj
                0x0000000010007398                tu_fifo_read_n
 .text.tu_fifo_write
                0x00000000100073a2       0x6c CMakeFiles/audio.dir/home/tom/Documents/pico/pico-sdk/lib/tinyusb/src/common/tusb_fifo.c.obj
                0x00000000100073a2                tu_fifo_write
 .text.tu_fifo_write_n
                0x000000001000740e        0xa CMakeFiles/audio.dir/home/tom/Documents/pico/pico-sdk/lib/tinyusb/src/common/tusb_fifo.c.obj
                0x000000001000740e                tu_fifo_write_n
 .text.tu_fifo_clear
                0x0000000010007418       0x4c CMakeFiles/audio.dir/home/tom/Documents/pico/pico-sdk/lib/tinyusb/src/common/tusb_fifo.c.obj
                0x0000000010007418                tu_fifo_clear
 .text.tu_fifo_set_overwritable
                0x0000000010007464       0x3c CMakeFiles/audio.dir/home/tom/Documents/pico/pico-sdk/lib/tinyusb/src/common/tusb_fifo.c.obj
                0x0000000010007464                tu_fifo_set_overwritable
 .text._retrieve_unique_id_on_boot
                0x00000000100074a0       0x10 CMakeFiles/audio.dir/home/tom/Documents/pico/pico-sdk/src/rp2_common/pico_unique_id/unique_id.c.obj
 .text.pico_get_unique_board_id_string
                0x00000000100074b0       0x60 CMakeFiles/audio.dir/home/tom/Documents/pico/pico-sdk/src/rp2_common/pico_unique_id/unique_id.c.obj
                0x00000000100074b0                pico_get_unique_board_id_string
 .text.flash_get_unique_id
                0x0000000010007510       0x46 CMakeFiles/audio.dir/home/tom/Documents/pico/pico-sdk/src/rp2_common/hardware_flash/flash.c.obj
                0x0000000010007510                flash_get_unique_id
 *fill*         0x0000000010007556        0x2 
 .text          0x0000000010007558       0x5c /usr/lib/gcc/arm-none-eabi/10.3.1/../../../arm-none-eabi/lib/thumb/v6-m/nofp/libg.a(lib_a-strlen-stub.o)
                0x0000000010007558                strlen
 *(.fini)
 .fini          0x00000000100075b4        0x4 /usr/lib/gcc/arm-none-eabi/10.3.1/thumb/v6-m/nofp/crti.o
                0x00000000100075b4                _fini
 .fini.__stub   0x00000000100075b8       0x70 linker stubs
 *crtbegin.o(.ctors)
 *crtbegin?.o(.ctors)
 *(EXCLUDE_FILE(*crtend.o *crtend?.o) .ctors)
 *(SORT_BY_NAME(.ctors.*))
 *(.ctors)
 *crtbegin.o(.dtors)
 *crtbegin?.o(.dtors)
 *(EXCLUDE_FILE(*crtend.o *crtend?.o) .dtors)
 *(SORT_BY_NAME(.dtors.*))
 *(.dtors)
 *(.eh_frame*)
 .eh_frame      0x0000000010007628        0x0 /usr/lib/gcc/arm-none-eabi/10.3.1/thumb/v6-m/nofp/crtbegin.o
                0x0000000010007628                . = ALIGN (0x4)

.glue_7         0x0000000010007628        0x0
 .glue_7        0x0000000010007628        0x0 linker stubs

.glue_7t        0x0000000010007628        0x0
 .glue_7t       0x0000000010007628        0x0 linker stubs

.vfp11_veneer   0x0000000010007628        0x0
 .vfp11_veneer  0x0000000010007628        0x0 linker stubs

.v4_bx          0x0000000010007628        0x0
 .v4_bx         0x0000000010007628        0x0 linker stubs

.iplt           0x0000000010007628        0x0
 .iplt          0x0000000010007628        0x0 /usr/lib/gcc/arm-none-eabi/10.3.1/thumb/v6-m/nofp/crtbegin.o

.rodata         0x0000000010007628     0x1790
 *(EXCLUDE_FILE(*libm.a: *libc.a:*lib_a-mem*.o *libgcc.a:) .rodata*)
 .rodata.init_audio.str1.4
                0x0000000010007628        0xa CMakeFiles/audio.dir/audio.c.obj
 *fill*         0x0000000010007632        0x2 
 .rodata.main.str1.4
                0x0000000010007634       0x62 CMakeFiles/audio.dir/audio.c.obj
 *fill*         0x0000000010007696        0x2 
 .rodata.spin_lock_claim_unused.str1.4
                0x0000000010007698       0x1b CMakeFiles/audio.dir/home/tom/Documents/pico/pico-sdk/src/rp2_common/hardware_sync/sync.c.obj
 *fill*         0x00000000100076b3        0x1 
 .rodata.make_branch.str1.4
                0x00000000100076b4       0x74 CMakeFiles/audio.dir/home/tom/Documents/pico/pico-sdk/src/rp2_common/hardware_irq/irq.c.obj
 .rodata.insert_branch_and_link.str1.4
                0x0000000010007728       0x10 CMakeFiles/audio.dir/home/tom/Documents/pico/pico-sdk/src/rp2_common/hardware_irq/irq.c.obj
 .rodata.irq_set_exclusive_handler.str1.4
                0x0000000010007738       0x36 CMakeFiles/audio.dir/home/tom/Documents/pico/pico-sdk/src/rp2_common/hardware_irq/irq.c.obj
 *fill*         0x000000001000776e        0x2 
 .rodata.irq_add_shared_handler.str1.4
                0x0000000010007770       0xd9 CMakeFiles/audio.dir/home/tom/Documents/pico/pico-sdk/src/rp2_common/hardware_irq/irq.c.obj
 *fill*         0x0000000010007849        0x3 
 .rodata.irq_remove_handler.str1.4
                0x000000001000784c       0x2a CMakeFiles/audio.dir/home/tom/Documents/pico/pico-sdk/src/rp2_common/hardware_irq/irq.c.obj
 *fill*         0x0000000010007876        0x2 
 .rodata.irq_add_tail_to_free_list.str1.4
                0x0000000010007878       0x3a CMakeFiles/audio.dir/home/tom/Documents/pico/pico-sdk/src/rp2_common/hardware_irq/irq.c.obj
 *fill*         0x00000000100078b2        0x2 
 .rodata.user_irq_claim_unused.str1.4
                0x00000000100078b4       0x1b CMakeFiles/audio.dir/home/tom/Documents/pico/pico-sdk/src/rp2_common/hardware_irq/irq.c.obj
 *fill*         0x00000000100078cf        0x1 
 .rodata.__func__.0
                0x00000000100078d0       0x1a CMakeFiles/audio.dir/home/tom/Documents/pico/pico-sdk/src/rp2_common/hardware_irq/irq.c.obj
 *fill*         0x00000000100078ea        0x2 
 .rodata.__func__.1
                0x00000000100078ec       0x17 CMakeFiles/audio.dir/home/tom/Documents/pico/pico-sdk/src/rp2_common/hardware_irq/irq.c.obj
 *fill*         0x0000000010007903        0x1 
 .rodata.__func__.2
                0x0000000010007904       0x13 CMakeFiles/audio.dir/home/tom/Documents/pico/pico-sdk/src/rp2_common/hardware_irq/irq.c.obj
 *fill*         0x0000000010007917        0x1 
 .rodata.__func__.3
                0x0000000010007918        0xc CMakeFiles/audio.dir/home/tom/Documents/pico/pico-sdk/src/rp2_common/hardware_irq/irq.c.obj
 .rodata.__func__.4
                0x0000000010007924        0xf CMakeFiles/audio.dir/home/tom/Documents/pico/pico-sdk/src/rp2_common/hardware_irq/irq.c.obj
 *fill*         0x0000000010007933        0x1 
 .rodata.__func__.5
                0x0000000010007934       0x17 CMakeFiles/audio.dir/home/tom/Documents/pico/pico-sdk/src/rp2_common/hardware_irq/irq.c.obj
 *fill*         0x000000001000794b        0x1 
 .rodata.__func__.6
                0x000000001000794c       0x1a CMakeFiles/audio.dir/home/tom/Documents/pico/pico-sdk/src/rp2_common/hardware_irq/irq.c.obj
 *fill*         0x0000000010007966        0x2 
 .rodata.repeating_timer_callback.str1.4
                0x0000000010007968       0x52 CMakeFiles/audio.dir/home/tom/Documents/pico/pico-sdk/src/common/pico_time/time.c.obj
 *fill*         0x00000000100079ba        0x2 
 .rodata.alarm_pool_dump_key.str1.4
                0x00000000100079bc       0x33 CMakeFiles/audio.dir/home/tom/Documents/pico/pico-sdk/src/common/pico_time/time.c.obj
 *fill*         0x00000000100079ef        0x1 
 .rodata.ph_add_child_node.str1.4
                0x00000000100079f0       0x9e CMakeFiles/audio.dir/home/tom/Documents/pico/pico-sdk/src/common/pico_time/time.c.obj
 *fill*         0x0000000010007a8e        0x2 
 .rodata.add_alarm_under_lock.str1.4
                0x0000000010007a90       0x28 CMakeFiles/audio.dir/home/tom/Documents/pico/pico-sdk/src/common/pico_time/time.c.obj
                                         0x2b (size before relaxing)
 .rodata.alarm_pool_alarm_callback.str1.4
                0x0000000010007ab8       0xea CMakeFiles/audio.dir/home/tom/Documents/pico/pico-sdk/src/common/pico_time/time.c.obj
 *fill*         0x0000000010007ba2        0x2 
 .rodata.alarm_pool_get_default.str1.4
                0x0000000010007ba4       0x21 CMakeFiles/audio.dir/home/tom/Documents/pico/pico-sdk/src/common/pico_time/time.c.obj
 *fill*         0x0000000010007bc5        0x3 
 .rodata.alarm_pool_cancel_alarm.str1.4
                0x0000000010007bc8       0x27 CMakeFiles/audio.dir/home/tom/Documents/pico/pico-sdk/src/common/pico_time/time.c.obj
 *fill*         0x0000000010007bef        0x1 
 .rodata.__func__.1
                0x0000000010007bf0       0x18 CMakeFiles/audio.dir/home/tom/Documents/pico/pico-sdk/src/common/pico_time/time.c.obj
 .rodata.__func__.10
                0x0000000010007c08       0x15 CMakeFiles/audio.dir/home/tom/Documents/pico/pico-sdk/src/common/pico_time/time.c.obj
 *fill*         0x0000000010007c1d        0x3 
 .rodata.__func__.11
                0x0000000010007c20       0x1a CMakeFiles/audio.dir/home/tom/Documents/pico/pico-sdk/src/common/pico_time/time.c.obj
 *fill*         0x0000000010007c3a        0x2 
 .rodata.__func__.12
                0x0000000010007c3c        0xa CMakeFiles/audio.dir/home/tom/Documents/pico/pico-sdk/src/common/pico_time/time.c.obj
 *fill*         0x0000000010007c46        0x2 
 .rodata.__func__.3
                0x0000000010007c48       0x17 CMakeFiles/audio.dir/home/tom/Documents/pico/pico-sdk/src/common/pico_time/time.c.obj
 *fill*         0x0000000010007c5f        0x1 
 .rodata.__func__.4
                0x0000000010007c60       0x12 CMakeFiles/audio.dir/home/tom/Documents/pico/pico-sdk/src/common/pico_time/time.c.obj
 *fill*         0x0000000010007c72        0x2 
 .rodata.__func__.5
                0x0000000010007c74        0xd CMakeFiles/audio.dir/home/tom/Documents/pico/pico-sdk/src/common/pico_time/time.c.obj
 *fill*         0x0000000010007c81        0x3 
 .rodata.__func__.6
                0x0000000010007c84       0x12 CMakeFiles/audio.dir/home/tom/Documents/pico/pico-sdk/src/common/pico_time/time.c.obj
 *fill*         0x0000000010007c96        0x2 
 .rodata.__func__.7
                0x0000000010007c98        0xf CMakeFiles/audio.dir/home/tom/Documents/pico/pico-sdk/src/common/pico_time/time.c.obj
 *fill*         0x0000000010007ca7        0x1 
 .rodata.__func__.8
                0x0000000010007ca8        0xc CMakeFiles/audio.dir/home/tom/Documents/pico/pico-sdk/src/common/pico_time/time.c.obj
 .rodata.__func__.9
                0x0000000010007cb4       0x15 CMakeFiles/audio.dir/home/tom/Documents/pico/pico-sdk/src/common/pico_time/time.c.obj
 *fill*         0x0000000010007cc9        0x3 
 .rodata.hardware_alarm_claim.str1.4
                0x0000000010007ccc       0x22 CMakeFiles/audio.dir/home/tom/Documents/pico/pico-sdk/src/rp2_common/hardware_timer/timer.c.obj
 *fill*         0x0000000010007cee        0x2 
 .rodata.hardware_alarm_set_target.str1.4
                0x0000000010007cf0       0x6c CMakeFiles/audio.dir/home/tom/Documents/pico/pico-sdk/src/rp2_common/hardware_timer/timer.c.obj
 .rodata.__func__.0
                0x0000000010007d5c       0x1a CMakeFiles/audio.dir/home/tom/Documents/pico/pico-sdk/src/rp2_common/hardware_timer/timer.c.obj
 .rodata.ph_add_child_node.str1.4
                0x0000000010007d76       0x9e CMakeFiles/audio.dir/home/tom/Documents/pico/pico-sdk/src/common/pico_util/pheap.c.obj
 *fill*         0x0000000010007d76        0x2 
 .rodata.ph_remove_any_head.str1.4
                0x0000000010007d78       0x94 CMakeFiles/audio.dir/home/tom/Documents/pico/pico-sdk/src/common/pico_util/pheap.c.obj
 .rodata.ph_remove_and_free_node.str1.4
                0x0000000010007e0c       0x1e CMakeFiles/audio.dir/home/tom/Documents/pico/pico-sdk/src/common/pico_util/pheap.c.obj
                                         0x26 (size before relaxing)
 *fill*         0x0000000010007e2a        0x2 
 .rodata.__func__.0
                0x0000000010007e2c       0x18 CMakeFiles/audio.dir/home/tom/Documents/pico/pico-sdk/src/common/pico_util/pheap.c.obj
 .rodata.__func__.1
                0x0000000010007e44       0x13 CMakeFiles/audio.dir/home/tom/Documents/pico/pico-sdk/src/common/pico_util/pheap.c.obj
 *fill*         0x0000000010007e57        0x1 
 .rodata.__func__.2
                0x0000000010007e58       0x12 CMakeFiles/audio.dir/home/tom/Documents/pico/pico-sdk/src/common/pico_util/pheap.c.obj
 *fill*         0x0000000010007e6a        0x2 
 .rodata.__func__.3
                0x0000000010007e6c        0xc CMakeFiles/audio.dir/home/tom/Documents/pico/pico-sdk/src/common/pico_util/pheap.c.obj
 .rodata.str1.4
                0x0000000010007e78       0x91 CMakeFiles/audio.dir/home/tom/Documents/pico/pico-sdk/src/common/pico_sync/mutex.c.obj
                                         0xf9 (size before relaxing)
 *fill*         0x0000000010007f09        0x3 
 .rodata.__func__.1
                0x0000000010007f0c        0xb CMakeFiles/audio.dir/home/tom/Documents/pico/pico-sdk/src/common/pico_sync/mutex.c.obj
 *fill*         0x0000000010007f17        0x1 
 .rodata.__func__.3
                0x0000000010007f18       0x18 CMakeFiles/audio.dir/home/tom/Documents/pico/pico-sdk/src/common/pico_sync/mutex.c.obj
 .rodata.__func__.4
                0x0000000010007f30       0x15 CMakeFiles/audio.dir/home/tom/Documents/pico/pico-sdk/src/common/pico_sync/mutex.c.obj
 *fill*         0x0000000010007f45        0x3 
 .rodata.__assert_func.str1.4
                0x0000000010007f48       0x3f CMakeFiles/audio.dir/home/tom/Documents/pico/pico-sdk/src/rp2_common/pico_runtime/runtime.c.obj
                                         0x43 (size before relaxing)
 *fill*         0x0000000010007f87        0x1 
 .rodata.runtime_init.str1.4
                0x0000000010007f88       0x68 CMakeFiles/audio.dir/home/tom/Documents/pico/pico-sdk/src/rp2_common/pico_runtime/runtime.c.obj
 .rodata.panic.str1.4
                0x0000000010007ff0       0x10 CMakeFiles/audio.dir/home/tom/Documents/pico/pico-sdk/src/rp2_common/pico_runtime/runtime.c.obj
                                         0x12 (size before relaxing)
 .rodata.__func__.1
                0x0000000010008000        0xd CMakeFiles/audio.dir/home/tom/Documents/pico/pico-sdk/src/rp2_common/pico_runtime/runtime.c.obj
 *fill*         0x000000001000800d        0x3 
 .rodata.clock_configure.str1.4
                0x0000000010008010       0x5e CMakeFiles/audio.dir/home/tom/Documents/pico/pico-sdk/src/rp2_common/hardware_clocks/clocks.c.obj
 *fill*         0x000000001000806e        0x2 
 .rodata.__func__.1
                0x0000000010008070       0x10 CMakeFiles/audio.dir/home/tom/Documents/pico/pico-sdk/src/rp2_common/hardware_clocks/clocks.c.obj
 .rodata.pll_init.str1.4
                0x0000000010008080      0x13f CMakeFiles/audio.dir/home/tom/Documents/pico/pico-sdk/src/rp2_common/hardware_pll/pll.c.obj
 *fill*         0x00000000100081bf        0x1 
 .rodata.__func__.0
                0x00000000100081c0        0x9 CMakeFiles/audio.dir/home/tom/Documents/pico/pico-sdk/src/rp2_common/hardware_pll/pll.c.obj
 *fill*         0x00000000100081c9        0x3 
 .rodata._ftoa.str1.4
                0x00000000100081cc       0x15 CMakeFiles/audio.dir/home/tom/Documents/pico/pico-sdk/src/rp2_common/pico_printf/printf.c.obj
 *fill*         0x00000000100081e1        0x3 
 .rodata._vsnprintf
                0x00000000100081e4      0x1e0 CMakeFiles/audio.dir/home/tom/Documents/pico/pico-sdk/src/rp2_common/pico_printf/printf.c.obj
 *fill*         0x00000000100083c4        0x4 
 .rodata.pow10.0
                0x00000000100083c8       0x50 CMakeFiles/audio.dir/home/tom/Documents/pico/pico-sdk/src/rp2_common/pico_printf/printf.c.obj
 .rodata.__aeabi_double_init.str1.4
                0x0000000010008418       0xaf CMakeFiles/audio.dir/home/tom/Documents/pico/pico-sdk/src/rp2_common/pico_double/double_init_rom.c.obj
 *fill*         0x00000000100084c7        0x1 
 .rodata.__func__.0
                0x00000000100084c8       0x14 CMakeFiles/audio.dir/home/tom/Documents/pico/pico-sdk/src/rp2_common/pico_double/double_init_rom.c.obj
 .rodata.__aeabi_float_init.str1.4
                0x00000000100084dc       0x81 CMakeFiles/audio.dir/home/tom/Documents/pico/pico-sdk/src/rp2_common/pico_float/float_init_rom.c.obj
                                         0x85 (size before relaxing)
 *fill*         0x000000001000855d        0x3 
 .rodata.__func__.0
                0x0000000010008560       0x13 CMakeFiles/audio.dir/home/tom/Documents/pico/pico-sdk/src/rp2_common/pico_float/float_init_rom.c.obj
 *fill*         0x0000000010008573        0x1 
 .rodata.str1.4
                0x0000000010008574       0x3c CMakeFiles/audio.dir/home/tom/Documents/pico/pico-sdk/src/rp2_common/pico_standard_link/binary_info.c.obj
 .rodata.__bi_44
                0x00000000100085b0        0xc CMakeFiles/audio.dir/home/tom/Documents/pico/pico-sdk/src/rp2_common/pico_standard_link/binary_info.c.obj
 .rodata.__bi_75
                0x00000000100085bc        0xc CMakeFiles/audio.dir/home/tom/Documents/pico/pico-sdk/src/rp2_common/pico_standard_link/binary_info.c.obj
 .rodata.__bi_81
                0x00000000100085c8        0xc CMakeFiles/audio.dir/home/tom/Documents/pico/pico-sdk/src/rp2_common/pico_standard_link/binary_info.c.obj
 .rodata.crlf_str.3
                0x00000000100085d4        0x2 CMakeFiles/audio.dir/home/tom/Documents/pico/pico-sdk/src/rp2_common/pico_stdio/stdio.c.obj
 *fill*         0x00000000100085d6        0x2 
 .rodata.str1.4
                0x00000000100085d8       0x2c CMakeFiles/audio.dir/home/tom/Documents/pico/pico-sdk/src/rp2_common/pico_stdio_uart/stdio_uart.c.obj
 .rodata.__bi_28.4
                0x0000000010008604        0xc CMakeFiles/audio.dir/home/tom/Documents/pico/pico-sdk/src/rp2_common/pico_stdio_uart/stdio_uart.c.obj
 .rodata.__bi_29.5
                0x0000000010008610        0x8 CMakeFiles/audio.dir/home/tom/Documents/pico/pico-sdk/src/rp2_common/pico_stdio_uart/stdio_uart.c.obj
 .rodata._resetd_driver
                0x0000000010008618       0x18 CMakeFiles/audio.dir/home/tom/Documents/pico/pico-sdk/src/rp2_common/pico_stdio_usb/reset_interface.c.obj
 .rodata.timer_task.str1.4
                0x0000000010008630       0x74 CMakeFiles/audio.dir/home/tom/Documents/pico/pico-sdk/src/rp2_common/pico_stdio_usb/stdio_usb.c.obj
 .rodata.stdio_usb_init.str1.4
                0x00000000100086a4       0x68 CMakeFiles/audio.dir/home/tom/Documents/pico/pico-sdk/src/rp2_common/pico_stdio_usb/stdio_usb.c.obj
 .rodata.str1.4
                0x00000000100086a4       0x13 CMakeFiles/audio.dir/home/tom/Documents/pico/pico-sdk/src/rp2_common/pico_stdio_usb/stdio_usb.c.obj
 *fill*         0x00000000100086b7        0x1 
 .rodata.__bi_118.2
                0x00000000100086b8        0xc CMakeFiles/audio.dir/home/tom/Documents/pico/pico-sdk/src/rp2_common/pico_stdio_usb/stdio_usb.c.obj
 .rodata.__func__.0
                0x00000000100086c4       0x15 CMakeFiles/audio.dir/home/tom/Documents/pico/pico-sdk/src/rp2_common/pico_stdio_usb/stdio_usb.c.obj
 *fill*         0x00000000100086d9        0x3 
 .rodata.__func__.1
                0x00000000100086dc        0xb CMakeFiles/audio.dir/home/tom/Documents/pico/pico-sdk/src/rp2_common/pico_stdio_usb/stdio_usb.c.obj
 *fill*         0x00000000100086e7        0x1 
 .rodata.str1.4
                0x00000000100086e8       0x2a CMakeFiles/audio.dir/home/tom/Documents/pico/pico-sdk/src/rp2_common/pico_stdio_usb/stdio_usb_descriptors.c.obj
 *fill*         0x0000000010008712        0x2 
 .rodata.usbd_desc_cfg
                0x0000000010008714       0x54 CMakeFiles/audio.dir/home/tom/Documents/pico/pico-sdk/src/rp2_common/pico_stdio_usb/stdio_usb_descriptors.c.obj
 .rodata.usbd_desc_device
                0x0000000010008768       0x12 CMakeFiles/audio.dir/home/tom/Documents/pico/pico-sdk/src/rp2_common/pico_stdio_usb/stdio_usb_descriptors.c.obj
 *fill*         0x000000001000877a        0x2 
 .rodata.usbd_desc_str
                0x000000001000877c       0x18 CMakeFiles/audio.dir/home/tom/Documents/pico/pico-sdk/src/rp2_common/pico_stdio_usb/stdio_usb_descriptors.c.obj
 .rodata._hw_endpoint_alloc.str1.4
                0x0000000010008794       0xbd CMakeFiles/audio.dir/home/tom/Documents/pico/pico-sdk/lib/tinyusb/src/portable/raspberrypi/rp2040/dcd_rp2040.c.obj
 *fill*         0x0000000010008851        0x3 
 .rodata.dcd_rp2040_irq.str1.4
                0x0000000010008854       0x14 CMakeFiles/audio.dir/home/tom/Documents/pico/pico-sdk/lib/tinyusb/src/portable/raspberrypi/rp2040/dcd_rp2040.c.obj
 .rodata.dcd_int_enable.str1.4
                0x0000000010008868        0xc CMakeFiles/audio.dir/home/tom/Documents/pico/pico-sdk/lib/tinyusb/src/portable/raspberrypi/rp2040/dcd_rp2040.c.obj
 .rodata.__func__.0
                0x0000000010008874        0xe CMakeFiles/audio.dir/home/tom/Documents/pico/pico-sdk/lib/tinyusb/src/portable/raspberrypi/rp2040/dcd_rp2040.c.obj
 *fill*         0x0000000010008882        0x2 
 .rodata.__func__.1
                0x0000000010008884        0xe CMakeFiles/audio.dir/home/tom/Documents/pico/pico-sdk/lib/tinyusb/src/portable/raspberrypi/rp2040/dcd_rp2040.c.obj
 *fill*         0x0000000010008892        0x2 
 .rodata.__func__.3
                0x0000000010008894       0x10 CMakeFiles/audio.dir/home/tom/Documents/pico/pico-sdk/lib/tinyusb/src/portable/raspberrypi/rp2040/dcd_rp2040.c.obj
 .rodata.__func__.5
                0x00000000100088a4        0xf CMakeFiles/audio.dir/home/tom/Documents/pico/pico-sdk/lib/tinyusb/src/portable/raspberrypi/rp2040/dcd_rp2040.c.obj
 *fill*         0x00000000100088b3        0x1 
 .rodata.__func__.6
                0x00000000100088b4       0x13 CMakeFiles/audio.dir/home/tom/Documents/pico/pico-sdk/lib/tinyusb/src/portable/raspberrypi/rp2040/dcd_rp2040.c.obj
 *fill*         0x00000000100088c7        0x1 
 .rodata.__func__.7
                0x00000000100088c8        0x9 CMakeFiles/audio.dir/home/tom/Documents/pico/pico-sdk/lib/tinyusb/src/portable/raspberrypi/rp2040/dcd_rp2040.c.obj
 *fill*         0x00000000100088d1        0x3 
 .rodata.sync_ep_buffer.str1.4
                0x00000000100088d4       0x99 CMakeFiles/audio.dir/home/tom/Documents/pico/pico-sdk/lib/tinyusb/src/portable/raspberrypi/rp2040/rp2040_usb.c.obj
 *fill*         0x000000001000896d        0x3 
 .rodata._hw_endpoint_buffer_control_update32.str1.4
                0x0000000010008970       0x1f CMakeFiles/audio.dir/home/tom/Documents/pico/pico-sdk/lib/tinyusb/src/portable/raspberrypi/rp2040/rp2040_usb.c.obj
 *fill*         0x000000001000898f        0x1 
 .rodata.hw_endpoint_xfer_start.str1.4
                0x0000000010008990       0x38 CMakeFiles/audio.dir/home/tom/Documents/pico/pico-sdk/lib/tinyusb/src/portable/raspberrypi/rp2040/rp2040_usb.c.obj
 .rodata.hw_endpoint_xfer_continue.str1.4
                0x00000000100089c8       0x29 CMakeFiles/audio.dir/home/tom/Documents/pico/pico-sdk/lib/tinyusb/src/portable/raspberrypi/rp2040/rp2040_usb.c.obj
 .rodata.str1.4
                0x00000000100089f1       0x29 CMakeFiles/audio.dir/home/tom/Documents/pico/pico-sdk/lib/tinyusb/src/portable/raspberrypi/rp2040/rp2040_usb.c.obj
                                          0x7 (size before relaxing)
 *fill*         0x00000000100089f1        0x3 
 .rodata.__func__.0
                0x00000000100089f4        0xf CMakeFiles/audio.dir/home/tom/Documents/pico/pico-sdk/lib/tinyusb/src/portable/raspberrypi/rp2040/rp2040_usb.c.obj
 *fill*         0x0000000010008a03        0x1 
 .rodata.process_set_config.str1.4
                0x0000000010008a04       0x17 CMakeFiles/audio.dir/home/tom/Documents/pico/pico-sdk/lib/tinyusb/src/device/usbd.c.obj
 *fill*         0x0000000010008a1b        0x1 
 .rodata.process_get_descriptor
                0x0000000010008a1c       0x40 CMakeFiles/audio.dir/home/tom/Documents/pico/pico-sdk/lib/tinyusb/src/device/usbd.c.obj
 .rodata.process_control_request
                0x0000000010008a5c       0x28 CMakeFiles/audio.dir/home/tom/Documents/pico/pico-sdk/lib/tinyusb/src/device/usbd.c.obj
 .rodata.tud_task
                0x0000000010008a84       0x24 CMakeFiles/audio.dir/home/tom/Documents/pico/pico-sdk/lib/tinyusb/src/device/usbd.c.obj
 .rodata.__func__.2
                0x0000000010008aa8        0xf CMakeFiles/audio.dir/home/tom/Documents/pico/pico-sdk/lib/tinyusb/src/device/usbd.c.obj
 *fill*         0x0000000010008ab7        0x1 
 .rodata.__func__.3
                0x0000000010008ab8        0xf CMakeFiles/audio.dir/home/tom/Documents/pico/pico-sdk/lib/tinyusb/src/device/usbd.c.obj
 *fill*         0x0000000010008ac7        0x1 
 .rodata.__func__.4
                0x0000000010008ac8       0x14 CMakeFiles/audio.dir/home/tom/Documents/pico/pico-sdk/lib/tinyusb/src/device/usbd.c.obj
 .rodata.__func__.5
                0x0000000010008adc       0x10 CMakeFiles/audio.dir/home/tom/Documents/pico/pico-sdk/lib/tinyusb/src/device/usbd.c.obj
 .rodata.__func__.6
                0x0000000010008aec       0x17 CMakeFiles/audio.dir/home/tom/Documents/pico/pico-sdk/lib/tinyusb/src/device/usbd.c.obj
 *fill*         0x0000000010008b03        0x1 
 .rodata.__func__.7
                0x0000000010008b04       0x13 CMakeFiles/audio.dir/home/tom/Documents/pico/pico-sdk/lib/tinyusb/src/device/usbd.c.obj
 *fill*         0x0000000010008b17        0x1 
 .rodata.__func__.8
                0x0000000010008b18       0x18 CMakeFiles/audio.dir/home/tom/Documents/pico/pico-sdk/lib/tinyusb/src/device/usbd.c.obj
 .rodata.__func__.9
                0x0000000010008b30        0x9 CMakeFiles/audio.dir/home/tom/Documents/pico/pico-sdk/lib/tinyusb/src/device/usbd.c.obj
 *fill*         0x0000000010008b39        0x3 
 .rodata._usbd_driver
                0x0000000010008b3c       0x18 CMakeFiles/audio.dir/home/tom/Documents/pico/pico-sdk/lib/tinyusb/src/device/usbd.c.obj
 .rodata.tud_control_xfer.str1.4
                0x0000000010008b54       0x17 CMakeFiles/audio.dir/home/tom/Documents/pico/pico-sdk/lib/tinyusb/src/device/usbd_control.c.obj
 .rodata.__func__.0
                0x0000000010008b54       0x15 CMakeFiles/audio.dir/home/tom/Documents/pico/pico-sdk/lib/tinyusb/src/device/usbd_control.c.obj
 *fill*         0x0000000010008b69        0x3 
 .rodata.__func__.1
                0x0000000010008b6c       0x11 CMakeFiles/audio.dir/home/tom/Documents/pico/pico-sdk/lib/tinyusb/src/device/usbd_control.c.obj
 .rodata.tud_cdc_n_write_flush.str1.4
                0x0000000010008b7d       0x17 CMakeFiles/audio.dir/home/tom/Documents/pico/pico-sdk/lib/tinyusb/src/class/cdc/cdc_device.c.obj
 *fill*         0x0000000010008b7d        0x3 
 .rodata.__func__.0
                0x0000000010008b80        0xd CMakeFiles/audio.dir/home/tom/Documents/pico/pico-sdk/lib/tinyusb/src/class/cdc/cdc_device.c.obj
 *fill*         0x0000000010008b8d        0x3 
 .rodata.__func__.1
                0x0000000010008b90        0xa CMakeFiles/audio.dir/home/tom/Documents/pico/pico-sdk/lib/tinyusb/src/class/cdc/cdc_device.c.obj
 *fill*         0x0000000010008b9a        0x2 
 .rodata.__func__.2
                0x0000000010008b9c       0x16 CMakeFiles/audio.dir/home/tom/Documents/pico/pico-sdk/lib/tinyusb/src/class/cdc/cdc_device.c.obj
 .rodata.tusb_init.str1.4
                0x0000000010008bb2       0x17 CMakeFiles/audio.dir/home/tom/Documents/pico/pico-sdk/lib/tinyusb/src/tusb.c.obj
 *fill*         0x0000000010008bb2        0x2 
 .rodata.__func__.0
                0x0000000010008bb4       0x11 CMakeFiles/audio.dir/home/tom/Documents/pico/pico-sdk/lib/tinyusb/src/tusb.c.obj
 *fill*         0x0000000010008bc5        0x3 
 .rodata.__func__.1
                0x0000000010008bc8        0xa CMakeFiles/audio.dir/home/tom/Documents/pico/pico-sdk/lib/tinyusb/src/tusb.c.obj
 *fill*         0x0000000010008bd2        0x2 
 .rodata.pico_get_unique_board_id_string.str1.4
                0x0000000010008bd4       0x54 CMakeFiles/audio.dir/home/tom/Documents/pico/pico-sdk/src/rp2_common/pico_unique_id/unique_id.c.obj
 .rodata.__func__.0
                0x0000000010008c28       0x20 CMakeFiles/audio.dir/home/tom/Documents/pico/pico-sdk/src/rp2_common/pico_unique_id/unique_id.c.obj
 .rodata.str1.4
                0x0000000010008c48      0x15e CMakeFiles/audio.dir/home/tom/Documents/pico/pico-sdk/src/rp2_common/hardware_flash/flash.c.obj
 *fill*         0x0000000010008da6        0x2 
 .rodata.__func__.0
                0x0000000010008da8        0xd CMakeFiles/audio.dir/home/tom/Documents/pico/pico-sdk/src/rp2_common/hardware_flash/flash.c.obj
                0x0000000010008db8                . = ALIGN (0x4)
 *fill*         0x0000000010008db5        0x3 
 *(SORT_BY_ALIGNMENT(SORT_BY_NAME(.flashdata*)))
                0x0000000010008db8                . = ALIGN (0x4)

.rel.dyn        0x0000000010008db8        0x0
 .rel.iplt      0x0000000010008db8        0x0 /usr/lib/gcc/arm-none-eabi/10.3.1/thumb/v6-m/nofp/crtbegin.o

.ARM.extab
 *(.ARM.extab* .gnu.linkonce.armextab.*)
                0x0000000010008db8                __exidx_start = .

.ARM.exidx
 *(.ARM.exidx* .gnu.linkonce.armexidx.*)
                0x0000000010008db8                __exidx_end = .
                0x0000000010008db8                . = ALIGN (0x4)
                0x0000000010008db8                __binary_info_start = .

.binary_info    0x0000000010008db8       0x28
 *(.binary_info.keep.*)
 .binary_info.keep.__bi_ptr22
                0x0000000010008db8        0x4 CMakeFiles/audio.dir/home/tom/Documents/pico/pico-sdk/src/rp2_common/pico_standard_link/binary_info.c.obj
 .binary_info.keep.__bi_ptr30
                0x0000000010008dbc        0x4 CMakeFiles/audio.dir/home/tom/Documents/pico/pico-sdk/src/rp2_common/pico_standard_link/binary_info.c.obj
 .binary_info.keep.__bi_ptr38
                0x0000000010008dc0        0x4 CMakeFiles/audio.dir/home/tom/Documents/pico/pico-sdk/src/rp2_common/pico_standard_link/binary_info.c.obj
 .binary_info.keep.__bi_ptr44
                0x0000000010008dc4        0x4 CMakeFiles/audio.dir/home/tom/Documents/pico/pico-sdk/src/rp2_common/pico_standard_link/binary_info.c.obj
 .binary_info.keep.__bi_ptr50
                0x0000000010008dc8        0x4 CMakeFiles/audio.dir/home/tom/Documents/pico/pico-sdk/src/rp2_common/pico_standard_link/binary_info.c.obj
 .binary_info.keep.__bi_ptr75
                0x0000000010008dcc        0x4 CMakeFiles/audio.dir/home/tom/Documents/pico/pico-sdk/src/rp2_common/pico_standard_link/binary_info.c.obj
 .binary_info.keep.__bi_ptr81
                0x0000000010008dd0        0x4 CMakeFiles/audio.dir/home/tom/Documents/pico/pico-sdk/src/rp2_common/pico_standard_link/binary_info.c.obj
 *(.binary_info.*)
 .binary_info.__bi_ptr28
                0x0000000010008dd4        0x4 CMakeFiles/audio.dir/home/tom/Documents/pico/pico-sdk/src/rp2_common/pico_stdio_uart/stdio_uart.c.obj
 .binary_info.__bi_ptr29
                0x0000000010008dd8        0x4 CMakeFiles/audio.dir/home/tom/Documents/pico/pico-sdk/src/rp2_common/pico_stdio_uart/stdio_uart.c.obj
 .binary_info.__bi_ptr118
                0x0000000010008ddc        0x4 CMakeFiles/audio.dir/home/tom/Documents/pico/pico-sdk/src/rp2_common/pico_stdio_usb/stdio_usb.c.obj
                0x0000000010008de0                __binary_info_end = .
                0x0000000010008de0                . = ALIGN (0x4)
                0x0000000010008de0                __etext = .

.ram_vector_table
                0x0000000020000000       0xc0
 *(.ram_vector_table)
 .ram_vector_table
                0x0000000020000000       0xc0 CMakeFiles/audio.dir/home/tom/Documents/pico/pico-sdk/src/rp2_common/pico_runtime/runtime.c.obj
                0x0000000020000000                ram_vector_table

.data           0x00000000200000c0     0xec74 load address 0x0000000010008de0
                0x00000000200000c0                __data_start__ = .
 *(vtable)
 *(.time_critical*)
 .time_critical.mutex_enter_blocking
                0x00000000200000c0       0x48 CMakeFiles/audio.dir/home/tom/Documents/pico/pico-sdk/src/common/pico_sync/mutex.c.obj
                0x00000000200000c0                mutex_enter_blocking
 .time_critical.mutex_try_enter
                0x0000000020000108       0x46 CMakeFiles/audio.dir/home/tom/Documents/pico/pico-sdk/src/common/pico_sync/mutex.c.obj
                0x0000000020000108                mutex_try_enter
 *fill*         0x000000002000014e        0x2 
 .time_critical.mutex_enter_block_until
                0x0000000020000150       0x8c CMakeFiles/audio.dir/home/tom/Documents/pico/pico-sdk/src/common/pico_sync/mutex.c.obj
                0x0000000020000150                mutex_enter_block_until
 .time_critical.mutex_enter_timeout_ms
                0x00000000200001dc       0x74 CMakeFiles/audio.dir/home/tom/Documents/pico/pico-sdk/src/common/pico_sync/mutex.c.obj
                0x00000000200001dc                mutex_enter_timeout_ms
 .time_critical.mutex_exit
                0x0000000020000250       0x4c CMakeFiles/audio.dir/home/tom/Documents/pico/pico-sdk/src/common/pico_sync/mutex.c.obj
                0x0000000020000250                mutex_exit
 .time_critical.flash_init_boot2_copyout
                0x000000002000029c       0x30 CMakeFiles/audio.dir/home/tom/Documents/pico/pico-sdk/src/rp2_common/hardware_flash/flash.c.obj
 .time_critical.flash_enable_xip_via_boot2
                0x00000000200002cc       0x10 CMakeFiles/audio.dir/home/tom/Documents/pico/pico-sdk/src/rp2_common/hardware_flash/flash.c.obj
 .time_critical.flash_cs_force
                0x00000000200002dc       0x28 CMakeFiles/audio.dir/home/tom/Documents/pico/pico-sdk/src/rp2_common/hardware_flash/flash.c.obj
 .time_critical.flash_do_cmd
                0x0000000020000304       0xd8 CMakeFiles/audio.dir/home/tom/Documents/pico/pico-sdk/src/rp2_common/hardware_flash/flash.c.obj
                0x0000000020000304                flash_do_cmd
 *(.text*)
 .text          0x00000000200003dc        0x4 /usr/lib/gcc/arm-none-eabi/10.3.1/thumb/v6-m/nofp/libgcc.a(_dvmd_tls.o)
                0x00000000200003dc                __aeabi_ldiv0
                0x00000000200003dc                __aeabi_idiv0
 .text.__stub   0x00000000200003e0       0x40 linker stubs
                0x0000000020000420                . = ALIGN (0x4)
 *(.rodata*)
                0x0000000020000420                . = ALIGN (0x4)
 *(.data*)
 .data.DATA     0x0000000020000420     0xe809 CMakeFiles/audio.dir/audio.c.obj
                0x0000000020000420                DATA
 .data.striped_spin_lock_num